Archive member included to satisfy reference by file (symbol)

c:/program files (x86)/atmel/studio/7.0/toolchain/avr8/avr8-gnu-toolchain/bin/../lib/gcc/avr/5.4.0/../../../../avr/lib/avrxmega6\libprintf_flt.a(vfprintf_flt.o)
                              (vfprintf)
c:/program files (x86)/atmel/studio/7.0/toolchain/avr8/avr8-gnu-toolchain/bin/../lib/gcc/avr/5.4.0/../../../../avr/lib/avrxmega6\libscanf_flt.a(vfscanf_flt.o)
                              (vfscanf)
c:/program files (x86)/atmel/studio/7.0/toolchain/avr8/avr8-gnu-toolchain/bin/../lib/gcc/avr/5.4.0/../../../../avr/lib/avrxmega6\libm.a(acos.o)
                              ../src/matrix_utils.o (acos)
c:/program files (x86)/atmel/studio/7.0/toolchain/avr8/avr8-gnu-toolchain/bin/../lib/gcc/avr/5.4.0/../../../../avr/lib/avrxmega6\libm.a(addsf3.o)
                              ../src/firefly_sync.o (__subsf3)
c:/program files (x86)/atmel/studio/7.0/toolchain/avr8/avr8-gnu-toolchain/bin/../lib/gcc/avr/5.4.0/../../../../avr/lib/avrxmega6\libm.a(addsf3x.o)
                              c:/program files (x86)/atmel/studio/7.0/toolchain/avr8/avr8-gnu-toolchain/bin/../lib/gcc/avr/5.4.0/../../../../avr/lib/avrxmega6\libm.a(acos.o) (__addsf3x)
c:/program files (x86)/atmel/studio/7.0/toolchain/avr8/avr8-gnu-toolchain/bin/../lib/gcc/avr/5.4.0/../../../../avr/lib/avrxmega6\libm.a(atan2.o)
                              ../src/range_algs.o (atan2)
c:/program files (x86)/atmel/studio/7.0/toolchain/avr8/avr8-gnu-toolchain/bin/../lib/gcc/avr/5.4.0/../../../../avr/lib/avrxmega6\libm.a(atan.o)
                              c:/program files (x86)/atmel/studio/7.0/toolchain/avr8/avr8-gnu-toolchain/bin/../lib/gcc/avr/5.4.0/../../../../avr/lib/avrxmega6\libm.a(atan2.o) (atan)
c:/program files (x86)/atmel/studio/7.0/toolchain/avr8/avr8-gnu-toolchain/bin/../lib/gcc/avr/5.4.0/../../../../avr/lib/avrxmega6\libm.a(cmpsf2.o)
                              ../src/matrix_utils.o (__eqsf2)
c:/program files (x86)/atmel/studio/7.0/toolchain/avr8/avr8-gnu-toolchain/bin/../lib/gcc/avr/5.4.0/../../../../avr/lib/avrxmega6\libm.a(cos.o)
                              ../src/localization.o (cos)
c:/program files (x86)/atmel/studio/7.0/toolchain/avr8/avr8-gnu-toolchain/bin/../lib/gcc/avr/5.4.0/../../../../avr/lib/avrxmega6\libm.a(divsf3.o)
                              ../src/firefly_sync.o (__divsf3)
c:/program files (x86)/atmel/studio/7.0/toolchain/avr8/avr8-gnu-toolchain/bin/../lib/gcc/avr/5.4.0/../../../../avr/lib/avrxmega6\libm.a(divsf3x.o)
                              c:/program files (x86)/atmel/studio/7.0/toolchain/avr8/avr8-gnu-toolchain/bin/../lib/gcc/avr/5.4.0/../../../../avr/lib/avrxmega6\libm.a(divsf3.o) (__divsf3x)
c:/program files (x86)/atmel/studio/7.0/toolchain/avr8/avr8-gnu-toolchain/bin/../lib/gcc/avr/5.4.0/../../../../avr/lib/avrxmega6\libm.a(exp.o)
                              ../src/range_algs.o (exp)
c:/program files (x86)/atmel/studio/7.0/toolchain/avr8/avr8-gnu-toolchain/bin/../lib/gcc/avr/5.4.0/../../../../avr/lib/avrxmega6\libm.a(fixsfsi.o)
                              ../src/localization.o (__fixsfsi)
c:/program files (x86)/atmel/studio/7.0/toolchain/avr8/avr8-gnu-toolchain/bin/../lib/gcc/avr/5.4.0/../../../../avr/lib/avrxmega6\libm.a(fixunssfsi.o)
                              ../src/firefly_sync.o (__fixunssfsi)
c:/program files (x86)/atmel/studio/7.0/toolchain/avr8/avr8-gnu-toolchain/bin/../lib/gcc/avr/5.4.0/../../../../avr/lib/avrxmega6\libm.a(floatsisf.o)
                              ../src/firefly_sync.o (__floatunsisf)
c:/program files (x86)/atmel/studio/7.0/toolchain/avr8/avr8-gnu-toolchain/bin/../lib/gcc/avr/5.4.0/../../../../avr/lib/avrxmega6\libm.a(floor.o)
                              ../src/localization.o (floor)
c:/program files (x86)/atmel/studio/7.0/toolchain/avr8/avr8-gnu-toolchain/bin/../lib/gcc/avr/5.4.0/../../../../avr/lib/avrxmega6\libm.a(fmod.o)
                              ../src/localization.o (fmod)
c:/program files (x86)/atmel/studio/7.0/toolchain/avr8/avr8-gnu-toolchain/bin/../lib/gcc/avr/5.4.0/../../../../avr/lib/avrxmega6\libm.a(fp_arccos.o)
                              c:/program files (x86)/atmel/studio/7.0/toolchain/avr8/avr8-gnu-toolchain/bin/../lib/gcc/avr/5.4.0/../../../../avr/lib/avrxmega6\libm.a(acos.o) (__fp_arccos)
c:/program files (x86)/atmel/studio/7.0/toolchain/avr8/avr8-gnu-toolchain/bin/../lib/gcc/avr/5.4.0/../../../../avr/lib/avrxmega6\libm.a(fp_cmp.o)
                              c:/program files (x86)/atmel/studio/7.0/toolchain/avr8/avr8-gnu-toolchain/bin/../lib/gcc/avr/5.4.0/../../../../avr/lib/avrxmega6\libm.a(cmpsf2.o) (__fp_cmp)
c:/program files (x86)/atmel/studio/7.0/toolchain/avr8/avr8-gnu-toolchain/bin/../lib/gcc/avr/5.4.0/../../../../avr/lib/avrxmega6\libm.a(fp_inf.o)
                              c:/program files (x86)/atmel/studio/7.0/toolchain/avr8/avr8-gnu-toolchain/bin/../lib/gcc/avr/5.4.0/../../../../avr/lib/avrxmega6\libm.a(addsf3x.o) (__fp_inf)
[...]
Memory Configuration

Name             Origin             Length             Attributes
text             0x00000000         0x00100000         xr
data             0x00802000         0x0000ffa0         rw !x
eeprom           0x00810000         0x00010000         rw !x
fuse             0x00820000         0x00000006         rw !x
lock             0x00830000         0x00000400         rw !x
signature        0x00840000         0x00000400         rw !x
user_signatures  0x00850000         0x00000400         rw !x
*default*        0x00000000         0xffffffff

Linker script and memory map

LOAD C:/Program Files (x86)/Atmel/Studio/7.0/Packs/atmel/XMEGAA_DFP/1.1.68/gcc/dev/atxmega128a3u/avrxmega6/crtatxmega128a3u.o
LOAD ../user_template.o
LOAD ../src/droplet_base.o
LOAD ../src/droplet_init.o
LOAD ../src/eeprom_driver.o
LOAD ../src/firefly_sync.o
LOAD ../src/flash_api.o
LOAD ../src/i2c.o
LOAD ../src/ir_comm.o
LOAD ../src/ir_led.o
LOAD ../src/ir_sensor.o
LOAD ../src/localization.o
LOAD ../src/matrix_utils.o
LOAD ../src/mic.o
LOAD ../src/motor.o
LOAD ../src/pc_comm.o
LOAD ../src/power.o
LOAD ../src/random.o
LOAD ../src/range_algs.o
LOAD ../src/rgb_led.o
LOAD ../src/rgb_sensor.o
LOAD ../src/scheduler.o
LOAD ../src/serial_handler.o
LOAD ../src/speaker.o
LOAD ../src/droplet_base_asm.o
LOAD ../src/flash_api_asm.o
LOAD ../src/sp_driver.o
LOAD c:/program files (x86)/atmel/studio/7.0/toolchain/avr8/avr8-gnu-toolchain/bin/../lib/gcc/avr/5.4.0/../../../../avr/lib/avrxmega6\libprintf_flt.a
LOAD c:/program files (x86)/atmel/studio/7.0/toolchain/avr8/avr8-gnu-toolchain/bin/../lib/gcc/avr/5.4.0/../../../../avr/lib/avrxmega6\libscanf_flt.a
LOAD c:/program files (x86)/atmel/studio/7.0/toolchain/avr8/avr8-gnu-toolchain/bin/../lib/gcc/avr/5.4.0/../../../../avr/lib/avrxmega6\libm.a
Address of section .BOOT set to 0x20000
START GROUP
LOAD c:/program files (x86)/atmel/studio/7.0/toolchain/avr8/avr8-gnu-toolchain/bin/../lib/gcc/avr/5.4.0/avrxmega6\libgcc.a
LOAD c:/program files (x86)/atmel/studio/7.0/toolchain/avr8/avr8-gnu-toolchain/bin/../lib/gcc/avr/5.4.0/../../../../avr/lib/avrxmega6\libm.a
LOAD c:/program files (x86)/atmel/studio/7.0/toolchain/avr8/avr8-gnu-toolchain/bin/../lib/gcc/avr/5.4.0/../../../../avr/lib/avrxmega6\libc.a
LOAD C:/Program Files (x86)/Atmel/Studio/7.0/Packs/atmel/XMEGAA_DFP/1.1.68/gcc/dev/atxmega128a3u/avrxmega6\libatxmega128a3u.a
END GROUP
                0x00100000                __TEXT_REGION_LENGTH__ = DEFINED (__TEXT_REGION_LENGTH__)?__TEXT_REGION_LENGTH__:0x100000
                0x0000ffa0                __DATA_REGION_LENGTH__ = DEFINED (__DATA_REGION_LENGTH__)?__DATA_REGION_LENGTH__:0xffa0
                0x00010000                __EEPROM_REGION_LENGTH__ = DEFINED (__EEPROM_REGION_LENGTH__)?__EEPROM_REGION_LENGTH__:0x10000
                [0x00000006]                __FUSE_REGION_LENGTH__ = DEFINED (__FUSE_REGION_LENGTH__)?__FUSE_REGION_LENGTH__:0x400
                0x00000400                __LOCK_REGION_LENGTH__ = DEFINED (__LOCK_REGION_LENGTH__)?__LOCK_REGION_LENGTH__:0x400
                0x00000400                __SIGNATURE_REGION_LENGTH__ = DEFINED (__SIGNATURE_REGION_LENGTH__)?__SIGNATURE_REGION_LENGTH__:0x400
                0x00000400                __USER_SIGNATURE_REGION_LENGTH__ = DEFINED (__USER_SIGNATURE_REGION_LENGTH__)?__USER_SIGNATURE_REGION_LENGTH__:0x400

.hash
 *(.hash)

.dynsym
 *(.dynsym)

.dynstr
 *(.dynstr)

.gnu.version
 *(.gnu.version)

.gnu.version_d
 *(.gnu.version_d)

.gnu.version_r
 *(.gnu.version_r)

.rel.init
 *(.rel.init)

.rela.init
 *(.rela.init)

.rel.text
 *(.rel.text)
 *(.rel.text.*)
 *(.rel.gnu.linkonce.t*)

.rela.text
 *(.rela.text)
 *(.rela.text.*)
 *(.rela.gnu.linkonce.t*)

.rel.fini
 *(.rel.fini)

.rela.fini
 *(.rela.fini)

.rel.rodata
 *(.rel.rodata)
 *(.rel.rodata.*)
 *(.rel.gnu.linkonce.r*)

.rela.rodata
 *(.rela.rodata)
 *(.rela.rodata.*)
 *(.rela.gnu.linkonce.r*)

.rel.data
 *(.rel.data)
 *(.rel.data.*)
 *(.rel.gnu.linkonce.d*)

.rela.data
 *(.rela.data)
 *(.rela.data.*)
 *(.rela.gnu.linkonce.d*)

.rel.ctors
 *(.rel.ctors)

.rela.ctors
 *(.rela.ctors)

.rel.dtors
 *(.rel.dtors)

.rela.dtors
 *(.rela.dtors)

.rel.got
 *(.rel.got)

.rela.got
 *(.rela.got)

.rel.bss
 *(.rel.bss)

.rela.bss
 *(.rela.bss)

.rel.plt
 *(.rel.plt)

.rela.plt
 *(.rela.plt)

.text           0x00000000     0x9d42
 *(.vectors)
 .vectors       0x00000000      0x1fc C:/Program Files (x86)/Atmel/Studio/7.0/Packs/atmel/XMEGAA_DFP/1.1.68/gcc/dev/atxmega128a3u/avrxmega6/crtatxmega128a3u.o
                0x00000000                __vector_default
                0x00000000                __vectors
 *(.vectors)
 *(.progmem.gcc*)
 .progmem.gcc_sw_table.irTransmit
                0x000001fc        0xe ../src/ir_comm.o
 .progmem.gcc_sw_table.irReceive
                0x0000020a        0xe ../src/ir_comm.o
 .progmem.gcc_fplib
                0x00000218       0x2d c:/program files (x86)/atmel/studio/7.0/toolchain/avr8/avr8-gnu-toolchain/bin/../lib/gcc/avr/5.4.0/../../../../avr/lib/avrxmega6\libm.a(atan.o)
 .progmem.gcc_fplib
                0x00000245       0x28 c:/program files (x86)/atmel/studio/7.0/toolchain/avr8/avr8-gnu-toolchain/bin/../lib/gcc/avr/5.4.0/../../../../avr/lib/avrxmega6\libm.a(exp.o)
 .progmem.gcc_fplib
                0x0000026d       0x1e c:/program files (x86)/atmel/studio/7.0/toolchain/avr8/avr8-gnu-toolchain/bin/../lib/gcc/avr/5.4.0/../../../../avr/lib/avrxmega6\libm.a(fp_sinus.o)
 .progmem.gcc_fplib
                0x0000028b       0x5a c:/program files (x86)/atmel/studio/7.0/toolchain/avr8/avr8-gnu-toolchain/bin/../lib/gcc/avr/5.4.0/../../../../avr/lib/avrxmega6\libm.a(log.o)
                0x000002e6                . = ALIGN (0x2)
 *fill*         0x000002e5        0x1 
                0x000002e6                __trampolines_start = .
 *(.trampolines)
 .trampolines   0x000002e6       0x64 linker stubs
 *(.trampolines*)
                0x0000034a                __trampolines_end = .
 *libprintf_flt.a:*(.progmem.data)
 .progmem.data  0x0000034a        0x8 c:/program files (x86)/atmel/studio/7.0/toolchain/avr8/avr8-gnu-toolchain/bin/../lib/gcc/avr/5.4.0/../../../../avr/lib/avrxmega6\libprintf_flt.a(vfprintf_flt.o)
 *libc.a:*(.progmem.data)
 .progmem.data  0x00000352       0xfa c:/program files (x86)/atmel/studio/7.0/toolchain/avr8/avr8-gnu-toolchain/bin/../lib/gcc/avr/5.4.0/../../../../avr/lib/avrxmega6\libc.a(ftoa_engine.o)
 *(.progmem*)
 .progmem.data.__c.5334
                0x0000044c       0x28 ../src/droplet_init.o
 .progmem.data.__c.5328
                0x00000474       0x69 ../src/droplet_init.o
 .progmem.data.__c.5321
                0x000004dd       0x45 ../src/droplet_init.o
 .progmem.data.__c.4802
                0x00000522       0x15 ../src/i2c.o
 .progmem.data.__c.4769
                0x00000537       0x17 ../src/i2c.o
 .progmem.data.__c.4767
                0x0000054e       0x14 ../src/i2c.o
 .progmem.data.__c.5315
                0x00000562       0x6e ../src/ir_comm.o
 .progmem.data.__c.5313
                0x000005d0       0x57 ../src/ir_comm.o
 .progmem.data.__c.5311
                0x00000627       0x39 ../src/ir_comm.o
 .progmem.data.__c.5234
                0x00000660       0x28 ../src/ir_comm.o
 .progmem.data.__c.5207
                0x00000688       0x29 ../src/ir_comm.o
 .progmem.data.__c.4740
                0x000006b1       0x35 ../src/ir_led.o
 .progmem.data.__c.5201
                0x000006e6       0x2c ../src/ir_sensor.o
 .progmem.data.__c.5009
                0x00000712        0xa ../src/motor.o
 .progmem.data.__c.5006
                0x0000071c       0x19 ../src/motor.o
 .progmem.data.__c.4993
                0x00000735        0xb ../src/motor.o
 .progmem.data.__c.4990
                0x00000740        0xf ../src/motor.o
 .progmem.data.__c.4945
                0x0000074f       0x3e ../src/motor.o
 .progmem.data.__c.4941
                0x0000078d       0x3a ../src/motor.o
 .progmem.data.__c.4934
                0x000007c7       0x2a ../src/motor.o
 .progmem.data.__c.4927
                0x000007f1       0x3a ../src/motor.o
 .progmem.data.__c.5154
                0x0000082b       0x43 ../src/pc_comm.o
 .progmem.data.__c.5312
                0x0000086e       0x37 ../src/range_algs.o
 .progmem.data.__c.5208
                0x000008a5       0x21 ../src/range_algs.o
 .progmem.data.__c.4917
                0x000008c6       0x3e ../src/scheduler.o
 .progmem.data.__c.4912
                0x00000904       0x3d ../src/scheduler.o
 .progmem.data.__c.4897
                0x00000941       0x3b ../src/scheduler.o
 .progmem.data.__c.4892
                0x0000097c       0x39 ../src/scheduler.o
 .progmem.data.__c.4876
                0x000009b5       0x3e ../src/scheduler.o
 .progmem.data.__c.4874
                0x000009f3       0x29 ../src/scheduler.o
 .progmem.data.__c.4848
                0x00000a1c       0x41 ../src/scheduler.o
 .progmem.data.__c.4846
                0x00000a5d       0x27 ../src/scheduler.o
 .progmem.data.__c.4832
                0x00000a84       0x30 ../src/scheduler.o
 .progmem.data.__c.4830
                0x00000ab4       0x59 ../src/scheduler.o
 .progmem.data.__c.4828
                0x00000b0d       0x68 ../src/scheduler.o
 .progmem.data.__c.4791
                0x00000b75       0x61 ../src/scheduler.o
 .progmem.data.__c.4766
                0x00000bd6       0x44 ../src/scheduler.o
 .progmem.data.__c.5361
                0x00000c1a       0x3d ../src/serial_handler.o
 .progmem.data.__c.5356
                0x00000c57       0x34 ../src/serial_handler.o
 .progmem.data.__c.5347
                0x00000c8b       0x2c ../src/serial_handler.o
 .progmem.data.__c.5342
                0x00000cb7       0x11 ../src/serial_handler.o
 .progmem.data.__c.5310
                0x00000cc8       0x48 ../src/serial_handler.o
 .progmem.data.__c.5308
                0x00000d10       0x25 ../src/serial_handler.o
 .progmem.data.__c.5306
                0x00000d35       0x26 ../src/serial_handler.o
 .progmem.data.__c.5304
                0x00000d5b       0x25 ../src/serial_handler.o
 .progmem.data.__c.5302
                0x00000d80       0x1b ../src/serial_handler.o
 .progmem.data.__c.5299
                0x00000d9b       0x25 ../src/serial_handler.o
 .progmem.data.__c.5289
                0x00000dc0       0x3d ../src/serial_handler.o
 .progmem.data.__c.5287
                0x00000dfd       0x25 ../src/serial_handler.o
 .progmem.data.__c.5285
                0x00000e22       0x26 ../src/serial_handler.o
 .progmem.data.__c.5283
                0x00000e48       0x25 ../src/serial_handler.o
 .progmem.data.__c.5281
                0x00000e6d       0x1b ../src/serial_handler.o
 .progmem.data.__c.5278
                0x00000e88       0x25 ../src/serial_handler.o
 .progmem.data.__c.5259
                0x00000ead       0x19 ../src/serial_handler.o
 .progmem.data.__c.5244
                0x00000ec6       0x23 ../src/serial_handler.o
 .progmem.data.__c.5226
                0x00000ee9       0x15 ../src/serial_handler.o
 .progmem.data.__c.5224
                0x00000efe       0x15 ../src/serial_handler.o
 .progmem.data.__c.5222
                0x00000f13        0x6 ../src/serial_handler.o
 .progmem.data.__c.5220
                0x00000f19        0x6 ../src/serial_handler.o
 .progmem.data.__c.5218
                0x00000f1f        0x4 ../src/serial_handler.o
 .progmem.data.__c.5216
                0x00000f23        0x8 ../src/serial_handler.o
 .progmem.data.__c.5214
                0x00000f2b        0x4 ../src/serial_handler.o
 .progmem.data.__c.5212
                0x00000f2f        0x8 ../src/serial_handler.o
 .progmem.data.__c.5210
                0x00000f37        0x4 ../src/serial_handler.o
 .progmem.data.__c.5208
                0x00000f3b        0xd ../src/serial_handler.o
 .progmem.data.__c.5206
                0x00000f48        0x7 ../src/serial_handler.o
 .progmem.data.__c.5204
                0x00000f4f        0x8 ../src/serial_handler.o
 .progmem.data.__c.5202
                0x00000f57        0x6 ../src/serial_handler.o
 .progmem.data.__c.5200
                0x00000f5d       0x12 ../src/serial_handler.o
 .progmem.data.__c.5198
                0x00000f6f        0xb ../src/serial_handler.o
 .progmem.data.__c.5196
                0x00000f7a        0xb ../src/serial_handler.o
 .progmem.data.__c.5194
                0x00000f85        0xa ../src/serial_handler.o
 .progmem.data.__c.5192
                0x00000f8f        0x5 ../src/serial_handler.o
 .progmem.data.__c.5190
                0x00000f94        0x7 ../src/serial_handler.o
 .progmem.data.__c.5188
                0x00000f9b        0x8 ../src/serial_handler.o
 .progmem.data.__c.5186
                0x00000fa3        0x5 ../src/serial_handler.o
 .progmem.data.__c.5184
                0x00000fa8        0xb ../src/serial_handler.o
 .progmem.data.CMD_NOT_RECOGNIZED_STR
                0x00000fb3       0x22 ../src/serial_handler.o
 .progmem.data  0x00000fd5       0x4d c:/program files (x86)/atmel/studio/7.0/toolchain/avr8/avr8-gnu-toolchain/bin/../lib/gcc/avr/5.4.0/../../../../avr/lib/avrxmega6\libscanf_flt.a(vfscanf_flt.o)
                0x00001022                . = ALIGN (0x2)
 *(.jumptables)
 *(.jumptables*)
 *(.lowtext)
 *(.lowtext*)
                0x00001022                __ctors_start = .
 *(.ctors)
                0x00001022                __ctors_end = .
                0x00001022                __dtors_start = .
 *(.dtors)
                0x00001022                __dtors_end = .
 SORT(*)(.ctors)
 SORT(*)(.dtors)
 *(.init0)
 .init0         0x00001022        0x0 C:/Program Files (x86)/Atmel/Studio/7.0/Packs/atmel/XMEGAA_DFP/1.1.68/gcc/dev/atxmega128a3u/avrxmega6/crtatxmega128a3u.o
                0x00001022                __init
 *(.init0)
 *(.init1)
 *(.init1)
 *(.init2)
 .init2         0x00001022       0x10 C:/Program Files (x86)/Atmel/Studio/7.0/Packs/atmel/XMEGAA_DFP/1.1.68/gcc/dev/atxmega128a3u/avrxmega6/crtatxmega128a3u.o
 *(.init2)
 *(.init3)
 *(.init3)
 *(.init4)
 .init4         0x00001032       0x1a c:/program files (x86)/atmel/studio/7.0/toolchain/avr8/avr8-gnu-toolchain/bin/../lib/gcc/avr/5.4.0/avrxmega6\libgcc.a(_copy_data.o)
                0x00001032                __do_copy_data
 .init4         0x0000104c       0x10 c:/program files (x86)/atmel/studio/7.0/toolchain/avr8/avr8-gnu-toolchain/bin/../lib/gcc/avr/5.4.0/avrxmega6\libgcc.a(_clear_bss.o)
                0x0000104c                __do_clear_bss
 *(.init4)
 *(.init5)
 *(.init5)
 *(.init6)
 *(.init6)
 *(.init7)
 *(.init7)
 *(.init8)
 *(.init8)
 *(.init9)
 .init9         0x0000105c        0x8 C:/Program Files (x86)/Atmel/Studio/7.0/Packs/atmel/XMEGAA_DFP/1.1.68/gcc/dev/atxmega128a3u/avrxmega6/crtatxmega128a3u.o
 *(.init9)
 *(.text)
 .text          0x00001064        0x4 C:/Program Files (x86)/Atmel/Studio/7.0/Packs/atmel/XMEGAA_DFP/1.1.68/gcc/dev/atxmega128a3u/avrxmega6/crtatxmega128a3u.o
                0x00001064                __vector_38
                0x00001064                __vector_104
                0x00001064                __vector_22
                0x00001064                __vector_67
                0x00001064                __vector_1
                0x00001064                __vector_32
                0x00001064                __vector_75
                0x00001064                __vector_71
                0x00001064                __vector_34
                0x00001064                __vector_77
                0x00001064                __vector_102
                0x00001064                __vector_24
                0x00001064                __vector_12
                0x00001064                __vector_55
                0x00001064                __vector_69
                0x00001064                __vector_81
                0x00001064                __bad_interrupt
                0x00001064                __vector_122
                0x00001064                __vector_72
                0x00001064                __vector_114
                0x00001064                __vector_6
                0x00001064                __vector_110
                0x00001064                __vector_31
                0x00001064                __vector_92
                0x00001064                __vector_35
                0x00001064                __vector_78
                0x00001064                __vector_74
                0x00001064                __vector_117
                0x00001064                __vector_39
                0x00001064                __vector_107
                0x00001064                __vector_3
                0x00001064                __vector_105
                0x00001064                __vector_98
                0x00001064                __vector_23
                0x00001064                __vector_68
                0x00001064                __vector_73
                0x00001064                __vector_45
                0x00001064                __vector_93
                0x00001064                __vector_54
                0x00001064                __vector_99
                0x00001064                __vector_13
                0x00001064                __vector_17
                0x00001064                __vector_19
                0x00001064                __vector_56
                0x00001064                __vector_7
                0x00001064                __vector_125
                0x00001064                __vector_123
                0x00001064                __vector_41
                0x00001064                __vector_86
                0x00001064                __vector_100
                0x00001064                __vector_101
                0x00001064                __vector_64
                0x00001064                __vector_109
                0x00001064                __vector_43
                0x00001064                __vector_5
                0x00001064                __vector_113
                0x00001064                __vector_33
                0x00001064                __vector_76
                0x00001064                __vector_115
                0x00001064                __vector_52
                0x00001064                __vector_37
                0x00001064                __vector_95
                0x00001064                __vector_103
                0x00001064                __vector_96
                0x00001064                __vector_108
                0x00001064                __vector_4
                0x00001064                __vector_44
                0x00001064                __vector_82
                0x00001064                __vector_106
                0x00001064                __vector_118
                0x00001064                __vector_51
                0x00001064                __vector_9
                0x00001064                __vector_2
                0x00001064                __vector_21
                0x00001064                __vector_15
                0x00001064                __vector_66
                0x00001064                __vector_36
                0x00001064                __vector_79
                0x00001064                __vector_70
                0x00001064                __vector_83
                0x00001064                __vector_40
                0x00001064                __vector_85
                0x00001064                __vector_94
                0x00001064                __vector_126
                0x00001064                __vector_8
                0x00001064                __vector_48
                0x00001064                __vector_124
                0x00001064                __vector_116
                0x00001064                __vector_112
                0x00001064                __vector_111
                0x00001064                __vector_80
                0x00001064                __vector_14
                0x00001064                __vector_84
                0x00001064                __vector_57
                0x00001064                __vector_53
                0x00001064                __vector_16
                0x00001064                __vector_18
                0x00001064                __vector_97
                0x00001064                __vector_20
                0x00001064                __vector_42
                0x00001064                __vector_87
                0x00001064                __vector_65
 .text          0x00001068       0x18 ../src/droplet_base_asm.o
                0x00001068                getTime
                0x00001080                . = ALIGN (0x2)
 *(.text.*)
 .text.init     0x00001080       0x12 ../user_template.o
                0x00001080                init
 .text.loop     0x00001092        0x8 ../user_template.o
                0x00001092                loop
 .text.handleMsg
                0x0000109a        0x2 ../user_template.o
                0x0000109a                handleMsg
 .text.delayMS  0x0000109c       0x4a ../src/droplet_base.o
                0x0000109c                delayMS
 .text.startupLightSequence
                0x000010e6       0xae ../src/droplet_init.o
                0x000010e6                startupLightSequence
 .text.startup.main
                0x00001194      0x348 ../src/droplet_init.o
                0x00001194                main
 .text.EEPROM_read_byte
                0x000014dc       0x32 ../src/eeprom_driver.o
                0x000014dc                EEPROM_read_byte
 .text.EEPROM_write_byte
                0x0000150e       0x56 ../src/eeprom_driver.o
                0x0000150e                EEPROM_write_byte
 .text.processObsQueue
                0x00001564      0x10c ../src/firefly_sync.o
                0x00001564                processObsQueue
 .text.sendPing
                0x00001670       0x24 ../src/firefly_sync.o
                0x00001670                sendPing
 .text.__vector_49
                0x00001694       0x7c ../src/firefly_sync.o
                0x00001694                __vector_49
 .text.__vector_50
                0x00001710       0x5c ../src/firefly_sync.o
                0x00001710                __vector_50
 .text.fireflySyncInit
                0x0000176c       0x6e ../src/firefly_sync.o
                0x0000176c                fireflySyncInit
 .text.__vector_47
                0x000017da      0x172 ../src/firefly_sync.o
                0x000017da                __vector_47
 .text.waitForTWIReady
                0x0000194c       0xbe ../src/i2c.o
 .text.TWI_MasterWriteRead.part.0
                0x00001a0a       0x92 ../src/i2c.o
 .text.i2cInit  0x00001a9c       0x32 ../src/i2c.o
                0x00001a9c                i2cInit
 .text.twiWriteWrapper
                0x00001ace       0x6a ../src/i2c.o
                0x00001ace                twiWriteWrapper
 .text.__vector_46
                0x00001b38      0x126 ../src/i2c.o
                0x00001b38                __vector_46
 .text.irTransmitComplete
                0x00001c5e       0x5a ../src/ir_comm.o
 .text.handleCmdWrapper
                0x00001cb8       0x70 ../src/ir_comm.o
                0x00001cb8                handleCmdWrapper
 .text.irTransmit
                0x00001d28      0x21e ../src/ir_comm.o
 .text.irCommInit
                0x00001f46       0xd2 ../src/ir_comm.o
                0x00001f46                irCommInit
 .text.send_msg
                0x00002018      0x242 ../src/ir_comm.o
                0x00002018                send_msg
 .text.irIsBusy
                0x0000225a       0xe4 ../src/ir_comm.o
                0x0000225a                irIsBusy
 .text.all_ir_sends
                0x0000233e      0x168 ../src/ir_comm.o
 .text.irTargetedCmd
                0x000024a6        0xc ../src/ir_comm.o
                0x000024a6                irTargetedCmd
 .text.irCmd    0x000024b2       0x10 ../src/ir_comm.o
                0x000024b2                irCmd
 .text.irTargetedSend
                0x000024c2        0xc ../src/ir_comm.o
                0x000024c2                irTargetedSend
 .text.irSend   0x000024ce       0x10 ../src/ir_comm.o
                0x000024ce                irSend
 .text.all_hp_ir_cmds
                0x000024de       0xae ../src/ir_comm.o
 .text.hpIrTargetedCmd
                0x0000258c        0x4 ../src/ir_comm.o
                0x0000258c                hpIrTargetedCmd
 .text.irReceive
                0x00002590      0x834 ../src/ir_comm.o
 .text.__vector_25
                0x00002dc4       0x52 ../src/ir_comm.o
                0x00002dc4                __vector_25
 .text.__vector_27
                0x00002e16       0x52 ../src/ir_comm.o
                0x00002e16                __vector_27
 .text.__vector_26
                0x00002e68       0x52 ../src/ir_comm.o
                0x00002e68                __vector_26
 .text.__vector_28
                0x00002eba       0x52 ../src/ir_comm.o
                0x00002eba                __vector_28
 .text.__vector_30
                0x00002f0c       0x52 ../src/ir_comm.o
                0x00002f0c                __vector_30
 .text.__vector_29
                0x00002f5e       0x52 ../src/ir_comm.o
                0x00002f5e                __vector_29
 .text.__vector_88
                0x00002fb0       0x52 ../src/ir_comm.o
                0x00002fb0                __vector_88
 .text.__vector_90
                0x00003002       0x52 ../src/ir_comm.o
                0x00003002                __vector_90
 .text.__vector_89
                0x00003054       0x52 ../src/ir_comm.o
                0x00003054                __vector_89
 .text.__vector_58
                0x000030a6       0x52 ../src/ir_comm.o
                0x000030a6                __vector_58
 .text.__vector_60
                0x000030f8       0x52 ../src/ir_comm.o
                0x000030f8                __vector_60
 .text.__vector_59
                0x0000314a       0x52 ../src/ir_comm.o
                0x0000314a                __vector_59
 .text.__vector_61
                0x0000319c       0x52 ../src/ir_comm.o
                0x0000319c                __vector_61
 .text.__vector_63
                0x000031ee       0x52 ../src/ir_comm.o
                0x000031ee                __vector_63
 .text.__vector_62
                0x00003240       0x52 ../src/ir_comm.o
                0x00003240                __vector_62
 .text.__vector_119
                0x00003292       0x52 ../src/ir_comm.o
                0x00003292                __vector_119
 .text.__vector_121
                0x000032e4       0x52 ../src/ir_comm.o
                0x000032e4                __vector_121
 .text.__vector_120
                0x00003336       0x52 ../src/ir_comm.o
                0x00003336                __vector_120
 .text.irLedInit
                0x00003388       0x7e ../src/ir_led.o
                0x00003388                irLedInit
 .text.irLedOn  0x00003406       0x6e ../src/ir_led.o
                0x00003406                irLedOn
 .text.irLedOff
                0x00003474       0x5a ../src/ir_led.o
                0x00003474                irLedOff
 .text.setAllirPowers
                0x000034ce       0xc6 ../src/ir_led.o
                0x000034ce                setAllirPowers
 .text.irSensorInit
                0x00003594       0x7e ../src/ir_sensor.o
                0x00003594                irSensorInit
 .text.getIrSensors
                0x00003612      0x168 ../src/ir_sensor.o
                0x00003612                getIrSensors
 .text.initIrBaselines
                0x0000377a        0xa ../src/ir_sensor.o
                0x0000377a                initIrBaselines
 .text.updateIrBaselines
                0x00003784       0xb0 ../src/ir_sensor.o
                0x00003784                updateIrBaselines
 .text.checkCollisionValues
                0x00003834      0x108 ../src/ir_sensor.o
                0x00003834                checkCollisionValues
 .text.checkCollisions
                0x0000393c       0x60 ../src/ir_sensor.o
                0x0000393c                checkCollisions
 .text.localizationInit
                0x0000399c       0xe4 ../src/localization.o
                0x0000399c                localizationInit
 .text.stopMove
                0x00003a80       0x4a ../src/motor.o
                0x00003a80                stopMove
 .text.moveSteps
                0x00003aca      0x2ec ../src/motor.o
                0x00003aca                moveSteps
 .text.walk     0x00003db6       0xee ../src/motor.o
                0x00003db6                walk
 .text.setMMperKilostep
                0x00003ea4       0x12 ../src/motor.o
                0x00003ea4                setMMperKilostep
 .text.readMotorSettings
                0x00003eb6       0x96 ../src/motor.o
                0x00003eb6                readMotorSettings
 .text.motorInit
                0x00003f4c       0x74 ../src/motor.o
                0x00003f4c                motorInit
 .text.writeMotorSettings
                0x00003fc0       0x84 ../src/motor.o
                0x00003fc0                writeMotorSettings
 .text.printMotorValues
                0x00004044       0xb2 ../src/motor.o
                0x00004044                printMotorValues
 .text.printDistPerStep
                0x000040f6       0x68 ../src/motor.o
                0x000040f6                printDistPerStep
 .text.pc_comm_putchar
                0x0000415e       0x12 ../src/pc_comm.o
 .text.pcCommInit
                0x00004170       0x48 ../src/pc_comm.o
                0x00004170                pcCommInit
 .text.__vector_91
                0x000041b8      0x198 ../src/pc_comm.o
                0x000041b8                __vector_91
 .text.powerInit
                0x00004350       0x42 ../src/power.o
                0x00004350                powerInit
 .text.randomInit
                0x00004392       0x92 ../src/random.o
                0x00004392                randomInit
 .text.randByte
                0x00004424       0x44 ../src/random.o
                0x00004424                randByte
 .text.randShort
                0x00004468       0x1e ../src/random.o
                0x00004468                randShort
 .text.magicRangeFunc
                0x00004486       0x8a ../src/range_algs.o
 .text.rangeAlgsInit
                0x00004510       0x46 ../src/range_algs.o
                0x00004510                rangeAlgsInit
 .text.calculate_range
                0x00004556      0x3de ../src/range_algs.o
                0x00004556                calculate_range
 .text.calculate_error
                0x00004934      0x630 ../src/range_algs.o
                0x00004934                calculate_error
 .text.calculate_bearing_and_heading
                0x00004f64      0x23a ../src/range_algs.o
                0x00004f64                calculate_bearing_and_heading
 .text.useRnbData
                0x0000519e      0x526 ../src/range_algs.o
                0x0000519e                useRnbData
 .text.irRangeMeas
                0x000056c4       0xee ../src/range_algs.o
                0x000056c4                irRangeMeas
 .text.irRangeBlast
                0x000057b2       0xde ../src/range_algs.o
                0x000057b2                irRangeBlast
 .text.broadcastRnbData
                0x00005890       0xbe ../src/range_algs.o
                0x00005890                broadcastRnbData
 .text.rgbLEDinit
                0x0000594e       0x3c ../src/rgb_led.o
                0x0000594e                rgbLEDinit
 .text.ledOff   0x0000598a       0x16 ../src/rgb_led.o
                0x0000598a                ledOff
 .text.setRGB   0x000059a0       0x1c ../src/rgb_led.o
                0x000059a0                setRGB
 .text.hsvToRGB
                0x000059bc      0x364 ../src/rgb_led.o
                0x000059bc                hsvToRGB
 .text.setHSV   0x00005d20       0x5c ../src/rgb_led.o
                0x00005d20                setHSV
 .text.measFindMedian
                0x00005d7c       0xba ../src/rgb_sensor.o
                0x00005d7c                measFindMedian
 .text.getRedSensor
                0x00005e36       0x6c ../src/rgb_sensor.o
                0x00005e36                getRedSensor
 .text.getGreenSensor
                0x00005ea2       0x6c ../src/rgb_sensor.o
                0x00005ea2                getGreenSensor
 .text.getBlueSensor
                0x00005f0e       0x6c ../src/rgb_sensor.o
                0x00005f0e                getBlueSensor
 .text.rgbSensorInit
                0x00005f7a       0xa6 ../src/rgb_sensor.o
                0x00005f7a                rgbSensorInit
 .text.getRGB   0x00006020       0x88 ../src/rgb_sensor.o
                0x00006020                getRGB
 .text.scheduler_free
                0x000060a8       0x64 ../src/scheduler.o
 .text.schedulerInit
                0x0000610c       0x84 ../src/scheduler.o
                0x0000610c                schedulerInit
 .text.taskListCleanup
                0x00006190       0xea ../src/scheduler.o
                0x00006190                taskListCleanup
 .text.removeTask
                0x0000627a       0x96 ../src/scheduler.o
                0x0000627a                removeTask
 .text.printTaskQueue
                0x00006310       0xc8 ../src/scheduler.o
                0x00006310                printTaskQueue
 .text.add_task_to_list
                0x000063d8      0x1a2 ../src/scheduler.o
 .text.schedule_task_absolute_time
                0x0000657a       0xfe ../src/scheduler.o
 .text.scheduleTask
                0x00006678       0x72 ../src/scheduler.o
                0x00006678                scheduleTask
 .text.schedulePeriodicTask
                0x000066ea       0x6e ../src/scheduler.o
                0x000066ea                schedulePeriodicTask
 .text.__vector_11
                0x00006758      0x3e8 ../src/scheduler.o
                0x00006758                __vector_11
 .text.__vector_10
                0x00006b40      0x15c ../src/scheduler.o
                0x00006b40                __vector_10
 .text.sendID   0x00006c9c       0x5a ../src/serial_handler.o
                0x00006c9c                sendID
 .text.handleSerialCommand
                0x00006cf6      0xae2 ../src/serial_handler.o
                0x00006cf6                handleSerialCommand
 .text.avr-libc
                0x000077d8      0x740 c:/program files (x86)/atmel/studio/7.0/toolchain/avr8/avr8-gnu-toolchain/bin/../lib/gcc/avr/5.4.0/../../../../avr/lib/avrxmega6\libprintf_flt.a(vfprintf_flt.o)
                0x000077d8                vfprintf
 .text.avr-libc
                0x00007f18      0x89a c:/program files (x86)/atmel/studio/7.0/toolchain/avr8/avr8-gnu-toolchain/bin/../lib/gcc/avr/5.4.0/../../../../avr/lib/avrxmega6\libscanf_flt.a(vfscanf_flt.o)
                0x0000852a                vfscanf
 .text.avr-libc.fplib
                0x000087b2        0xe c:/program files (x86)/atmel/studio/7.0/toolchain/avr8/avr8-gnu-toolchain/bin/../lib/gcc/avr/5.4.0/../../../../avr/lib/avrxmega6\libm.a(addsf3.o)
                0x000087b2                __subsf3
                0x000087b4                __addsf3
 .text.avr-libc.fplib
                0x000087c0       0xcc c:/program files (x86)/atmel/studio/7.0/toolchain/avr8/avr8-gnu-toolchain/bin/../lib/gcc/avr/5.4.0/../../../../avr/lib/avrxmega6\libm.a(addsf3x.o)
                0x000087e2                __addsf3x
 .text.avr-libc.fplib
                0x0000888c       0x86 c:/program files (x86)/atmel/studio/7.0/toolchain/avr8/avr8-gnu-toolchain/bin/../lib/gcc/avr/5.4.0/../../../../avr/lib/avrxmega6\libm.a(atan2.o)
                0x000088b2                atan2
 .text.avr-libc.fplib
                0x00008912       0x5e c:/program files (x86)/atmel/studio/7.0/toolchain/avr8/avr8-gnu-toolchain/bin/../lib/gcc/avr/5.4.0/../../../../avr/lib/avrxmega6\libm.a(atan.o)
                0x00008912                atan
 .text.avr-libc.fplib
                0x00008970        0xa c:/program files (x86)/atmel/studio/7.0/toolchain/avr8/avr8-gnu-toolchain/bin/../lib/gcc/avr/5.4.0/../../../../avr/lib/avrxmega6\libm.a(cmpsf2.o)
                0x00008970                __nesf2
                0x00008970                __eqsf2
                0x00008970                __cmpsf2
                0x00008970                __ltsf2
                0x00008970                __lesf2
 .text.avr-libc.fplib
                0x0000897a        0xa c:/program files (x86)/atmel/studio/7.0/toolchain/avr8/avr8-gnu-toolchain/bin/../lib/gcc/avr/5.4.0/../../../../avr/lib/avrxmega6\libm.a(cos.o)
                0x0000897a                cos
 .text.avr-libc.fplib
                0x00008984        0x8 c:/program files (x86)/atmel/studio/7.0/toolchain/avr8/avr8-gnu-toolchain/bin/../lib/gcc/avr/5.4.0/../../../../avr/lib/avrxmega6\libm.a(divsf3.o)
                0x00008984                __divsf3
 .text.avr-libc.fplib
                0x0000898c       0xdc c:/program files (x86)/atmel/studio/7.0/toolchain/avr8/avr8-gnu-toolchain/bin/../lib/gcc/avr/5.4.0/../../../../avr/lib/avrxmega6\libm.a(divsf3x.o)
                0x000089ac                __divsf3x
                0x000089b2                __divsf3_pse
 .text.avr-libc.fplib
                0x00008a68       0x74 c:/program files (x86)/atmel/studio/7.0/toolchain/avr8/avr8-gnu-toolchain/bin/../lib/gcc/avr/5.4.0/../../../../avr/lib/avrxmega6\libm.a(exp.o)
                0x00008a78                exp
 .text.avr-libc.fplib
                0x00008adc        0xe c:/program files (x86)/atmel/studio/7.0/toolchain/avr8/avr8-gnu-toolchain/bin/../lib/gcc/avr/5.4.0/../../../../avr/lib/avrxmega6\libm.a(fixsfsi.o)
                0x00008adc                __fixsfsi
 .text.avr-libc.fplib
                0x00008aea       0x5e c:/program files (x86)/atmel/studio/7.0/toolchain/avr8/avr8-gnu-toolchain/bin/../lib/gcc/avr/5.4.0/../../../../avr/lib/avrxmega6\libm.a(fixunssfsi.o)
                0x00008aea                __fixunssfsi
 .text.avr-libc.fplib
                0x00008b48       0x7a c:/program files (x86)/atmel/studio/7.0/toolchain/avr8/avr8-gnu-toolchain/bin/../lib/gcc/avr/5.4.0/../../../../avr/lib/avrxmega6\libm.a(floatsisf.o)
                0x00008b48                __floatunsisf
                0x00008b4c                __floatsisf
 .text.avr-libc.fplib
                0x00008bc2       0xa8 c:/program files (x86)/atmel/studio/7.0/toolchain/avr8/avr8-gnu-toolchain/bin/../lib/gcc/avr/5.4.0/../../../../avr/lib/avrxmega6\libm.a(fmod.o)
                0x00008bd8                fmod
 .text.avr-libc.fplib
                0x00008c6a       0x48 c:/program files (x86)/atmel/studio/7.0/toolchain/avr8/avr8-gnu-toolchain/bin/../lib/gcc/avr/5.4.0/../../../../avr/lib/avrxmega6\libm.a(fp_cmp.o)
                0x00008c6a                __fp_cmp
 .text.avr-libc.fplib
                0x00008cb2        0xc c:/program files (x86)/atmel/studio/7.0/toolchain/avr8/avr8-gnu-toolchain/bin/../lib/gcc/avr/5.4.0/../../../../avr/lib/avrxmega6\libm.a(fp_inf.o)
                0x00008cb2                __fp_inf
 .text.avr-libc.fplib
                0x00008cbe       0x1c c:/program files (x86)/atmel/studio/7.0/toolchain/avr8/avr8-gnu-toolchain/bin/../lib/gcc/avr/5.4.0/../../../../avr/lib/avrxmega6\libm.a(fp_mpack.o)
                0x00008cbe                __fp_mpack
                0x00008cc2                __fp_mpack_finite
 .text.avr-libc.fplib
                0x00008cda        0x6 c:/program files (x86)/atmel/studio/7.0/toolchain/avr8/avr8-gnu-toolchain/bin/../lib/gcc/avr/5.4.0/../../../../avr/lib/avrxmega6\libm.a(fp_nan.o)
                0x00008cda                __fp_nan
 .text.avr-libc.fplib
                0x00008ce0       0x4e c:/program files (x86)/atmel/studio/7.0/toolchain/avr8/avr8-gnu-toolchain/bin/../lib/gcc/avr/5.4.0/../../../../avr/lib/avrxmega6\libm.a(fp_powser.o)
                0x00008ce0                __fp_powser
 .text.avr-libc.fplib
                0x00008d2e        0xe c:/program files (x86)/atmel/studio/7.0/toolchain/avr8/avr8-gnu-toolchain/bin/../lib/gcc/avr/5.4.0/../../../../avr/lib/avrxmega6\libm.a(fp_pscA.o)
                0x00008d2e                __fp_pscA
 .text.avr-libc.fplib
                0x00008d3c        0xe c:/program files (x86)/atmel/studio/7.0/toolchain/avr8/avr8-gnu-toolchain/bin/../lib/gcc/avr/5.4.0/../../../../avr/lib/avrxmega6\libm.a(fp_pscB.o)
                0x00008d3c                __fp_pscB
 .text.avr-libc.fplib
                0x00008d4a       0x56 c:/program files (x86)/atmel/studio/7.0/toolchain/avr8/avr8-gnu-toolchain/bin/../lib/gcc/avr/5.4.0/../../../../avr/lib/avrxmega6\libm.a(fp_rempio2.o)
                0x00008d4e                __fp_rempio2
 .text.avr-libc.fplib
                0x00008da0       0x22 c:/program files (x86)/atmel/studio/7.0/toolchain/avr8/avr8-gnu-toolchain/bin/../lib/gcc/avr/5.4.0/../../../../avr/lib/avrxmega6\libm.a(fp_round.o)
                0x00008da0                __fp_round
 .text.avr-libc.fplib
                0x00008dc2       0x28 c:/program files (x86)/atmel/studio/7.0/toolchain/avr8/avr8-gnu-toolchain/bin/../lib/gcc/avr/5.4.0/../../../../avr/lib/avrxmega6\libm.a(fp_sinus.o)
                0x00008dc2                __fp_sinus
 .text.avr-libc.fplib
                0x00008dea       0x44 c:/program files (x86)/atmel/studio/7.0/toolchain/avr8/avr8-gnu-toolchain/bin/../lib/gcc/avr/5.4.0/../../../../avr/lib/avrxmega6\libm.a(fp_split3.o)
                0x00008dea                __fp_split3
                0x00008dfa                __fp_splitA
 .text.avr-libc.fplib
                0x00008e2e        0xe c:/program files (x86)/atmel/studio/7.0/toolchain/avr8/avr8-gnu-toolchain/bin/../lib/gcc/avr/5.4.0/../../../../avr/lib/avrxmega6\libm.a(fp_zero.o)
                0x00008e2e                __fp_zero
                0x00008e30                __fp_szero
 .text.avr-libc.fplib
                0x00008e3c        0xa c:/program files (x86)/atmel/studio/7.0/toolchain/avr8/avr8-gnu-toolchain/bin/../lib/gcc/avr/5.4.0/../../../../avr/lib/avrxmega6\libm.a(gesf2.o)
                0x00008e3c                __gesf2
                0x00008e3c                __gtsf2
 .text.avr-libc.fplib
                0x00008e46       0x10 c:/program files (x86)/atmel/studio/7.0/toolchain/avr8/avr8-gnu-toolchain/bin/../lib/gcc/avr/5.4.0/../../../../avr/lib/avrxmega6\libm.a(inverse.o)
                0x00008e46                inverse
 .text.avr-libc.fplib
                0x00008e56       0x74 c:/program files (x86)/atmel/studio/7.0/toolchain/avr8/avr8-gnu-toolchain/bin/../lib/gcc/avr/5.4.0/../../../../avr/lib/avrxmega6\libm.a(ldexp.o)
                0x00008e5e                ldexp
 .text.avr-libc.fplib
                0x00008eca       0xa0 c:/program files (x86)/atmel/studio/7.0/toolchain/avr8/avr8-gnu-toolchain/bin/../lib/gcc/avr/5.4.0/../../../../avr/lib/avrxmega6\libm.a(log.o)
                0x00008eda                log
 .text.avr-libc.fplib
                0x00008f6a       0x68 c:/program files (x86)/atmel/studio/7.0/toolchain/avr8/avr8-gnu-toolchain/bin/../lib/gcc/avr/5.4.0/../../../../avr/lib/avrxmega6\libm.a(modf.o)
                0x00008f6a                modf
                0x00008f6a                modff
 .text.avr-libc.fplib
                0x00008fd2        0x8 c:/program files (x86)/atmel/studio/7.0/toolchain/avr8/avr8-gnu-toolchain/bin/../lib/gcc/avr/5.4.0/../../../../avr/lib/avrxmega6\libm.a(mulsf3.o)
                0x00008fd2                __mulsf3
 .text.avr-libc.fplib
                0x00008fda       0xd2 c:/program files (x86)/atmel/studio/7.0/toolchain/avr8/avr8-gnu-toolchain/bin/../lib/gcc/avr/5.4.0/../../../../avr/lib/avrxmega6\libm.a(mulsf3x.o)
                0x00008ff8                __mulsf3x
                0x00008ffe                __mulsf3_pse
 .text.avr-libc.fplib
                0x000090ac       0xa0 c:/program files (x86)/atmel/studio/7.0/toolchain/avr8/avr8-gnu-toolchain/bin/../lib/gcc/avr/5.4.0/../../../../avr/lib/avrxmega6\libm.a(pow.o)
                0x000090ac                pow
 .text.avr-libc.fplib
                0x0000914c       0x10 c:/program files (x86)/atmel/studio/7.0/toolchain/avr8/avr8-gnu-toolchain/bin/../lib/gcc/avr/5.4.0/../../../../avr/lib/avrxmega6\libm.a(sin.o)
                0x0000914c                sin
 .text.avr-libc.fplib
                0x0000915c        0x8 c:/program files (x86)/atmel/studio/7.0/toolchain/avr8/avr8-gnu-toolchain/bin/../lib/gcc/avr/5.4.0/../../../../avr/lib/avrxmega6\libm.a(square.o)
                0x0000915c                square
 .text.avr-libc.fplib
                0x00009164        0xa c:/program files (x86)/atmel/studio/7.0/toolchain/avr8/avr8-gnu-toolchain/bin/../lib/gcc/avr/5.4.0/../../../../avr/lib/avrxmega6\libm.a(unordsf2.o)
                0x00009164                __unordsf2
 .text.avr-libc.fplib
                0x0000916e       0x28 c:/program files (x86)/atmel/studio/7.0/toolchain/avr8/avr8-gnu-toolchain/bin/../lib/gcc/avr/5.4.0/../../../../avr/lib/avrxmega6\libm.a(fp_powsodd.o)
                0x0000916e                __fp_powsodd
 .text.libgcc.mul
                0x00009196       0x20 c:/program files (x86)/atmel/studio/7.0/toolchain/avr8/avr8-gnu-toolchain/bin/../lib/gcc/avr/5.4.0/avrxmega6\libgcc.a(_mulsi3.o)
                0x00009196                __mulsi3
 .text.libgcc.div
                0x000091b6       0x28 c:/program files (x86)/atmel/studio/7.0/toolchain/avr8/avr8-gnu-toolchain/bin/../lib/gcc/avr/5.4.0/avrxmega6\libgcc.a(_udivmodhi4.o)
                0x000091b6                __udivmodhi4
 .text.libgcc.div
                0x000091de       0x28 c:/program files (x86)/atmel/studio/7.0/toolchain/avr8/avr8-gnu-toolchain/bin/../lib/gcc/avr/5.4.0/avrxmega6\libgcc.a(_divmodhi4.o)
                0x000091de                _div
                0x000091de                __divmodhi4
 .text.libgcc.div
                0x00009206       0x44 c:/program files (x86)/atmel/studio/7.0/toolchain/avr8/avr8-gnu-toolchain/bin/../lib/gcc/avr/5.4.0/avrxmega6\libgcc.a(_udivmodsi4.o)
                0x00009206                __udivmodsi4
 .text.libgcc   0x0000924a       0x10 c:/program files (x86)/atmel/studio/7.0/toolchain/avr8/avr8-gnu-toolchain/bin/../lib/gcc/avr/5.4.0/avrxmega6\libgcc.a(_tablejump2.o)
                0x0000924a                __tablejump2__
 .text.libgcc.mul
                0x0000925a       0x1e c:/program files (x86)/atmel/studio/7.0/toolchain/avr8/avr8-gnu-toolchain/bin/../lib/gcc/avr/5.4.0/avrxmega6\libgcc.a(_umulhisi3.o)
                0x0000925a                __umulhisi3
 .text.libgcc.mul
                0x00009278       0x16 c:/program files (x86)/atmel/studio/7.0/toolchain/avr8/avr8-gnu-toolchain/bin/../lib/gcc/avr/5.4.0/avrxmega6\libgcc.a(_muluhisi3.o)
                0x00009278                __muluhisi3
 .text.avr-libc
                0x0000928e      0x242 c:/program files (x86)/atmel/studio/7.0/toolchain/avr8/avr8-gnu-toolchain/bin/../lib/gcc/avr/5.4.0/../../../../avr/lib/avrxmega6\libc.a(malloc.o)
                0x0000928e                malloc
                0x000093be                free
 .text.avr-libc
                0x000094d0      0x21a c:/program files (x86)/atmel/studio/7.0/toolchain/avr8/avr8-gnu-toolchain/bin/../lib/gcc/avr/5.4.0/../../../../avr/lib/avrxmega6\libc.a(strtoul.o)
                0x000094d0                strtoul
 .text.avr-libc
                0x000096ea       0x3c c:/program files (x86)/atmel/studio/7.0/toolchain/avr8/avr8-gnu-toolchain/bin/../lib/gcc/avr/5.4.0/../../../../avr/lib/avrxmega6\libc.a(atoi.o)
                0x000096ea                atoi
 .text.avr-libc
                0x00009726      0x1b0 c:/program files (x86)/atmel/studio/7.0/toolchain/avr8/avr8-gnu-toolchain/bin/../lib/gcc/avr/5.4.0/../../../../avr/lib/avrxmega6\libc.a(ftoa_engine.o)
                0x00009726                __ftoa_engine
 .text.avr-libc
                0x000098d6       0x12 c:/program files (x86)/atmel/studio/7.0/toolchain/avr8/avr8-gnu-toolchain/bin/../lib/gcc/avr/5.4.0/../../../../avr/lib/avrxmega6\libc.a(isspace.o)
                0x000098d6                isspace
 .text.avr-libc
                0x000098e8       0x10 c:/program files (x86)/atmel/studio/7.0/toolchain/avr8/avr8-gnu-toolchain/bin/../lib/gcc/avr/5.4.0/../../../../avr/lib/avrxmega6\libc.a(tolower.o)
                0x000098e8                tolower
 .text.avr-libc
                0x000098f8       0x16 c:/program files (x86)/atmel/studio/7.0/toolchain/avr8/avr8-gnu-toolchain/bin/../lib/gcc/avr/5.4.0/../../../../avr/lib/avrxmega6\libc.a(strchr_P.o)
                0x000098f8                strchr_P
 .text.avr-libc
                0x0000990e       0x12 c:/program files (x86)/atmel/studio/7.0/toolchain/avr8/avr8-gnu-toolchain/bin/../lib/gcc/avr/5.4.0/../../../../avr/lib/avrxmega6\libc.a(strcmp_P.o)
                0x0000990e                strcmp_P
 .text.avr-libc
                0x00009920       0x16 c:/program files (x86)/atmel/studio/7.0/toolchain/avr8/avr8-gnu-toolchain/bin/../lib/gcc/avr/5.4.0/../../../../avr/lib/avrxmega6\libc.a(strnlen_P.o)
                0x00009920                strnlen_P
 .text.avr-libc
                0x00009936        0x8 c:/program files (x86)/atmel/studio/7.0/toolchain/avr8/avr8-gnu-toolchain/bin/../lib/gcc/avr/5.4.0/../../../../avr/lib/avrxmega6\libc.a(strtok.o)
                0x00009936                strtok
 .text.avr-libc
                0x0000993e       0x12 c:/program files (x86)/atmel/studio/7.0/toolchain/avr8/avr8-gnu-toolchain/bin/../lib/gcc/avr/5.4.0/../../../../avr/lib/avrxmega6\libc.a(memcpy.o)
                0x0000993e                memcpy
 .text.avr-libc
                0x00009950       0x12 c:/program files (x86)/atmel/studio/7.0/toolchain/avr8/avr8-gnu-toolchain/bin/../lib/gcc/avr/5.4.0/../../../../avr/lib/avrxmega6\libc.a(strcmp.o)
                0x00009950                strcmp
 .text.avr-libc
                0x00009962        0xe c:/program files (x86)/atmel/studio/7.0/toolchain/avr8/avr8-gnu-toolchain/bin/../lib/gcc/avr/5.4.0/../../../../avr/lib/avrxmega6\libc.a(strcpy.o)
                0x00009962                strcpy
 .text.avr-libc
                0x00009970       0x1e c:/program files (x86)/atmel/studio/7.0/toolchain/avr8/avr8-gnu-toolchain/bin/../lib/gcc/avr/5.4.0/../../../../avr/lib/avrxmega6\libc.a(strcspn.o)
                0x00009970                strcspn
 .text.avr-libc
                0x0000998e       0x1e c:/program files (x86)/atmel/studio/7.0/toolchain/avr8/avr8-gnu-toolchain/bin/../lib/gcc/avr/5.4.0/../../../../avr/lib/avrxmega6\libc.a(strncpy.o)
                0x0000998e                strncpy
 .text.avr-libc
                0x000099ac       0x16 c:/program files (x86)/atmel/studio/7.0/toolchain/avr8/avr8-gnu-toolchain/bin/../lib/gcc/avr/5.4.0/../../../../avr/lib/avrxmega6\libc.a(strnlen.o)
                0x000099ac                strnlen
 .text.avr-libc
                0x000099c2       0x4e c:/program files (x86)/atmel/studio/7.0/toolchain/avr8/avr8-gnu-toolchain/bin/../lib/gcc/avr/5.4.0/../../../../avr/lib/avrxmega6\libc.a(strtok_r.o)
                0x000099c2                strtok_r
 .text.avr-libc
                0x00009a10       0x10 c:/program files (x86)/atmel/studio/7.0/toolchain/avr8/avr8-gnu-toolchain/bin/../lib/gcc/avr/5.4.0/../../../../avr/lib/avrxmega6\libc.a(mul10.o)
                0x00009a10                __mulhi_const_10
 .text.avr-libc
                0x00009a20       0x7c c:/program files (x86)/atmel/studio/7.0/toolchain/avr8/avr8-gnu-toolchain/bin/../lib/gcc/avr/5.4.0/../../../../avr/lib/avrxmega6\libc.a(fgetc.o)
                0x00009a20                fgetc
 .text.avr-libc
                0x00009a9c       0x78 c:/program files (x86)/atmel/studio/7.0/toolchain/avr8/avr8-gnu-toolchain/bin/../lib/gcc/avr/5.4.0/../../../../avr/lib/avrxmega6\libc.a(fputc.o)
                0x00009a9c                fputc
 .text.avr-libc
                0x00009b14       0x28 c:/program files (x86)/atmel/studio/7.0/toolchain/avr8/avr8-gnu-toolchain/bin/../lib/gcc/avr/5.4.0/../../../../avr/lib/avrxmega6\libc.a(printf.o)
                0x00009b14                printf
 .text.avr-libc
                0x00009b3c       0x50 c:/program files (x86)/atmel/studio/7.0/toolchain/avr8/avr8-gnu-toolchain/bin/../lib/gcc/avr/5.4.0/../../../../avr/lib/avrxmega6\libc.a(printf_p.o)
                0x00009b3c                printf_P
 .text.avr-libc
                0x00009b8c        0xc c:/program files (x86)/atmel/studio/7.0/toolchain/avr8/avr8-gnu-toolchain/bin/../lib/gcc/avr/5.4.0/../../../../avr/lib/avrxmega6\libc.a(putchar.o)
                0x00009b8c                putchar
 .text.avr-libc
                0x00009b98       0x60 c:/program files (x86)/atmel/studio/7.0/toolchain/avr8/avr8-gnu-toolchain/bin/../lib/gcc/avr/5.4.0/../../../../avr/lib/avrxmega6\libc.a(puts.o)
                0x00009b98                puts
 .text.avr-libc
                0x00009bf8       0x52 c:/program files (x86)/atmel/studio/7.0/toolchain/avr8/avr8-gnu-toolchain/bin/../lib/gcc/avr/5.4.0/../../../../avr/lib/avrxmega6\libc.a(sprintf.o)
                0x00009bf8                sprintf
 .text.avr-libc
                0x00009c4a       0x32 c:/program files (x86)/atmel/studio/7.0/toolchain/avr8/avr8-gnu-toolchain/bin/../lib/gcc/avr/5.4.0/../../../../avr/lib/avrxmega6\libc.a(ungetc.o)
                0x00009c4a                ungetc
 .text.avr-libc
                0x00009c7c       0xbc c:/program files (x86)/atmel/studio/7.0/toolchain/avr8/avr8-gnu-toolchain/bin/../lib/gcc/avr/5.4.0/../../../../avr/lib/avrxmega6\libc.a(ultoa_invert.o)
                0x00009c7c                __ultoa_invert
 .text.avr-libc
                0x00009d38        0x6 c:/program files (x86)/atmel/studio/7.0/toolchain/avr8/avr8-gnu-toolchain/bin/../lib/gcc/avr/5.4.0/../../../../avr/lib/avrxmega6\libc.a(cty_isfalse.o)
                0x00009d38                __ctype_isfalse
                0x00009d3c                __ctype_istrue
                0x00009d3e                . = ALIGN (0x2)
 *(.fini9)
 .fini9         0x00009d3e        0x0 c:/program files (x86)/atmel/studio/7.0/toolchain/avr8/avr8-gnu-toolchain/bin/../lib/gcc/avr/5.4.0/avrxmega6\libgcc.a(_exit.o)
                0x00009d3e                _exit
                0x00009d3e                exit
 *(.fini9)
 *(.fini8)
 *(.fini8)
 *(.fini7)
 *(.fini7)
 *(.fini6)
 *(.fini6)
 *(.fini5)
 *(.fini5)
 *(.fini4)
 *(.fini4)
 *(.fini3)
 *(.fini3)
 *(.fini2)
 *(.fini2)
 *(.fini1)
 *(.fini1)
 *(.fini0)
 .fini0         0x00009d3e        0x4 c:/program files (x86)/atmel/studio/7.0/toolchain/avr8/avr8-gnu-toolchain/bin/../lib/gcc/avr/5.4.0/avrxmega6\libgcc.a(_exit.o)
 *(.fini0)
                0x00009d42                _etext = .

.data           0x00802000      0x222 load address 0x00009d42
                0x00802000                PROVIDE (__data_start, .)
 *(.data)
 .data          0x00802000        0x6 c:/program files (x86)/atmel/studio/7.0/toolchain/avr8/avr8-gnu-toolchain/bin/../lib/gcc/avr/5.4.0/../../../../avr/lib/avrxmega6\libc.a(malloc.o)
                0x00802000                __malloc_heap_end
                0x00802002                __malloc_heap_start
                0x00802004                __malloc_margin
 *(.data*)
 .data.channel  0x00802006        0xc ../src/ir_led.o
                0x00802006                channel
 .data.mystdout
                0x00802012        0xe ../src/pc_comm.o
 *(.rodata)
 .rodata        0x00802020       0x40 ../src/droplet_init.o
 *(.rodata*)
 .rodata.str1.1
                0x00802060        0x7 ../src/ir_comm.o
                                  0x9 (size before relaxing)
 .rodata.ir_carrier_bm
                0x00802067        0x6 ../src/ir_comm.o
 .rodata.str1.1
                0x0080206d        0x7 ../src/ir_led.o
                                  0x8 (size before relaxing)
 .rodata.uart_ch
                0x00802074        0xc ../src/ir_led.o
 .rodata.tx_pins
                0x00802080        0x6 ../src/ir_led.o
 .rodata.carrier_wave_pins
                0x00802086        0x6 ../src/ir_led.o
 .rodata.mux_sensor_selectors
                0x0080208c        0x6 ../src/ir_sensor.o
                0x0080208c                mux_sensor_selectors
 .rodata.SEED_POS
                0x00802092       0x18 ../src/localization.o
                0x00802092                SEED_POS
 .rodata.str1.1
                0x008020aa        0x4 ../src/motor.o
                                  0x6 (size before relaxing)
 .rodata.str1.1
                0x008020ae        0x4 ../src/pc_comm.o
                                  0x6 (size before relaxing)
 .rodata.headingBasis
                0x008020b2       0x30 ../src/range_algs.o
 .rodata.hats   0x008020e2       0x30 ../src/range_algs.o
 .rodata.bearingBasis
                0x00802112       0x30 ../src/range_algs.o
 .rodata.str1.1
                0x00802142       0xbd ../src/scheduler.o
 .rodata.str1.1
                0x008021ff       0x23 ../src/serial_handler.o
                                 0x27 (size before relaxing)
 *(.gnu.linkonce.d*)
                0x00802222                . = ALIGN (0x2)
                0x00802222                _edata = .
                0x00802222                PROVIDE (__data_end, .)

.bss            0x00802222      0x37d
                0x00802222                PROVIDE (__bss_start, .)
 *(.bss)
 .bss           0x00802222        0x2 c:/program files (x86)/atmel/studio/7.0/toolchain/avr8/avr8-gnu-toolchain/bin/../lib/gcc/avr/5.4.0/../../../../avr/lib/avrxmega6\libc.a(strtok.o)
 *(.bss*)
 .bss.ffsync_blink_dur
                0x00802224        0x2 ../src/firefly_sync.o
 .bss.ffsync_blink_prev_b
                0x00802226        0x1 ../src/firefly_sync.o
 .bss.ffsync_blink_prev_g
                0x00802227        0x1 ../src/firefly_sync.o
 .bss.ffsync_blink_prev_r
                0x00802228        0x1 ../src/firefly_sync.o
 .bss.ffsync_blink_b
                0x00802229        0x1 ../src/firefly_sync.o
 .bss.ffsync_blink_g
                0x0080222a        0x1 ../src/firefly_sync.o
 .bss.ffsync_blink_r
                0x0080222b        0x1 ../src/firefly_sync.o
 .bss.next_byte
                0x0080222c        0x1 ../src/ir_comm.o
 .bss.cmdBuffer
                0x0080222d       0x40 ../src/ir_comm.o
 .bss.cmdLength
                0x0080226d        0x2 ../src/ir_comm.o
 .bss.processingFFsyncFlag
                0x0080226f        0x1 ../src/ir_comm.o
 .bss.processingCmdFlag
                0x00802270        0x1 ../src/ir_comm.o
 .bss.saved_usart_ctrlb_vals
                0x00802271        0x6 ../src/ir_led.o
 .bss.ir_sense_baseline
                0x00802277        0xc ../src/ir_sensor.o
 .bss.motor_off_time
                0x00802283        0x2 ../src/motor.o
 .bss.motor_on_time
                0x00802285        0x2 ../src/motor.o
 .bss.current_motor_task
                0x00802287        0x2 ../src/motor.o
 .bss.motor_status
                0x00802289        0x1 ../src/motor.o
 .bss.serial_in_index
                0x0080228a        0x2 ../src/pc_comm.o
 .bss.escaped_arrow
                0x0080228c        0x1 ../src/pc_comm.o
 .bss.escaped   0x0080228d        0x1 ../src/pc_comm.o
 .bss.serial_in_buffer
                0x0080228e       0x40 ../src/pc_comm.o
 .bss.randNormHasSaved
                0x008022ce        0x1 ../src/random.o
 .bss.r_position
                0x008022cf        0x1 ../src/random.o
 .bss.r_round   0x008022d0        0x1 ../src/random.o
 .bss.brightMeas
                0x008022d1       0x48 ../src/range_algs.o
 .bss.sensorHealthHistory
                0x00802319        0x4 ../src/range_algs.o
 .bss.b_baseline
                0x0080231d        0x2 ../src/rgb_sensor.o
 .bss.g_baseline
                0x0080231f        0x2 ../src/rgb_sensor.o
 .bss.r_baseline
                0x00802321        0x2 ../src/rgb_sensor.o
 .bss.task_storage_arr
                0x00802323       0x8c ../src/scheduler.o
 *(COMMON)
 COMMON         0x008023af      0x1e4 ../user_template.o
                0x008023af                droplet_ID
                0x008023b1                rtc_epoch
                0x008023b3                myPosCovar
                0x008023bf                hpIrBlock_bm
                0x008023c0                num_tasks
                0x008023c1                obsStart
                0x008023c3                twiMaster
                0x008023dc                cmdArrivalDir
                0x008023dd                last_good_rnb
                0x008023e5                memoryConsumedByBuffer
                0x008023e7                rnb_updated
                0x008023e8                mmPerKilostep
                0x008023f8                seedFlag
                0x008023f9                processing_rnb_flag
                0x008023fa                numWaitingMsgs
                0x008023fb                cmdSenderId
                0x008023fd                ir_rxtx
                0x0080254d                userFacingMessagesOvf
                0x0080254e                motorAdjusts
                0x0080257e                task_executing
                0x0080257f                incomingMsgHead
                0x00802581                rnbCmdID
                0x00802583                task_list
                0x00802585                myPos
                0x0080258b                twi
                0x0080258d                cmdArrivalTime
                0x00802591                curr_ir_power
 COMMON         0x00802593        0x4 c:/program files (x86)/atmel/studio/7.0/toolchain/avr8/avr8-gnu-toolchain/bin/../lib/gcc/avr/5.4.0/../../../../avr/lib/avrxmega6\libc.a(malloc.o)
                0x00802593                __brkval
                0x00802595                __flp
 COMMON         0x00802597        0x6 c:/program files (x86)/atmel/studio/7.0/toolchain/avr8/avr8-gnu-toolchain/bin/../lib/gcc/avr/5.4.0/../../../../avr/lib/avrxmega6\libc.a(iob.o)
                0x00802597                __iob
 COMMON         0x0080259d        0x2 c:/program files (x86)/atmel/studio/7.0/toolchain/avr8/avr8-gnu-toolchain/bin/../lib/gcc/avr/5.4.0/../../../../avr/lib/avrxmega6\libc.a(errno.o)
                0x0080259d                errno
                0x0080259f                PROVIDE (__bss_end, .)
                0x00009d42                __data_load_start = LOADADDR (.data)
                0x00009f64                __data_load_end = (__data_load_start + SIZEOF (.data))

.noinit         0x0080259f        0x0
                [!provide]                PROVIDE (__noinit_start, .)
 *(.noinit*)
                [!provide]                PROVIDE (__noinit_end, .)
                0x0080259f                _end = .
                0x0080259f                PROVIDE (__heap_start, .)

.eeprom         0x00810000        0x0
 *(.eeprom*)
                0x00810000                __eeprom_end = .

.fuse
 *(.fuse)
 *(.lfuse)
 *(.hfuse)
 *(.efuse)

.lock
 *(.lock*)

.signature
 *(.signature*)

.user_signatures
 *(.user_signatures*)

.stab
 *(.stab)

.stabstr
 *(.stabstr)

.stab.excl
 *(.stab.excl)

.stab.exclstr
 *(.stab.exclstr)

.stab.index
 *(.stab.index)

.stab.indexstr
 *(.stab.indexstr)

.comment        0x00000000       0x5c
 *(.comment)
 .comment       0x00000000       0x30 ../user_template.o
                                 0x31 (size before relaxing)
 .comment       0x00000030       0x31 ../src/droplet_base.o
 .comment       0x00000030       0x31 ../src/droplet_init.o
 .comment       0x00000030       0x31 ../src/eeprom_driver.o
 .comment       0x00000030       0x31 ../src/firefly_sync.o
 .comment       0x00000030       0x31 ../src/i2c.o
 .comment       0x00000030       0x31 ../src/ir_comm.o
 .comment       0x00000030       0x31 ../src/ir_led.o
 .comment       0x00000030       0x31 ../src/ir_sensor.o
 .comment       0x00000030       0x31 ../src/localization.o
 .comment       0x00000030       0x31 ../src/motor.o
 .comment       0x00000030       0x31 ../src/pc_comm.o
 .comment       0x00000030       0x31 ../src/power.o
 .comment       0x00000030       0x31 ../src/random.o
 .comment       0x00000030       0x31 ../src/range_algs.o
 .comment       0x00000030       0x31 ../src/rgb_led.o
 .comment       0x00000030       0x31 ../src/rgb_sensor.o
 .comment       0x00000030       0x31 ../src/scheduler.o
 .comment       0x00000030       0x31 ../src/serial_handler.o
 .comment       0x00000030       0x2c c:/program files (x86)/atmel/studio/7.0/toolchain/avr8/avr8-gnu-toolchain/bin/../lib/gcc/avr/5.4.0/../../../../avr/lib/avrxmega6\libprintf_flt.a(vfprintf_flt.o)
                                 0x2d (size before relaxing)
 .comment       0x0000005c       0x2d c:/program files (x86)/atmel/studio/7.0/toolchain/avr8/avr8-gnu-toolchain/bin/../lib/gcc/avr/5.4.0/../../../../avr/lib/avrxmega6\libscanf_flt.a(vfscanf_flt.o)
 .comment       0x0000005c       0x31 c:/program files (x86)/atmel/studio/7.0/toolchain/avr8/avr8-gnu-toolchain/bin/../lib/gcc/avr/5.4.0/../../../../avr/lib/avrxmega6\libc.a(malloc.o)
 .comment       0x0000005c       0x31 c:/program files (x86)/atmel/studio/7.0/toolchain/avr8/avr8-gnu-toolchain/bin/../lib/gcc/avr/5.4.0/../../../../avr/lib/avrxmega6\libc.a(strtoul.o)
 .comment       0x0000005c       0x31 c:/program files (x86)/atmel/studio/7.0/toolchain/avr8/avr8-gnu-toolchain/bin/../lib/gcc/avr/5.4.0/../../../../avr/lib/avrxmega6\libc.a(strtok.o)
 .comment       0x0000005c       0x31 c:/program files (x86)/atmel/studio/7.0/toolchain/avr8/avr8-gnu-toolchain/bin/../lib/gcc/avr/5.4.0/../../../../avr/lib/avrxmega6\libc.a(fgetc.o)
 .comment       0x0000005c       0x31 c:/program files (x86)/atmel/studio/7.0/toolchain/avr8/avr8-gnu-toolchain/bin/../lib/gcc/avr/5.4.0/../../../../avr/lib/avrxmega6\libc.a(fputc.o)
 .comment       0x0000005c       0x31 c:/program files (x86)/atmel/studio/7.0/toolchain/avr8/avr8-gnu-toolchain/bin/../lib/gcc/avr/5.4.0/../../../../avr/lib/avrxmega6\libc.a(iob.o)
 .comment       0x0000005c       0x31 c:/program files (x86)/atmel/studio/7.0/toolchain/avr8/avr8-gnu-toolchain/bin/../lib/gcc/avr/5.4.0/../../../../avr/lib/avrxmega6\libc.a(printf.o)
 .comment       0x0000005c       0x31 c:/program files (x86)/atmel/studio/7.0/toolchain/avr8/avr8-gnu-toolchain/bin/../lib/gcc/avr/5.4.0/../../../../avr/lib/avrxmega6\libc.a(printf_p.o)
 .comment       0x0000005c       0x31 c:/program files (x86)/atmel/studio/7.0/toolchain/avr8/avr8-gnu-toolchain/bin/../lib/gcc/avr/5.4.0/../../../../avr/lib/avrxmega6\libc.a(putchar.o)
 .comment       0x0000005c       0x31 c:/program files (x86)/atmel/studio/7.0/toolchain/avr8/avr8-gnu-toolchain/bin/../lib/gcc/avr/5.4.0/../../../../avr/lib/avrxmega6\libc.a(puts.o)
 .comment       0x0000005c       0x31 c:/program files (x86)/atmel/studio/7.0/toolchain/avr8/avr8-gnu-toolchain/bin/../lib/gcc/avr/5.4.0/../../../../avr/lib/avrxmega6\libc.a(sprintf.o)
 .comment       0x0000005c       0x31 c:/program files (x86)/atmel/studio/7.0/toolchain/avr8/avr8-gnu-toolchain/bin/../lib/gcc/avr/5.4.0/../../../../avr/lib/avrxmega6\libc.a(ungetc.o)
 .comment       0x0000005c       0x2d c:/program files (x86)/atmel/studio/7.0/toolchain/avr8/avr8-gnu-toolchain/bin/../lib/gcc/avr/5.4.0/../../../../avr/lib/avrxmega6\libc.a(errno.o)

.note.gnu.avr.deviceinfo
                0x00000000       0x40
 .note.gnu.avr.deviceinfo
                0x00000000       0x40 C:/Program Files (x86)/Atmel/Studio/7.0/Packs/atmel/XMEGAA_DFP/1.1.68/gcc/dev/atxmega128a3u/avrxmega6/crtatxmega128a3u.o

.note.gnu.build-id
 *(.note.gnu.build-id)

.debug
 *(.debug)

.line
 *(.line)

.debug_srcinfo
 *(.debug_srcinfo)

.debug_sfnames
 *(.debug_sfnames)

.debug_aranges  0x00000000      0x690
 *(.debug_aranges)
 .debug_aranges
                0x00000000       0x30 ../user_template.o
 .debug_aranges
                0x00000030       0x20 ../src/droplet_base.o
 .debug_aranges
                0x00000050       0x30 ../src/droplet_init.o
 .debug_aranges
                0x00000080       0x58 ../src/eeprom_driver.o
 .debug_aranges
                0x000000d8       0x70 ../src/firefly_sync.o
 .debug_aranges
                0x00000148       0x48 ../src/i2c.o
 .debug_aranges
                0x00000190      0x128 ../src/ir_comm.o
 .debug_aranges
                0x000002b8       0x38 ../src/ir_led.o
 .debug_aranges
                0x000002f0       0x48 ../src/ir_sensor.o
 .debug_aranges
                0x00000338       0x80 ../src/localization.o
 .debug_aranges
                0x000003b8       0x78 ../src/motor.o
 .debug_aranges
                0x00000430       0x30 ../src/pc_comm.o
 .debug_aranges
                0x00000460       0x48 ../src/power.o
 .debug_aranges
                0x000004a8       0x48 ../src/random.o
 .debug_aranges
                0x000004f0       0x60 ../src/range_algs.o
 .debug_aranges
                0x00000550       0x40 ../src/rgb_led.o
 .debug_aranges
                0x00000590       0x48 ../src/rgb_sensor.o
 .debug_aranges
                0x000005d8       0x70 ../src/scheduler.o
 .debug_aranges
                0x00000648       0x28 ../src/serial_handler.o
 .debug_aranges
                0x00000670       0x20 ../src/droplet_base_asm.o

.debug_pubnames
 *(.debug_pubnames)

.debug_info     0x00000000    0x1ab81
 *(.debug_info .gnu.linkonce.wi.*)
 .debug_info    0x00000000     0x3409 C:/Program Files (x86)/Atmel/Studio/7.0/Packs/atmel/XMEGAA_DFP/1.1.68/gcc/dev/atxmega128a3u/avrxmega6/crtatxmega128a3u.o
 .debug_info    0x00003409      0x978 ../user_template.o
 .debug_info    0x00003d81      0x1ce ../src/droplet_base.o
 .debug_info    0x00003f4f     0x17ea ../src/droplet_init.o
 .debug_info    0x00005739      0x661 ../src/eeprom_driver.o
 .debug_info    0x00005d9a     0x1fc8 ../src/firefly_sync.o
 .debug_info    0x00007d62      0xcb4 ../src/i2c.o
 .debug_info    0x00008a16     0x3091 ../src/ir_comm.o
 .debug_info    0x0000baa7      0xaba ../src/ir_led.o
 .debug_info    0x0000c561     0x15f7 ../src/ir_sensor.o
 .debug_info    0x0000db58     0x2e37 ../src/localization.o
 .debug_info    0x0001098f     0x1726 ../src/motor.o
 .debug_info    0x000120b5      0xd3a ../src/pc_comm.o
 .debug_info    0x00012def      0x73d ../src/power.o
 .debug_info    0x0001352c      0x80c ../src/random.o
 .debug_info    0x00013d38     0x1d6a ../src/range_algs.o
 .debug_info    0x00015aa2      0xb50 ../src/rgb_led.o
 .debug_info    0x000165f2      0xf18 ../src/rgb_sensor.o
 .debug_info    0x0001750a      0xe72 ../src/scheduler.o
 .debug_info    0x0001837c     0x2773 ../src/serial_handler.o
 .debug_info    0x0001aaef       0x92 ../src/droplet_base_asm.o

.debug_abbrev   0x00000000     0x6fa1
 *(.debug_abbrev)
 .debug_abbrev  0x00000000     0x3148 C:/Program Files (x86)/Atmel/Studio/7.0/Packs/atmel/XMEGAA_DFP/1.1.68/gcc/dev/atxmega128a3u/avrxmega6/crtatxmega128a3u.o
 .debug_abbrev  0x00003148      0x1bf ../user_template.o
 .debug_abbrev  0x00003307      0x11d ../src/droplet_base.o
 .debug_abbrev  0x00003424      0x413 ../src/droplet_init.o
 .debug_abbrev  0x00003837      0x222 ../src/eeprom_driver.o
 .debug_abbrev  0x00003a59      0x3c5 ../src/firefly_sync.o
 .debug_abbrev  0x00003e1e      0x30c ../src/i2c.o
 .debug_abbrev  0x0000412a      0x608 ../src/ir_comm.o
 .debug_abbrev  0x00004732      0x1b7 ../src/ir_led.o
 .debug_abbrev  0x000048e9      0x3ee ../src/ir_sensor.o
 .debug_abbrev  0x00004cd7      0x4e6 ../src/localization.o
 .debug_abbrev  0x000051bd      0x422 ../src/motor.o
 .debug_abbrev  0x000055df      0x2cb ../src/pc_comm.o
 .debug_abbrev  0x000058aa      0x27e ../src/power.o
 .debug_abbrev  0x00005b28      0x2a1 ../src/random.o
 .debug_abbrev  0x00005dc9      0x4a9 ../src/range_algs.o
 .debug_abbrev  0x00006272      0x202 ../src/rgb_led.o
 .debug_abbrev  0x00006474      0x2e5 ../src/rgb_sensor.o
 .debug_abbrev  0x00006759      0x459 ../src/scheduler.o
 .debug_abbrev  0x00006bb2      0x3db ../src/serial_handler.o
 .debug_abbrev  0x00006f8d       0x14 ../src/droplet_base_asm.o

.debug_line     0x00000000     0x70b3
 *(.debug_line .debug_line.* .debug_line_end)
 .debug_line    0x00000000      0x39d C:/Program Files (x86)/Atmel/Studio/7.0/Packs/atmel/XMEGAA_DFP/1.1.68/gcc/dev/atxmega128a3u/avrxmega6/crtatxmega128a3u.o
 .debug_line    0x0000039d      0x1d2 ../user_template.o
 .debug_line    0x0000056f      0x15c ../src/droplet_base.o
 .debug_line    0x000006cb      0x91f ../src/droplet_init.o
 .debug_line    0x00000fea      0x373 ../src/eeprom_driver.o
 .debug_line    0x0000135d      0x590 ../src/firefly_sync.o
 .debug_line    0x000018ed      0x406 ../src/i2c.o
 .debug_line    0x00001cf3     0x10ee ../src/ir_comm.o
 .debug_line    0x00002de1      0x28f ../src/ir_led.o
 .debug_line    0x00003070      0x4f5 ../src/ir_sensor.o
 .debug_line    0x00003565      0xc67 ../src/localization.o
 .debug_line    0x000041cc      0x5a5 ../src/motor.o
 .debug_line    0x00004771      0x2e2 ../src/pc_comm.o
 .debug_line    0x00004a53      0x44b ../src/power.o
 .debug_line    0x00004e9e      0x2c0 ../src/random.o
 .debug_line    0x0000515e      0x87b ../src/range_algs.o
 .debug_line    0x000059d9      0x277 ../src/rgb_led.o
 .debug_line    0x00005c50      0x43f ../src/rgb_sensor.o
 .debug_line    0x0000608f      0x895 ../src/scheduler.o
 .debug_line    0x00006924      0x720 ../src/serial_handler.o
 .debug_line    0x00007044       0x6f ../src/droplet_base_asm.o

.debug_frame    0x00000000     0x2610
 *(.debug_frame)
 .debug_frame   0x00000000       0x44 ../user_template.o
 .debug_frame   0x00000044       0x3c ../src/droplet_base.o
 .debug_frame   0x00000080       0x58 ../src/droplet_init.o
 .debug_frame   0x000000d8       0xe4 ../src/eeprom_driver.o
 .debug_frame   0x000001bc      0x250 ../src/firefly_sync.o
 .debug_frame   0x0000040c      0x1b0 ../src/i2c.o
 .debug_frame   0x000005bc      0xa68 ../src/ir_comm.o
 .debug_frame   0x00001024       0x84 ../src/ir_led.o
 .debug_frame   0x000010a8      0x160 ../src/ir_sensor.o
 .debug_frame   0x00001208      0x4b0 ../src/localization.o
 .debug_frame   0x000016b8      0x28c ../src/motor.o
 .debug_frame   0x00001944       0xb8 ../src/pc_comm.o
 .debug_frame   0x000019fc       0x9c ../src/power.o
 .debug_frame   0x00001a98       0xf0 ../src/random.o
 .debug_frame   0x00001b88      0x318 ../src/range_algs.o
 .debug_frame   0x00001ea0      0x104 ../src/rgb_led.o
 .debug_frame   0x00001fa4      0x100 ../src/rgb_sensor.o
 .debug_frame   0x000020a4      0x4a4 ../src/scheduler.o
 .debug_frame   0x00002548       0xc8 ../src/serial_handler.o

.debug_str      0x00000000     0x72d0
 *(.debug_str)
 .debug_str     0x00000000     0x223b C:/Program Files (x86)/Atmel/Studio/7.0/Packs/atmel/XMEGAA_DFP/1.1.68/gcc/dev/atxmega128a3u/avrxmega6/crtatxmega128a3u.o
 .debug_str     0x0000223b      0x527 ../user_template.o
                                0x5c7 (size before relaxing)
 .debug_str     0x00002762       0x72 ../src/droplet_base.o
                                0x20d (size before relaxing)
 .debug_str     0x000027d4      0x965 ../src/droplet_init.o
                                0xf2f (size before relaxing)
 .debug_str     0x00003139       0xfd ../src/eeprom_driver.o
                                0x693 (size before relaxing)
 .debug_str     0x00003236     0x142a ../src/firefly_sync.o
                               0x1acc (size before relaxing)
 .debug_str     0x00004660      0x53f ../src/i2c.o
                                0x84a (size before relaxing)
 .debug_str     0x00004b9f      0x7c6 ../src/ir_comm.o
                               0x1195 (size before relaxing)
 .debug_str     0x00005365      0x233 ../src/ir_led.o
                                0x817 (size before relaxing)
 .debug_str     0x00005598      0x726 ../src/ir_sensor.o
                                0xe9f (size before relaxing)
 .debug_str     0x00005cbe      0x4ab ../src/localization.o
                                0xaed (size before relaxing)
 .debug_str     0x00006169      0x1d8 ../src/motor.o
                                0xabf (size before relaxing)
 .debug_str     0x00006341      0x110 ../src/pc_comm.o
                                0x8bd (size before relaxing)
 .debug_str     0x00006451      0x227 ../src/power.o
                                0x5a5 (size before relaxing)
 .debug_str     0x00006678       0x85 ../src/random.o
                                0x414 (size before relaxing)
 .debug_str     0x000066fd      0x298 ../src/range_algs.o
                                0x8d9 (size before relaxing)
 .debug_str     0x00006995       0x58 ../src/rgb_led.o
                                0x787 (size before relaxing)
 .debug_str     0x000069ed      0x179 ../src/rgb_sensor.o
                                0xbfa (size before relaxing)
 .debug_str     0x00006b66      0x28f ../src/scheduler.o
                                0x7c5 (size before relaxing)
 .debug_str     0x00006df5      0x4db ../src/serial_handler.o
                                0xe3b (size before relaxing)

.debug_loc      0x00000000     0xdc29
 *(.debug_loc)
 .debug_loc     0x00000000      0x101 ../src/droplet_base.o
 .debug_loc     0x00000101     0x124e ../src/droplet_init.o
 .debug_loc     0x0000134f      0x400 ../src/eeprom_driver.o
 .debug_loc     0x0000174f      0x80b ../src/firefly_sync.o
 .debug_loc     0x00001f5a      0xb02 ../src/i2c.o
 .debug_loc     0x00002a5c     0x3183 ../src/ir_comm.o
 .debug_loc     0x00005bdf      0x193 ../src/ir_led.o
 .debug_loc     0x00005d72      0x7b2 ../src/ir_sensor.o
 .debug_loc     0x00006524     0x23b7 ../src/localization.o
 .debug_loc     0x000088db      0xa7d ../src/motor.o
 .debug_loc     0x00009358      0x208 ../src/pc_comm.o
 .debug_loc     0x00009560      0x285 ../src/power.o
 .debug_loc     0x000097e5      0x2de ../src/random.o
 .debug_loc     0x00009ac3     0x17f8 ../src/range_algs.o
 .debug_loc     0x0000b2bb      0x8b9 ../src/rgb_led.o
 .debug_loc     0x0000bb74      0x52f ../src/rgb_sensor.o
 .debug_loc     0x0000c0a3     0x10e6 ../src/scheduler.o
 .debug_loc     0x0000d189      0xaa0 ../src/serial_handler.o

.debug_macinfo
 *(.debug_macinfo)

.debug_weaknames
 *(.debug_weaknames)

.debug_funcnames
 *(.debug_funcnames)

.debug_typenames
 *(.debug_typenames)

.debug_varnames
 *(.debug_varnames)

.debug_pubtypes
 *(.debug_pubtypes)

.debug_ranges   0x00000000     0x11b8
 *(.debug_ranges)
 .debug_ranges  0x00000000       0x20 ../user_template.o
 .debug_ranges  0x00000020       0x10 ../src/droplet_base.o
 .debug_ranges  0x00000030      0x100 ../src/droplet_init.o
 .debug_ranges  0x00000130       0x90 ../src/eeprom_driver.o
 .debug_ranges  0x000001c0       0xa8 ../src/firefly_sync.o
 .debug_ranges  0x00000268       0xb0 ../src/i2c.o
 .debug_ranges  0x00000318      0x2c8 ../src/ir_comm.o
 .debug_ranges  0x000005e0       0x28 ../src/ir_led.o
 .debug_ranges  0x00000608       0xb0 ../src/ir_sensor.o
 .debug_ranges  0x000006b8      0x3c8 ../src/localization.o
 .debug_ranges  0x00000a80      0x178 ../src/motor.o
 .debug_ranges  0x00000bf8       0x40 ../src/pc_comm.o
 .debug_ranges  0x00000c38       0x68 ../src/power.o
 .debug_ranges  0x00000ca0       0x38 ../src/random.o
 .debug_ranges  0x00000cd8      0x178 ../src/range_algs.o
 .debug_ranges  0x00000e50       0x30 ../src/rgb_led.o
 .debug_ranges  0x00000e80       0x50 ../src/rgb_sensor.o
 .debug_ranges  0x00000ed0      0x1d8 ../src/scheduler.o
 .debug_ranges  0x000010a8      0x110 ../src/serial_handler.o

.debug_macro
 *(.debug_macro)
OUTPUT(Droplets.elf elf32-avr)
LOAD linker stubs

.BOOT           0x00020000        0x0

Cross Reference Table

Symbol                                            File
EEPROM_erase_all                                  ../src/eeprom_driver.o
EEPROM_erase_page                                 ../src/eeprom_driver.o
EEPROM_read_block                                 ../src/eeprom_driver.o
EEPROM_read_byte                                  ../src/eeprom_driver.o
                                                  ../src/motor.o
EEPROM_write_block                                ../src/eeprom_driver.o
EEPROM_write_byte                                 ../src/eeprom_driver.o
                                                  ../src/motor.o
FLASH_EraseApplicationSections                    ../src/flash_api.o
FLASH_EraseWriteApplicationPage                   ../src/flash_api.o
FLASH_FlushFlasPageBuffer                         ../src/flash_api.o
FLASH_LoadFlashPageBuffer                         ../src/flash_api.o
FLASH_ReadByte                                    ../src/flash_api.o
FLASH_ReadFlashPage                               ../src/flash_api.o
FLASH_WaitForNVM                                  ../src/flash_api.o
LoadR0                                            ../src/flash_api_asm.o
                                                  ../src/flash_api.o
LoadZ                                             ../src/flash_api_asm.o
                                                  ../src/flash_api.o
OrderedBotIDs                                     ../src/droplet_init.o
ReadELPM                                          ../src/flash_api_asm.o
SEED_IDS                                          ../src/localization.o
SEED_POS                                          ../src/localization.o
SP_ApplicationCRC                                 ../src/sp_driver.o
SP_BootCRC                                        ../src/sp_driver.o
SP_EraseApplicationPage                           ../src/sp_driver.o
                                                  ../src/flash_api.o
SP_EraseApplicationSection                        ../src/sp_driver.o
SP_EraseBootPage                                  ../src/sp_driver.o
SP_EraseFlashBuffer                               ../src/sp_driver.o
                                                  ../src/flash_api.o
SP_EraseUserSignatureRow                          ../src/sp_driver.o
                                                  ../src/flash_api.o
SP_EraseWriteApplicationPage                      ../src/sp_driver.o
                                                  ../src/flash_api.o
SP_EraseWriteBootPage                             ../src/sp_driver.o
SP_LoadFlashPage                                  ../src/sp_driver.o
                                                  ../src/flash_api.o
SP_LoadFlashWord                                  ../src/sp_driver.o
                                                  ../src/flash_api.o
SP_LockSPM                                        ../src/sp_driver.o
SP_ReadByte                                       ../src/sp_driver.o
                                                  ../src/flash_api.o
SP_ReadCalibrationByte                            ../src/sp_driver.o
SP_ReadFlashPage                                  ../src/sp_driver.o
                                                  ../src/flash_api.o
SP_ReadFuseByte                                   ../src/sp_driver.o
SP_ReadLockBits                                   ../src/sp_driver.o
SP_ReadUserSignatureByte                          ../src/sp_driver.o
                                                  ../src/flash_api.o
SP_ReadWord                                       ../src/sp_driver.o
SP_WaitForSPM                                     ../src/sp_driver.o
                                                  ../src/flash_api.o
SP_WriteApplicationPage                           ../src/sp_driver.o
SP_WriteBootPage                                  ../src/sp_driver.o
SP_WriteLockBits                                  ../src/sp_driver.o
SP_WriteUserSignatureRow                          ../src/sp_driver.o
                                                  ../src/flash_api.o
__FUSE_REGION_LENGTH__                            C:/Program Files (x86)/Atmel/Studio/7.0/Packs/atmel/XMEGAA_DFP/1.1.68/gcc/dev/atxmega128a3u/avrxmega6/crtatxmega128a3u.o
__addsf3                                          c:/program files (x86)/atmel/studio/7.0/toolchain/avr8/avr8-gnu-toolchain/bin/../lib/gcc/avr/5.4.0/../../../../avr/lib/avrxmega6\libm.a(addsf3.o)
                                                  c:/program files (x86)/atmel/studio/7.0/toolchain/avr8/avr8-gnu-toolchain/bin/../lib/gcc/avr/5.4.0/../../../../avr/lib/avrxmega6\libm.a(log.o)
                                                  c:/program files (x86)/atmel/studio/7.0/toolchain/avr8/avr8-gnu-toolchain/bin/../lib/gcc/avr/5.4.0/../../../../avr/lib/avrxmega6\libm.a(atan2.o)
                                                  ../src/range_algs.o
                                                  ../src/random.o
                                                  ../src/matrix_utils.o
                                                  ../src/localization.o
                                                  ../src/firefly_sync.o
__addsf3x                                         c:/program files (x86)/atmel/studio/7.0/toolchain/avr8/avr8-gnu-toolchain/bin/../lib/gcc/avr/5.4.0/../../../../avr/lib/avrxmega6\libm.a(addsf3x.o)
                                                  c:/program files (x86)/atmel/studio/7.0/toolchain/avr8/avr8-gnu-toolchain/bin/../lib/gcc/avr/5.4.0/../../../../avr/lib/avrxmega6\libm.a(log.o)
                                                  c:/program files (x86)/atmel/studio/7.0/toolchain/avr8/avr8-gnu-toolchain/bin/../lib/gcc/avr/5.4.0/../../../../avr/lib/avrxmega6\libm.a(fp_sinus.o)
                                                  c:/program files (x86)/atmel/studio/7.0/toolchain/avr8/avr8-gnu-toolchain/bin/../lib/gcc/avr/5.4.0/../../../../avr/lib/avrxmega6\libm.a(fp_powser.o)
                                                  c:/program files (x86)/atmel/studio/7.0/toolchain/avr8/avr8-gnu-toolchain/bin/../lib/gcc/avr/5.4.0/../../../../avr/lib/avrxmega6\libm.a(atan.o)
                                                  c:/program files (x86)/atmel/studio/7.0/toolchain/avr8/avr8-gnu-toolchain/bin/../lib/gcc/avr/5.4.0/../../../../avr/lib/avrxmega6\libm.a(addsf3.o)
                                                  c:/program files (x86)/atmel/studio/7.0/toolchain/avr8/avr8-gnu-toolchain/bin/../lib/gcc/avr/5.4.0/../../../../avr/lib/avrxmega6\libm.a(acos.o)
__bad_interrupt                                   C:/Program Files (x86)/Atmel/Studio/7.0/Packs/atmel/XMEGAA_DFP/1.1.68/gcc/dev/atxmega128a3u/avrxmega6/crtatxmega128a3u.o
__brkval                                          c:/program files (x86)/atmel/studio/7.0/toolchain/avr8/avr8-gnu-toolchain/bin/../lib/gcc/avr/5.4.0/../../../../avr/lib/avrxmega6\libc.a(malloc.o)
__bss_end                                         c:/program files (x86)/atmel/studio/7.0/toolchain/avr8/avr8-gnu-toolchain/bin/../lib/gcc/avr/5.4.0/avrxmega6\libgcc.a(_clear_bss.o)
__bss_start                                       c:/program files (x86)/atmel/studio/7.0/toolchain/avr8/avr8-gnu-toolchain/bin/../lib/gcc/avr/5.4.0/avrxmega6\libgcc.a(_clear_bss.o)
__cmpsf2                                          c:/program files (x86)/atmel/studio/7.0/toolchain/avr8/avr8-gnu-toolchain/bin/../lib/gcc/avr/5.4.0/../../../../avr/lib/avrxmega6\libm.a(cmpsf2.o)
__ctype_isfalse                                   c:/program files (x86)/atmel/studio/7.0/toolchain/avr8/avr8-gnu-toolchain/bin/../lib/gcc/avr/5.4.0/../../../../avr/lib/avrxmega6\libc.a(cty_isfalse.o)
                                                  c:/program files (x86)/atmel/studio/7.0/toolchain/avr8/avr8-gnu-toolchain/bin/../lib/gcc/avr/5.4.0/../../../../avr/lib/avrxmega6\libc.a(isspace.o)
__ctype_istrue                                    c:/program files (x86)/atmel/studio/7.0/toolchain/avr8/avr8-gnu-toolchain/bin/../lib/gcc/avr/5.4.0/../../../../avr/lib/avrxmega6\libc.a(cty_isfalse.o)
__data_end                                        c:/program files (x86)/atmel/studio/7.0/toolchain/avr8/avr8-gnu-toolchain/bin/../lib/gcc/avr/5.4.0/avrxmega6\libgcc.a(_copy_data.o)
__data_load_start                                 c:/program files (x86)/atmel/studio/7.0/toolchain/avr8/avr8-gnu-toolchain/bin/../lib/gcc/avr/5.4.0/avrxmega6\libgcc.a(_copy_data.o)
__data_start                                      c:/program files (x86)/atmel/studio/7.0/toolchain/avr8/avr8-gnu-toolchain/bin/../lib/gcc/avr/5.4.0/avrxmega6\libgcc.a(_copy_data.o)
__divmodhi4                                       c:/program files (x86)/atmel/studio/7.0/toolchain/avr8/avr8-gnu-toolchain/bin/../lib/gcc/avr/5.4.0/avrxmega6\libgcc.a(_divmodhi4.o)
                                                  ../src/range_algs.o
                                                  ../src/localization.o
__divsf3                                          c:/program files (x86)/atmel/studio/7.0/toolchain/avr8/avr8-gnu-toolchain/bin/../lib/gcc/avr/5.4.0/../../../../avr/lib/avrxmega6\libm.a(divsf3.o)
                                                  c:/program files (x86)/atmel/studio/7.0/toolchain/avr8/avr8-gnu-toolchain/bin/../lib/gcc/avr/5.4.0/../../../../avr/lib/avrxmega6\libm.a(inverse.o)
                                                  ../src/rgb_led.o
                                                  ../src/range_algs.o
                                                  ../src/motor.o
                                                  ../src/matrix_utils.o
                                                  ../src/localization.o
                                                  ../src/firefly_sync.o
__divsf3_pse                                      c:/program files (x86)/atmel/studio/7.0/toolchain/avr8/avr8-gnu-toolchain/bin/../lib/gcc/avr/5.4.0/../../../../avr/lib/avrxmega6\libm.a(divsf3x.o)
                                                  c:/program files (x86)/atmel/studio/7.0/toolchain/avr8/avr8-gnu-toolchain/bin/../lib/gcc/avr/5.4.0/../../../../avr/lib/avrxmega6\libm.a(atan2.o)
__divsf3x                                         c:/program files (x86)/atmel/studio/7.0/toolchain/avr8/avr8-gnu-toolchain/bin/../lib/gcc/avr/5.4.0/../../../../avr/lib/avrxmega6\libm.a(divsf3x.o)
                                                  c:/program files (x86)/atmel/studio/7.0/toolchain/avr8/avr8-gnu-toolchain/bin/../lib/gcc/avr/5.4.0/../../../../avr/lib/avrxmega6\libm.a(divsf3.o)
__do_clear_bss                                    c:/program files (x86)/atmel/studio/7.0/toolchain/avr8/avr8-gnu-toolchain/bin/../lib/gcc/avr/5.4.0/avrxmega6\libgcc.a(_clear_bss.o)
                                                  c:/program files (x86)/atmel/studio/7.0/toolchain/avr8/avr8-gnu-toolchain/bin/../lib/gcc/avr/5.4.0/../../../../avr/lib/avrxmega6\libc.a(errno.o)
                                                  c:/program files (x86)/atmel/studio/7.0/toolchain/avr8/avr8-gnu-toolchain/bin/../lib/gcc/avr/5.4.0/../../../../avr/lib/avrxmega6\libc.a(iob.o)
                                                  c:/program files (x86)/atmel/studio/7.0/toolchain/avr8/avr8-gnu-toolchain/bin/../lib/gcc/avr/5.4.0/../../../../avr/lib/avrxmega6\libc.a(strtok.o)
                                                  c:/program files (x86)/atmel/studio/7.0/toolchain/avr8/avr8-gnu-toolchain/bin/../lib/gcc/avr/5.4.0/../../../../avr/lib/avrxmega6\libc.a(malloc.o)
                                                  ../src/speaker.o
                                                  ../src/serial_handler.o
                                                  ../src/scheduler.o
                                                  ../src/rgb_sensor.o
                                                  ../src/rgb_led.o
                                                  ../src/range_algs.o
                                                  ../src/random.o
                                                  ../src/power.o
                                                  ../src/pc_comm.o
                                                  ../src/motor.o
                                                  ../src/mic.o
                                                  ../src/matrix_utils.o
                                                  ../src/localization.o
                                                  ../src/ir_sensor.o
                                                  ../src/ir_led.o
                                                  ../src/ir_comm.o
                                                  ../src/i2c.o
                                                  ../src/flash_api.o
                                                  ../src/firefly_sync.o
                                                  ../src/droplet_init.o
                                                  ../src/droplet_base.o
                                                  ../user_template.o
__do_copy_data                                    c:/program files (x86)/atmel/studio/7.0/toolchain/avr8/avr8-gnu-toolchain/bin/../lib/gcc/avr/5.4.0/avrxmega6\libgcc.a(_copy_data.o)
                                                  c:/program files (x86)/atmel/studio/7.0/toolchain/avr8/avr8-gnu-toolchain/bin/../lib/gcc/avr/5.4.0/../../../../avr/lib/avrxmega6\libc.a(malloc.o)
                                                  ../src/serial_handler.o
                                                  ../src/scheduler.o
                                                  ../src/range_algs.o
                                                  ../src/pc_comm.o
                                                  ../src/motor.o
                                                  ../src/matrix_utils.o
                                                  ../src/localization.o
                                                  ../src/ir_sensor.o
                                                  ../src/ir_led.o
                                                  ../src/ir_comm.o
                                                  ../src/droplet_init.o
__eqsf2                                           c:/program files (x86)/atmel/studio/7.0/toolchain/avr8/avr8-gnu-toolchain/bin/../lib/gcc/avr/5.4.0/../../../../avr/lib/avrxmega6\libm.a(cmpsf2.o)
                                                  ../src/matrix_utils.o
__fixsfsi                                         c:/program files (x86)/atmel/studio/7.0/toolchain/avr8/avr8-gnu-toolchain/bin/../lib/gcc/avr/5.4.0/../../../../avr/lib/avrxmega6\libm.a(fixsfsi.o)
                                                  ../src/range_algs.o
                                                  ../src/localization.o
__fixunssfsi                                      c:/program files (x86)/atmel/studio/7.0/toolchain/avr8/avr8-gnu-toolchain/bin/../lib/gcc/avr/5.4.0/../../../../avr/lib/avrxmega6\libm.a(fixunssfsi.o)
                                                  c:/program files (x86)/atmel/studio/7.0/toolchain/avr8/avr8-gnu-toolchain/bin/../lib/gcc/avr/5.4.0/../../../../avr/lib/avrxmega6\libm.a(fixsfsi.o)
                                                  ../src/rgb_led.o
                                                  ../src/range_algs.o
                                                  ../src/motor.o
                                                  ../src/localization.o
                                                  ../src/ir_comm.o
                                                  ../src/firefly_sync.o