Archive member included to satisfy reference by file (symbol)

c:/program files (x86)/atmel/studio/7.0/toolchain/avr8/avr8-gnu-toolchain/bin/../lib/gcc/avr/5.4.0/../../../../avr/lib/avrxmega6\libprintf_flt.a(vfprintf_flt.o)
                              (vfprintf)
c:/program files (x86)/atmel/studio/7.0/toolchain/avr8/avr8-gnu-toolchain/bin/../lib/gcc/avr/5.4.0/../../../../avr/lib/avrxmega6\libscanf_flt.a(vfscanf_flt.o)
                              (vfscanf)
c:/program files (x86)/atmel/studio/7.0/toolchain/avr8/avr8-gnu-toolchain/bin/../lib/gcc/avr/5.4.0/../../../../avr/lib/avrxmega6\libm.a(acos.o)
                              ../build/src/../src/matrix_utils.o (acos)
c:/program files (x86)/atmel/studio/7.0/toolchain/avr8/avr8-gnu-toolchain/bin/../lib/gcc/avr/5.4.0/../../../../avr/lib/avrxmega6\libm.a(addsf3.o)
                              ../build/src/../pong.o (__subsf3)
c:/program files (x86)/atmel/studio/7.0/toolchain/avr8/avr8-gnu-toolchain/bin/../lib/gcc/avr/5.4.0/../../../../avr/lib/avrxmega6\libm.a(addsf3x.o)
                              c:/program files (x86)/atmel/studio/7.0/toolchain/avr8/avr8-gnu-toolchain/bin/../lib/gcc/avr/5.4.0/../../../../avr/lib/avrxmega6\libm.a(acos.o) (__addsf3x)
c:/program files (x86)/atmel/studio/7.0/toolchain/avr8/avr8-gnu-toolchain/bin/../lib/gcc/avr/5.4.0/../../../../avr/lib/avrxmega6\libm.a(atan2.o)
                              ../build/src/../pong.o (atan2)
c:/program files (x86)/atmel/studio/7.0/toolchain/avr8/avr8-gnu-toolchain/bin/../lib/gcc/avr/5.4.0/../../../../avr/lib/avrxmega6\libm.a(atan.o)
                              c:/program files (x86)/atmel/studio/7.0/toolchain/avr8/avr8-gnu-toolchain/bin/../lib/gcc/avr/5.4.0/../../../../avr/lib/avrxmega6\libm.a(atan2.o) (atan)
c:/program files (x86)/atmel/studio/7.0/toolchain/avr8/avr8-gnu-toolchain/bin/../lib/gcc/avr/5.4.0/../../../../avr/lib/avrxmega6\libm.a(cmpsf2.o)
                              ../build/src/../src/matrix_utils.o (__eqsf2)
c:/program files (x86)/atmel/studio/7.0/toolchain/avr8/avr8-gnu-toolchain/bin/../lib/gcc/avr/5.4.0/../../../../avr/lib/avrxmega6\libm.a(cos.o)
                              ../build/src/../pong.o (cos)
c:/program files (x86)/atmel/studio/7.0/toolchain/avr8/avr8-gnu-toolchain/bin/../lib/gcc/avr/5.4.0/../../../../avr/lib/avrxmega6\libm.a(divsf3.o)
                              ../build/src/../pong.o (__divsf3)
c:/program files (x86)/atmel/studio/7.0/toolchain/avr8/avr8-gnu-toolchain/bin/../lib/gcc/avr/5.4.0/../../../../avr/lib/avrxmega6\libm.a(divsf3x.o)
                              c:/program files (x86)/atmel/studio/7.0/toolchain/avr8/avr8-gnu-toolchain/bin/../lib/gcc/avr/5.4.0/../../../../avr/lib/avrxmega6\libm.a(divsf3.o) (__divsf3x)
c:/program files (x86)/atmel/studio/7.0/toolchain/avr8/avr8-gnu-toolchain/bin/../lib/gcc/avr/5.4.0/../../../../avr/lib/avrxmega6\libm.a(exp.o)
                              ../build/src/../src/range_algs.o (exp)
c:/program files (x86)/atmel/studio/7.0/toolchain/avr8/avr8-gnu-toolchain/bin/../lib/gcc/avr/5.4.0/../../../../avr/lib/avrxmega6\libm.a(fixsfsi.o)
                              ../build/src/../pong.o (__fixsfsi)
c:/program files (x86)/atmel/studio/7.0/toolchain/avr8/avr8-gnu-toolchain/bin/../lib/gcc/avr/5.4.0/../../../../avr/lib/avrxmega6\libm.a(fixunssfsi.o)
                              ../build/src/../pong.o (__fixunssfsi)
c:/program files (x86)/atmel/studio/7.0/toolchain/avr8/avr8-gnu-toolchain/bin/../lib/gcc/avr/5.4.0/../../../../avr/lib/avrxmega6\libm.a(floatsisf.o)
                              ../build/src/../pong.o (__floatunsisf)
c:/program files (x86)/atmel/studio/7.0/toolchain/avr8/avr8-gnu-toolchain/bin/../lib/gcc/avr/5.4.0/../../../../avr/lib/avrxmega6\libm.a(fmod.o)
                              ../build/src/../pong.o (fmod)
c:/program files (x86)/atmel/studio/7.0/toolchain/avr8/avr8-gnu-toolchain/bin/../lib/gcc/avr/5.4.0/../../../../avr/lib/avrxmega6\libm.a(fp_arccos.o)
                              c:/program files (x86)/atmel/studio/7.0/toolchain/avr8/avr8-gnu-toolchain/bin/../lib/gcc/avr/5.4.0/../../../../avr/lib/avrxmega6\libm.a(acos.o) (__fp_arccos)
c:/program files (x86)/atmel/studio/7.0/toolchain/avr8/avr8-gnu-toolchain/bin/../lib/gcc/avr/5.4.0/../../../../avr/lib/avrxmega6\libm.a(fp_cmp.o)
                              c:/program files (x86)/atmel/studio/7.0/toolchain/avr8/avr8-gnu-toolchain/bin/../lib/gcc/avr/5.4.0/../../../../avr/lib/avrxmega6\libm.a(cmpsf2.o) (__fp_cmp)
c:/program files (x86)/atmel/studio/7.0/toolchain/avr8/avr8-gnu-toolchain/bin/../lib/gcc/avr/5.4.0/../../../../avr/lib/avrxmega6\libm.a(fp_inf.o)
                              c:/program files (x86)/atmel/studio/7.0/toolchain/avr8/avr8-gnu-toolchain/bin/../lib/gcc/avr/5.4.0/../../../../avr/lib/avrxmega6\libm.a(addsf3x.o) (__fp_inf)
c:/program files (x86)/atmel/studio/7.0/toolchain/avr8/avr8-gnu-toolchain/bin/../lib/gcc/avr/5.4.0/../../../../avr/lib/avrxmega6\libm.a(fp_mpack.o)
[...]
Memory Configuration

Name             Origin             Length             Attributes
text             0x00000000         0x00100000         xr
data             0x00802000         0x0000ffa0         rw !x
eeprom           0x00810000         0x00010000         rw !x
fuse             0x00820000         0x00000006         rw !x
lock             0x00830000         0x00000400         rw !x
signature        0x00840000         0x00000400         rw !x
user_signatures  0x00850000         0x00000400         rw !x
*default*        0x00000000         0xffffffff

Linker script and memory map

LOAD C:/Program Files (x86)/Atmel/Studio/7.0/Packs/atmel/XMEGAA_DFP/1.1.68/gcc/dev/atxmega128a3u/avrxmega6/crtatxmega128a3u.o
LOAD ../build/src/../pong.o
LOAD ../build/src/../src/droplet_base.o
LOAD ../build/src/../src/droplet_init.o
LOAD ../build/src/../src/eeprom_driver.o
LOAD ../build/src/../src/firefly_sync.o
LOAD ../build/src/../src/flash_api.o
LOAD ../build/src/../src/i2c.o
LOAD ../build/src/../src/ir_comm.o
LOAD ../build/src/../src/ir_led.o
LOAD ../build/src/../src/ir_sensor.o
LOAD ../build/src/../src/localization.o
LOAD ../build/src/../src/matrix_utils.o
LOAD ../build/src/../src/mic.o
LOAD ../build/src/../src/motor.o
LOAD ../build/src/../src/pc_comm.o
LOAD ../build/src/../src/power.o
LOAD ../build/src/../src/random.o
LOAD ../build/src/../src/range_algs.o
LOAD ../build/src/../src/rgb_led.o
LOAD ../build/src/../src/rgb_sensor.o
LOAD ../build/src/../src/scheduler.o
LOAD ../build/src/../src/serial_handler.o
LOAD ../build/src/../src/speaker.o
LOAD ../build/src/../src/droplet_base_asm.o
LOAD ../build/src/../src/flash_api_asm.o
LOAD ../build/src/../src/sp_driver.o
LOAD c:/program files (x86)/atmel/studio/7.0/toolchain/avr8/avr8-gnu-toolchain/bin/../lib/gcc/avr/5.4.0/../../../../avr/lib/avrxmega6\libprintf_flt.a
LOAD c:/program files (x86)/atmel/studio/7.0/toolchain/avr8/avr8-gnu-toolchain/bin/../lib/gcc/avr/5.4.0/../../../../avr/lib/avrxmega6\libscanf_flt.a
LOAD c:/program files (x86)/atmel/studio/7.0/toolchain/avr8/avr8-gnu-toolchain/bin/../lib/gcc/avr/5.4.0/../../../../avr/lib/avrxmega6\libm.a
Address of section .BOOT set to 0x20000
START GROUP
LOAD c:/program files (x86)/atmel/studio/7.0/toolchain/avr8/avr8-gnu-toolchain/bin/../lib/gcc/avr/5.4.0/avrxmega6\libgcc.a
LOAD c:/program files (x86)/atmel/studio/7.0/toolchain/avr8/avr8-gnu-toolchain/bin/../lib/gcc/avr/5.4.0/../../../../avr/lib/avrxmega6\libm.a
LOAD c:/program files (x86)/atmel/studio/7.0/toolchain/avr8/avr8-gnu-toolchain/bin/../lib/gcc/avr/5.4.0/../../../../avr/lib/avrxmega6\libc.a
LOAD C:/Program Files (x86)/Atmel/Studio/7.0/Packs/atmel/XMEGAA_DFP/1.1.68/gcc/dev/atxmega128a3u/avrxmega6\libatxmega128a3u.a
END GROUP
                0x00100000                __TEXT_REGION_LENGTH__ = DEFINED (__TEXT_REGION_LENGTH__)?__TEXT_REGION_LENGTH__:0x100000
                0x0000ffa0                __DATA_REGION_LENGTH__ = DEFINED (__DATA_REGION_LENGTH__)?__DATA_REGION_LENGTH__:0xffa0
                0x00010000                __EEPROM_REGION_LENGTH__ = DEFINED (__EEPROM_REGION_LENGTH__)?__EEPROM_REGION_LENGTH__:0x10000
                [0x00000006]                __FUSE_REGION_LENGTH__ = DEFINED (__FUSE_REGION_LENGTH__)?__FUSE_REGION_LENGTH__:0x400
                0x00000400                __LOCK_REGION_LENGTH__ = DEFINED (__LOCK_REGION_LENGTH__)?__LOCK_REGION_LENGTH__:0x400
                0x00000400                __SIGNATURE_REGION_LENGTH__ = DEFINED (__SIGNATURE_REGION_LENGTH__)?__SIGNATURE_REGION_LENGTH__:0x400
                0x00000400                __USER_SIGNATURE_REGION_LENGTH__ = DEFINED (__USER_SIGNATURE_REGION_LENGTH__)?__USER_SIGNATURE_REGION_LENGTH__:0x400

.hash
 *(.hash)

.dynsym
 *(.dynsym)

.dynstr
 *(.dynstr)

.gnu.version
 *(.gnu.version)

.gnu.version_d
 *(.gnu.version_d)

.gnu.version_r
 *(.gnu.version_r)

.rel.init
 *(.rel.init)

.rela.init
 *(.rela.init)

.rel.text
 *(.rel.text)
 *(.rel.text.*)
 *(.rel.gnu.linkonce.t*)

.rela.text
 *(.rela.text)
 *(.rela.text.*)
 *(.rela.gnu.linkonce.t*)

.rel.fini
 *(.rel.fini)

.rela.fini
 *(.rela.fini)

.rel.rodata
 *(.rel.rodata)
 *(.rel.rodata.*)
 *(.rel.gnu.linkonce.r*)

.rela.rodata
 *(.rela.rodata)
 *(.rela.rodata.*)
 *(.rela.gnu.linkonce.r*)

.rel.data
 *(.rel.data)
 *(.rel.data.*)
 *(.rel.gnu.linkonce.d*)

.rela.data
 *(.rela.data)
 *(.rela.data.*)
 *(.rela.gnu.linkonce.d*)

.rel.ctors
 *(.rel.ctors)

.rela.ctors
 *(.rela.ctors)

.rel.dtors
 *(.rel.dtors)

.rela.dtors
 *(.rela.dtors)

.rel.got
 *(.rel.got)

.rela.got
 *(.rela.got)

.rel.bss
 *(.rel.bss)

.rela.bss
 *(.rela.bss)

.rel.plt
 *(.rel.plt)

.rela.plt
 *(.rela.plt)

.text           0x00000000     0xfdfe
 *(.vectors)
 .vectors       0x00000000      0x1fc C:/Program Files (x86)/Atmel/Studio/7.0/Packs/atmel/XMEGAA_DFP/1.1.68/gcc/dev/atxmega128a3u/avrxmega6/crtatxmega128a3u.o
                0x00000000                __vector_default
                0x00000000                __vectors
 *(.vectors)
 *(.progmem.gcc*)
 .progmem.gcc_sw_table.ir_transmit
                0x000001fc       0x10 ../build/src/../src/ir_comm.o
 .progmem.gcc_sw_table.ir_receive
                0x0000020c       0x10 ../build/src/../src/ir_comm.o
 .progmem.gcc_fplib
                0x0000021c       0x2d c:/program files (x86)/atmel/studio/7.0/toolchain/avr8/avr8-gnu-toolchain/bin/../lib/gcc/avr/5.4.0/../../../../avr/lib/avrxmega6\libm.a(atan.o)
 .progmem.gcc_fplib
                0x00000249       0x28 c:/program files (x86)/atmel/studio/7.0/toolchain/avr8/avr8-gnu-toolchain/bin/../lib/gcc/avr/5.4.0/../../../../avr/lib/avrxmega6\libm.a(exp.o)
 .progmem.gcc_fplib
                0x00000271       0x28 c:/program files (x86)/atmel/studio/7.0/toolchain/avr8/avr8-gnu-toolchain/bin/../lib/gcc/avr/5.4.0/../../../../avr/lib/avrxmega6\libm.a(fp_arccos.o)
 .progmem.gcc_fplib
                0x00000299       0x1e c:/program files (x86)/atmel/studio/7.0/toolchain/avr8/avr8-gnu-toolchain/bin/../lib/gcc/avr/5.4.0/../../../../avr/lib/avrxmega6\libm.a(fp_sinus.o)
 .progmem.gcc_fplib
                0x000002b7       0x5a c:/program files (x86)/atmel/studio/7.0/toolchain/avr8/avr8-gnu-toolchain/bin/../lib/gcc/avr/5.4.0/../../../../avr/lib/avrxmega6\libm.a(log.o)
                0x00000312                . = ALIGN (0x2)
 *fill*         0x00000311        0x1 
                0x00000312                __trampolines_start = .
 *(.trampolines)
 .trampolines   0x00000312       0x80 linker stubs
 *(.trampolines*)
                0x00000392                __trampolines_end = .
 *libprintf_flt.a:*(.progmem.data)
 .progmem.data  0x00000392        0x8 c:/program files (x86)/atmel/studio/7.0/toolchain/avr8/avr8-gnu-toolchain/bin/../lib/gcc/avr/5.4.0/../../../../avr/lib/avrxmega6\libprintf_flt.a(vfprintf_flt.o)
 *libc.a:*(.progmem.data)
 .progmem.data  0x0000039a       0xfa c:/program files (x86)/atmel/studio/7.0/toolchain/avr8/avr8-gnu-toolchain/bin/../lib/gcc/avr/5.4.0/../../../../avr/lib/avrxmega6\libc.a(ftoa_engine.o)
 *(.progmem*)
 .progmem.data.__c.5760
                0x00000494        0xa ../build/src/../pong.o
 .progmem.data.__c.5750
                0x0000049e        0x5 ../build/src/../pong.o
 .progmem.data.__c.5742
                0x000004a3        0x5 ../build/src/../pong.o
 .progmem.data.__c.5704
                0x000004a8       0x1b ../build/src/../pong.o
 .progmem.data.__c.5614
                0x000004c3       0x3d ../build/src/../pong.o
 .progmem.data.__c.5612
                0x00000500       0x18 ../build/src/../pong.o
 .progmem.data.__c.5610
                0x00000518        0x3 ../build/src/../pong.o
 .progmem.data.__c.5603
                0x0000051b       0x14 ../build/src/../pong.o
 .progmem.data.__c.5444
                0x0000052f       0x28 ../build/src/../src/droplet_init.o
 .progmem.data.__c.5440
                0x00000557       0x69 ../build/src/../src/droplet_init.o
 .progmem.data.__c.5430
                0x000005c0       0x45 ../build/src/../src/droplet_init.o
 .progmem.data.__c.4839
                0x00000605       0x15 ../build/src/../src/i2c.o
 .progmem.data.__c.5356
                0x0000061a       0x3c ../build/src/../src/ir_comm.o
 .progmem.data.__c.5350
                0x00000656       0x22 ../build/src/../src/ir_comm.o
 .progmem.data.__c.5348
                0x00000678       0x1d ../build/src/../src/ir_comm.o
 .progmem.data.__c.5322
                0x00000695       0x29 ../build/src/../src/ir_comm.o
 .progmem.data.__c.5308
                0x000006be       0x1b ../build/src/../src/ir_comm.o
 .progmem.data.__c.5306
                0x000006d9       0x30 ../build/src/../src/ir_comm.o
 .progmem.data.__c.4865
                0x00000709       0x1a ../build/src/../src/ir_led.o
 .progmem.data.__c.4863
                0x00000723       0x2b ../build/src/../src/ir_led.o
 .progmem.data.__c.4844
                0x0000074e       0x35 ../build/src/../src/ir_led.o
 .progmem.data.__c.5308
                0x00000783       0x48 ../build/src/../src/ir_sensor.o
 .progmem.data.__c.5522
                0x000007cb       0x1c ../build/src/../src/localization.o
 .progmem.data.__c.5520
                0x000007e7       0x1c ../build/src/../src/localization.o
 .progmem.data.__c.5518
                0x00000803       0x38 ../build/src/../src/localization.o
 .progmem.data.__c.5516
                0x0000083b       0x36 ../build/src/../src/localization.o
 .progmem.data.__c.5509
                0x00000871       0x1b ../build/src/../src/localization.o
 .progmem.data.__c.5507
                0x0000088c       0x22 ../build/src/../src/localization.o
 .progmem.data.__c.5647
                0x000008ae        0x6 ../build/src/../src/localization.o
 .progmem.data.__c.5641
                0x000008b4       0x27 ../build/src/../src/localization.o
 .progmem.data.__c.5638
                0x000008db       0x26 ../build/src/../src/localization.o
 .progmem.data.__c.5632
                0x00000901       0x2c ../build/src/../src/localization.o
 .progmem.data.__c.5630
                0x0000092d       0x33 ../build/src/../src/localization.o
 .progmem.data.__c.5607
                0x00000960       0x39 ../build/src/../src/localization.o
 .progmem.data.__c.5594
                0x00000999       0x3a ../build/src/../src/localization.o
 .progmem.data.matrix3mathEndStr
                0x000009d3       0x1e ../build/src/../src/matrix_utils.o
                0x000009d3                matrix3mathEndStr
 .progmem.data.matrix3mathStr
                0x000009f1       0x1b ../build/src/../src/matrix_utils.o
                0x000009f1                matrix3mathStr
 .progmem.data.matrix3mathStartStr
                0x00000a0c       0x1e ../build/src/../src/matrix_utils.o
                0x00000a0c                matrix3mathStartStr
 .progmem.data.__c.5009
                0x00000a2a        0xa ../build/src/../src/motor.o
 .progmem.data.__c.5006
                0x00000a34       0x19 ../build/src/../src/motor.o
 .progmem.data.__c.4993
                0x00000a4d        0xb ../build/src/../src/motor.o
 .progmem.data.__c.4990
                0x00000a58        0xf ../build/src/../src/motor.o
 .progmem.data.__c.4945
                0x00000a67       0x3e ../build/src/../src/motor.o
 .progmem.data.__c.4941
                0x00000aa5       0x3a ../build/src/../src/motor.o
 .progmem.data.__c.4934
                0x00000adf       0x2a ../build/src/../src/motor.o
 .progmem.data.__c.4927
                0x00000b09       0x3a ../build/src/../src/motor.o
 .progmem.data.__c.5261
                0x00000b43       0x43 ../build/src/../src/pc_comm.o
 .progmem.data.__c.5414
                0x00000b86       0x37 ../build/src/../src/range_algs.o
 .progmem.data.__c.4903
                0x00000bbd       0x3e ../build/src/../src/scheduler.o
 .progmem.data.__c.4898
                0x00000bfb       0x3d ../build/src/../src/scheduler.o
 .progmem.data.__c.4884
                0x00000c38       0x3b ../build/src/../src/scheduler.o
 .progmem.data.__c.4879
                0x00000c73       0x39 ../build/src/../src/scheduler.o
 .progmem.data.__c.4863
                0x00000cac       0x3e ../build/src/../src/scheduler.o
 .progmem.data.__c.4861
                0x00000cea       0x29 ../build/src/../src/scheduler.o
 .progmem.data.__c.4835
                0x00000d13       0x41 ../build/src/../src/scheduler.o
 .progmem.data.__c.4833
                0x00000d54       0x27 ../build/src/../src/scheduler.o
 .progmem.data.__c.4813
                0x00000d7b       0x59 ../build/src/../src/scheduler.o
 .progmem.data.__c.4811
                0x00000dd4       0x68 ../build/src/../src/scheduler.o
 .progmem.data.__c.4787
                0x00000e3c       0x61 ../build/src/../src/scheduler.o
 .progmem.data.__c.4762
                0x00000e9d       0x44 ../build/src/../src/scheduler.o
 .progmem.data.__c.5480
                0x00000ee1       0x3d ../build/src/../src/serial_handler.o
 .progmem.data.__c.5475
                0x00000f1e       0x21 ../build/src/../src/serial_handler.o
 .progmem.data.__c.5466
                0x00000f3f       0x2c ../build/src/../src/serial_handler.o
 .progmem.data.__c.5458
                0x00000f6b       0x11 ../build/src/../src/serial_handler.o
 .progmem.data.__c.5450
                0x00000f7c       0x2f ../build/src/../src/serial_handler.o
 .progmem.data.__c.5448
                0x00000fab       0x47 ../build/src/../src/serial_handler.o
 .progmem.data.__c.5446
                0x00000ff2       0x44 ../build/src/../src/serial_handler.o
 .progmem.data.__c.5444
                0x00001036       0x4b ../build/src/../src/serial_handler.o
 .progmem.data.__c.5417
                0x00001081       0x48 ../build/src/../src/serial_handler.o
 .progmem.data.__c.5415
                0x000010c9       0x25 ../build/src/../src/serial_handler.o
 .progmem.data.__c.5413
                0x000010ee       0x26 ../build/src/../src/serial_handler.o
 .progmem.data.__c.5411
                0x00001114       0x25 ../build/src/../src/serial_handler.o
 .progmem.data.__c.5409
                0x00001139       0x1b ../build/src/../src/serial_handler.o
 .progmem.data.__c.5406
                0x00001154       0x25 ../build/src/../src/serial_handler.o
 .progmem.data.__c.5396
                0x00001179       0x3d ../build/src/../src/serial_handler.o
 .progmem.data.__c.5394
                0x000011b6       0x25 ../build/src/../src/serial_handler.o
 .progmem.data.__c.5392
                0x000011db       0x26 ../build/src/../src/serial_handler.o
 .progmem.data.__c.5390
                0x00001201       0x25 ../build/src/../src/serial_handler.o
 .progmem.data.__c.5388
                0x00001226       0x1b ../build/src/../src/serial_handler.o
 .progmem.data.__c.5385
                0x00001241       0x25 ../build/src/../src/serial_handler.o
 .progmem.data.__c.5366
                0x00001266       0x19 ../build/src/../src/serial_handler.o
 .progmem.data.__c.5351
                0x0000127f       0x23 ../build/src/../src/serial_handler.o
 .progmem.data.__c.5333
                0x000012a2       0x15 ../build/src/../src/serial_handler.o
 .progmem.data.__c.5331
                0x000012b7       0x15 ../build/src/../src/serial_handler.o
 .progmem.data.__c.5329
                0x000012cc        0x6 ../build/src/../src/serial_handler.o
 .progmem.data.__c.5327
                0x000012d2        0x6 ../build/src/../src/serial_handler.o
 .progmem.data.__c.5325
                0x000012d8        0x4 ../build/src/../src/serial_handler.o
 .progmem.data.__c.5323
                0x000012dc        0x8 ../build/src/../src/serial_handler.o
 .progmem.data.__c.5321
                0x000012e4        0x4 ../build/src/../src/serial_handler.o
 .progmem.data.__c.5319
                0x000012e8        0x8 ../build/src/../src/serial_handler.o
 .progmem.data.__c.5317
                0x000012f0        0x4 ../build/src/../src/serial_handler.o
 .progmem.data.__c.5315
                0x000012f4        0xd ../build/src/../src/serial_handler.o
 .progmem.data.__c.5313
                0x00001301        0x7 ../build/src/../src/serial_handler.o
 .progmem.data.__c.5311
                0x00001308        0x8 ../build/src/../src/serial_handler.o
 .progmem.data.__c.5309
                0x00001310        0x6 ../build/src/../src/serial_handler.o
 .progmem.data.__c.5307
                0x00001316       0x12 ../build/src/../src/serial_handler.o
 .progmem.data.__c.5305
                0x00001328        0xb ../build/src/../src/serial_handler.o
 .progmem.data.__c.5303
                0x00001333        0xb ../build/src/../src/serial_handler.o
 .progmem.data.__c.5301
                0x0000133e        0xa ../build/src/../src/serial_handler.o
 .progmem.data.__c.5299
                0x00001348        0x5 ../build/src/../src/serial_handler.o
 .progmem.data.__c.5297
                0x0000134d        0x7 ../build/src/../src/serial_handler.o
 .progmem.data.__c.5295
                0x00001354        0x8 ../build/src/../src/serial_handler.o
 .progmem.data.__c.5293
                0x0000135c        0x5 ../build/src/../src/serial_handler.o
 .progmem.data.__c.5291
                0x00001361        0xb ../build/src/../src/serial_handler.o
 .progmem.data.CMD_NOT_RECOGNIZED_STR
                0x0000136c       0x22 ../build/src/../src/serial_handler.o
 .progmem.data  0x0000138e       0x4d c:/program files (x86)/atmel/studio/7.0/toolchain/avr8/avr8-gnu-toolchain/bin/../lib/gcc/avr/5.4.0/../../../../avr/lib/avrxmega6\libscanf_flt.a(vfscanf_flt.o)
                0x000013dc                . = ALIGN (0x2)
 *fill*         0x000013db        0x1 
 *(.jumptables)
 *(.jumptables*)
 *(.lowtext)
 *(.lowtext*)
                0x000013dc                __ctors_start = .
 *(.ctors)
                0x000013dc                __ctors_end = .
                0x000013dc                __dtors_start = .
 *(.dtors)
                0x000013dc                __dtors_end = .
 SORT(*)(.ctors)
 SORT(*)(.dtors)
 *(.init0)
 .init0         0x000013dc        0x0 C:/Program Files (x86)/Atmel/Studio/7.0/Packs/atmel/XMEGAA_DFP/1.1.68/gcc/dev/atxmega128a3u/avrxmega6/crtatxmega128a3u.o
                0x000013dc                __init
 *(.init0)
 *(.init1)
 *(.init1)
 *(.init2)
 .init2         0x000013dc       0x10 C:/Program Files (x86)/Atmel/Studio/7.0/Packs/atmel/XMEGAA_DFP/1.1.68/gcc/dev/atxmega128a3u/avrxmega6/crtatxmega128a3u.o
 *(.init2)
 *(.init3)
 *(.init3)
 *(.init4)
 .init4         0x000013ec       0x1a c:/program files (x86)/atmel/studio/7.0/toolchain/avr8/avr8-gnu-toolchain/bin/../lib/gcc/avr/5.4.0/avrxmega6\libgcc.a(_copy_data.o)
                0x000013ec                __do_copy_data
 .init4         0x00001406       0x10 c:/program files (x86)/atmel/studio/7.0/toolchain/avr8/avr8-gnu-toolchain/bin/../lib/gcc/avr/5.4.0/avrxmega6\libgcc.a(_clear_bss.o)
                0x00001406                __do_clear_bss
 *(.init4)
 *(.init5)
 *(.init5)
 *(.init6)
 *(.init6)
 *(.init7)
 *(.init7)
 *(.init8)
 *(.init8)
 *(.init9)
 .init9         0x00001416        0x8 C:/Program Files (x86)/Atmel/Studio/7.0/Packs/atmel/XMEGAA_DFP/1.1.68/gcc/dev/atxmega128a3u/avrxmega6/crtatxmega128a3u.o
 *(.init9)
 *(.text)
 .text          0x0000141e        0x4 C:/Program Files (x86)/Atmel/Studio/7.0/Packs/atmel/XMEGAA_DFP/1.1.68/gcc/dev/atxmega128a3u/avrxmega6/crtatxmega128a3u.o
                0x0000141e                __vector_38
                0x0000141e                __vector_104
                0x0000141e                __vector_22
                0x0000141e                __vector_67
                0x0000141e                __vector_1
                0x0000141e                __vector_32
                0x0000141e                __vector_75
                0x0000141e                __vector_71
                0x0000141e                __vector_34
                0x0000141e                __vector_77
                0x0000141e                __vector_102
                0x0000141e                __vector_24
                0x0000141e                __vector_12
                0x0000141e                __vector_55
                0x0000141e                __vector_69
                0x0000141e                __vector_81
                0x0000141e                __bad_interrupt
                0x0000141e                __vector_122
                0x0000141e                __vector_72
                0x0000141e                __vector_114
                0x0000141e                __vector_6
                0x0000141e                __vector_110
                0x0000141e                __vector_31
                0x0000141e                __vector_92
                0x0000141e                __vector_35
                0x0000141e                __vector_78
                0x0000141e                __vector_74
                0x0000141e                __vector_117
                0x0000141e                __vector_39
                0x0000141e                __vector_107
                0x0000141e                __vector_3
                0x0000141e                __vector_105
                0x0000141e                __vector_98
                0x0000141e                __vector_23
                0x0000141e                __vector_68
                0x0000141e                __vector_73
                0x0000141e                __vector_45
                0x0000141e                __vector_93
                0x0000141e                __vector_54
                0x0000141e                __vector_99
                0x0000141e                __vector_13
                0x0000141e                __vector_17
                0x0000141e                __vector_19
                0x0000141e                __vector_56
                0x0000141e                __vector_7
                0x0000141e                __vector_125
                0x0000141e                __vector_123
                0x0000141e                __vector_41
                0x0000141e                __vector_86
                0x0000141e                __vector_100
                0x0000141e                __vector_101
                0x0000141e                __vector_64
                0x0000141e                __vector_109
                0x0000141e                __vector_43
                0x0000141e                __vector_5
                0x0000141e                __vector_113
                0x0000141e                __vector_33
                0x0000141e                __vector_76
                0x0000141e                __vector_115
                0x0000141e                __vector_52
                0x0000141e                __vector_37
                0x0000141e                __vector_95
                0x0000141e                __vector_103
                0x0000141e                __vector_96
                0x0000141e                __vector_108
                0x0000141e                __vector_4
                0x0000141e                __vector_44
                0x0000141e                __vector_82
                0x0000141e                __vector_106
                0x0000141e                __vector_118
                0x0000141e                __vector_51
                0x0000141e                __vector_9
                0x0000141e                __vector_2
                0x0000141e                __vector_21
                0x0000141e                __vector_15
                0x0000141e                __vector_66
                0x0000141e                __vector_36
                0x0000141e                __vector_79
                0x0000141e                __vector_70
                0x0000141e                __vector_83
                0x0000141e                __vector_40
                0x0000141e                __vector_85
                0x0000141e                __vector_94
                0x0000141e                __vector_126
                0x0000141e                __vector_8
                0x0000141e                __vector_48
                0x0000141e                __vector_124
                0x0000141e                __vector_116
                0x0000141e                __vector_112
                0x0000141e                __vector_111
                0x0000141e                __vector_80
                0x0000141e                __vector_14
                0x0000141e                __vector_84
                0x0000141e                __vector_57
                0x0000141e                __vector_53
                0x0000141e                __vector_16
                0x0000141e                __vector_18
                0x0000141e                __vector_97
                0x0000141e                __vector_20
                0x0000141e                __vector_42
                0x0000141e                __vector_87
                0x0000141e                __vector_65
 .text          0x00001422       0x18 ../build/src/../src/droplet_base_asm.o
                0x00001422                get_time
                0x0000143a                . = ALIGN (0x2)
 *(.text.*)
 .text.nearBotsBearingCmp
                0x0000143a      0x100 ../build/src/../pong.o
 .text.sendBotPosMsg
                0x0000153a       0x48 ../build/src/../pong.o
                0x0000153a                sendBotPosMsg
 .text.updateBall.part.1
                0x00001582      0x52c ../build/src/../pong.o
 .text.init     0x00001aae      0x122 ../build/src/../pong.o
                0x00001aae                init
 .text.getBallCoverage
                0x00001bd0       0xe2 ../build/src/../pong.o
                0x00001bd0                getBallCoverage
 .text.getPaddleCoverage
                0x00001cb2       0xc4 ../build/src/../pong.o
                0x00001cb2                getPaddleCoverage
 .text.updateColor
                0x00001d76       0xd6 ../build/src/../pong.o
                0x00001d76                updateColor
 .text.checkLightLevel
                0x00001e4c      0x144 ../build/src/../pong.o
                0x00001e4c                checkLightLevel
 .text.loop     0x00001f90      0x2d2 ../build/src/../pong.o
                0x00001f90                loop
 .text.handleBallMsg
                0x00002262      0x100 ../build/src/../pong.o
                0x00002262                handleBallMsg
 .text.handle_msg
                0x00002362      0x14a ../build/src/../pong.o
                0x00002362                handle_msg
 .text.user_handle_command
                0x000024ac      0x2da ../build/src/../pong.o
                0x000024ac                user_handle_command
 .text.delay_ms
                0x00002786       0x4a ../build/src/../src/droplet_base.o
                0x00002786                delay_ms
 .text.startup_light_sequence
                0x000027d0       0xae ../build/src/../src/droplet_init.o
                0x000027d0                startup_light_sequence
 .text.startup.main
                0x0000287e      0x2a4 ../build/src/../src/droplet_init.o
                0x0000287e                main
 .text.EEPROM_read_byte
                0x00002b22       0x32 ../build/src/../src/eeprom_driver.o
                0x00002b22                EEPROM_read_byte
 .text.EEPROM_write_byte
                0x00002b54       0x56 ../build/src/../src/eeprom_driver.o
                0x00002b54                EEPROM_write_byte
 .text.processObsQueue
                0x00002baa      0x10c ../build/src/../src/firefly_sync.o
                0x00002baa                processObsQueue
 .text.sendPing
                0x00002cb6       0x24 ../build/src/../src/firefly_sync.o
                0x00002cb6                sendPing
 .text.__vector_49
                0x00002cda       0x7c ../build/src/../src/firefly_sync.o
                0x00002cda                __vector_49
 .text.__vector_50
                0x00002d56       0x5c ../build/src/../src/firefly_sync.o
                0x00002d56                __vector_50
 .text.firefly_sync_init
                0x00002db2       0x6e ../build/src/../src/firefly_sync.o
                0x00002db2                firefly_sync_init
 .text.__vector_47
                0x00002e20      0x17c ../build/src/../src/firefly_sync.o
                0x00002e20                __vector_47
 .text.TWI_MasterWriteRead.part.0
                0x00002f9c       0x92 ../build/src/../src/i2c.o
 .text.i2c_init
                0x0000302e       0x32 ../build/src/../src/i2c.o
                0x0000302e                i2c_init
 .text.TWI_MasterWrite
                0x00003060        0xe ../build/src/../src/i2c.o
                0x00003060                TWI_MasterWrite
 .text.TWI_MasterWriteHandler
                0x0000306e       0x76 ../build/src/../src/i2c.o
                0x0000306e                TWI_MasterWriteHandler
 .text.TWI_MasterReadHandler
                0x000030e4       0x6a ../build/src/../src/i2c.o
                0x000030e4                TWI_MasterReadHandler
 .text.TWI_MasterInterruptHandler
                0x0000314e       0x56 ../build/src/../src/i2c.o
                0x0000314e                TWI_MasterInterruptHandler
 .text.__vector_46
                0x000031a4       0x50 ../build/src/../src/i2c.o
                0x000031a4                __vector_46
 .text.ir_transmit_complete
                0x000031f4       0x7a ../build/src/../src/ir_comm.o
 .text.perform_ir_upkeep
                0x0000326e      0x290 ../build/src/../src/ir_comm.o
 .text.handle_cmd_wrapper
                0x000034fe       0x70 ../build/src/../src/ir_comm.o
                0x000034fe                handle_cmd_wrapper
 .text.ir_transmit
                0x0000356e      0x1dc ../build/src/../src/ir_comm.o
 .text.ir_receive
                0x0000374a      0x77e ../build/src/../src/ir_comm.o
 .text.ir_comm_init
                0x00003ec8       0xe0 ../build/src/../src/ir_comm.o
                0x00003ec8                ir_comm_init
 .text.send_msg
                0x00003fa8      0x23c ../build/src/../src/ir_comm.o
                0x00003fa8                send_msg
 .text.hp_ir_targeted_cmd
                0x000041e4       0xce ../build/src/../src/ir_comm.o
                0x000041e4                hp_ir_targeted_cmd
 .text.ir_is_busy
                0x000042b2       0xbe ../build/src/../src/ir_comm.o
                0x000042b2                ir_is_busy
 .text.ir_targeted_cmd
                0x00004370      0x10c ../build/src/../src/ir_comm.o
                0x00004370                ir_targeted_cmd
 .text.ir_cmd   0x0000447c      0x10a ../build/src/../src/ir_comm.o
                0x0000447c                ir_cmd
 .text.ir_targeted_send
                0x00004586      0x112 ../build/src/../src/ir_comm.o
                0x00004586                ir_targeted_send
 .text.ir_send  0x00004698      0x110 ../build/src/../src/ir_comm.o
                0x00004698                ir_send
 .text.__vector_25
                0x000047a8       0x52 ../build/src/../src/ir_comm.o
                0x000047a8                __vector_25
 .text.__vector_27
                0x000047fa       0x52 ../build/src/../src/ir_comm.o
                0x000047fa                __vector_27
 .text.__vector_26
                0x0000484c       0x52 ../build/src/../src/ir_comm.o
                0x0000484c                __vector_26
 .text.__vector_28
                0x0000489e       0x52 ../build/src/../src/ir_comm.o
                0x0000489e                __vector_28
 .text.__vector_30
                0x000048f0       0x52 ../build/src/../src/ir_comm.o
                0x000048f0                __vector_30
 .text.__vector_29
                0x00004942       0x52 ../build/src/../src/ir_comm.o
                0x00004942                __vector_29
 .text.__vector_88
                0x00004994       0x52 ../build/src/../src/ir_comm.o
                0x00004994                __vector_88
 .text.__vector_90
                0x000049e6       0x52 ../build/src/../src/ir_comm.o
                0x000049e6                __vector_90
 .text.__vector_89
                0x00004a38       0x52 ../build/src/../src/ir_comm.o
                0x00004a38                __vector_89
 .text.__vector_58
                0x00004a8a       0x52 ../build/src/../src/ir_comm.o
                0x00004a8a                __vector_58
 .text.__vector_60
                0x00004adc       0x52 ../build/src/../src/ir_comm.o
                0x00004adc                __vector_60
 .text.__vector_59
                0x00004b2e       0x52 ../build/src/../src/ir_comm.o
                0x00004b2e                __vector_59
 .text.__vector_61
                0x00004b80       0x52 ../build/src/../src/ir_comm.o
                0x00004b80                __vector_61
 .text.__vector_63
                0x00004bd2       0x52 ../build/src/../src/ir_comm.o
                0x00004bd2                __vector_63
 .text.__vector_62
                0x00004c24       0x52 ../build/src/../src/ir_comm.o
                0x00004c24                __vector_62
 .text.__vector_119
                0x00004c76       0x52 ../build/src/../src/ir_comm.o
                0x00004c76                __vector_119
 .text.__vector_121
                0x00004cc8       0x52 ../build/src/../src/ir_comm.o
                0x00004cc8                __vector_121
 .text.__vector_120
                0x00004d1a       0x52 ../build/src/../src/ir_comm.o
                0x00004d1a                __vector_120
 .text.twiWriteWrapper.constprop.0
                0x00004d6c       0xf4 ../build/src/../src/ir_led.o
 .text.ir_led_init
                0x00004e60       0x7e ../build/src/../src/ir_led.o
                0x00004e60                ir_led_init
 .text.ir_led_on
                0x00004ede       0x6e ../build/src/../src/ir_led.o
                0x00004ede                ir_led_on
 .text.ir_led_off
                0x00004f4c       0x5a ../build/src/../src/ir_led.o
                0x00004f4c                ir_led_off
 .text.set_all_ir_powers
                0x00004fa6       0x9a ../build/src/../src/ir_led.o
                0x00004fa6                set_all_ir_powers
 .text.ir_sensor_init
                0x00005040       0x7e ../build/src/../src/ir_sensor.o
                0x00005040                ir_sensor_init
 .text.get_ir_sensors
                0x000050be      0x168 ../build/src/../src/ir_sensor.o
                0x000050be                get_ir_sensors
 .text.initialize_ir_baselines
                0x00005226        0xa ../build/src/../src/ir_sensor.o
                0x00005226                initialize_ir_baselines
 .text.update_ir_baselines
                0x00005230       0xae ../build/src/../src/ir_sensor.o
                0x00005230                update_ir_baselines
 .text.check_collision_values
                0x000052de      0x10a ../build/src/../src/ir_sensor.o
                0x000052de                check_collision_values
 .text.check_collisions
                0x000053e8       0x60 ../build/src/../src/ir_sensor.o
                0x000053e8                check_collisions
 .text.compressP
                0x00005448      0x278 ../build/src/../src/localization.o
 .text.decompressP
                0x000056c0      0x1a0 ../build/src/../src/localization.o
 .text.calcRelativePose
                0x00005860       0x82 ../build/src/../src/localization.o
 .text.updatePos
                0x000058e2      0x8f4 ../build/src/../src/localization.o
 .text.getMeasCovar.isra.3
                0x000061d6      0x17c ../build/src/../src/localization.o
 .text.sendBotMeasMsg
                0x00006352      0x3f6 ../build/src/../src/localization.o
                0x00006352                sendBotMeasMsg
 .text.localization_init
                0x00006748       0xe6 ../build/src/../src/localization.o
                0x00006748                localization_init
 .text.useRNBmeas
                0x0000682e      0x8c8 ../build/src/../src/localization.o
                0x0000682e                useRNBmeas
 .text.handleBotMeasMsg
                0x000070f6      0x14e ../build/src/../src/localization.o
                0x000070f6                handleBotMeasMsg
 .text.getPosColor
                0x00007244      0x12e ../build/src/../src/localization.o
                0x00007244                getPosColor
 .text.printPosCovar
                0x00007372       0xdc ../build/src/../src/localization.o
                0x00007372                printPosCovar
 .text.vectorAdd
                0x0000744e       0x80 ../build/src/../src/matrix_utils.o
                0x0000744e                vectorAdd
 .text.vectorSubtract
                0x000074ce       0x80 ../build/src/../src/matrix_utils.o
                0x000074ce                vectorSubtract
 .text.vectorSquare
                0x0000754e       0x7e ../build/src/../src/matrix_utils.o
                0x0000754e                vectorSquare
 .text.matrixScale
                0x000075cc       0x70 ../build/src/../src/matrix_utils.o
                0x000075cc                matrixScale
 .text.matrixTimesVector
                0x0000763c       0xba ../build/src/../src/matrix_utils.o
                0x0000763c                matrixTimesVector
 .text.matrixAdd
                0x000076f6       0x98 ../build/src/../src/matrix_utils.o
                0x000076f6                matrixAdd
 .text.matrixMultiply
                0x0000778e      0x10e ../build/src/../src/matrix_utils.o
                0x0000778e                matrixMultiply
 .text.matrixInplaceMultiply
                0x0000789c      0x1a6 ../build/src/../src/matrix_utils.o
                0x0000789c                matrixInplaceMultiply
 .text.matrixTranspose
                0x00007a42       0x46 ../build/src/../src/matrix_utils.o
                0x00007a42                matrixTranspose
 .text.matrixInplaceTranspose
                0x00007a88       0x9a ../build/src/../src/matrix_utils.o
                0x00007a88                matrixInplaceTranspose
 .text.choleskyDecomposition
                0x00007b22      0x15a ../build/src/../src/matrix_utils.o
                0x00007b22                choleskyDecomposition
 .text.getEigenvector
                0x00007c7c       0xee ../build/src/../src/matrix_utils.o
                0x00007c7c                getEigenvector
 .text.matrixInverse
                0x00007d6a      0x442 ../build/src/../src/matrix_utils.o
                0x00007d6a                matrixInverse
 .text.matrixInplaceInverse
                0x000081ac      0x432 ../build/src/../src/matrix_utils.o
                0x000081ac                matrixInplaceInverse
 .text.matrixDet
                0x000085de      0x19c ../build/src/../src/matrix_utils.o
                0x000085de                matrixDet
 .text.eigenvalues
                0x0000877a      0x4b2 ../build/src/../src/matrix_utils.o
                0x0000877a                eigenvalues
 .text.eigensystem
                0x00008c2c      0x546 ../build/src/../src/matrix_utils.o
                0x00008c2c                eigensystem
 .text.matrixCopy
                0x00009172       0x44 ../build/src/../src/matrix_utils.o
                0x00009172                matrixCopy
 .text.printMatrixMathematica
                0x000091b6       0xca ../build/src/../src/matrix_utils.o
                0x000091b6                printMatrixMathematica
 .text.positiveDefiniteQ
                0x00009280      0x272 ../build/src/../src/matrix_utils.o
                0x00009280                positiveDefiniteQ
 .text.stop_move
                0x000094f2       0x4a ../build/src/../src/motor.o
                0x000094f2                stop_move
 .text.move_steps
                0x0000953c      0x2ec ../build/src/../src/motor.o
                0x0000953c                move_steps
 .text.walk     0x00009828       0xee ../build/src/../src/motor.o
                0x00009828                walk
 .text.set_mm_per_kilostep
                0x00009916       0x12 ../build/src/../src/motor.o
                0x00009916                set_mm_per_kilostep
 .text.read_motor_settings
                0x00009928       0x96 ../build/src/../src/motor.o
                0x00009928                read_motor_settings
 .text.motor_init
                0x000099be       0x74 ../build/src/../src/motor.o
                0x000099be                motor_init
 .text.write_motor_settings
                0x00009a32       0x84 ../build/src/../src/motor.o
                0x00009a32                write_motor_settings
 .text.print_motor_values
                0x00009ab6       0xb2 ../build/src/../src/motor.o
                0x00009ab6                print_motor_values
 .text.print_dist_per_step
                0x00009b68       0x68 ../build/src/../src/motor.o
                0x00009b68                print_dist_per_step
 .text.pc_comm_putchar
                0x00009bd0       0x12 ../build/src/../src/pc_comm.o
 .text.pc_comm_init
                0x00009be2       0x48 ../build/src/../src/pc_comm.o
                0x00009be2                pc_comm_init
 .text.__vector_91
                0x00009c2a      0x198 ../build/src/../src/pc_comm.o
                0x00009c2a                __vector_91
 .text.power_init
                0x00009dc2       0x42 ../build/src/../src/power.o
                0x00009dc2                power_init
 .text.random_init
                0x00009e04       0x92 ../build/src/../src/random.o
                0x00009e04                random_init
 .text.rand_byte
                0x00009e96       0x44 ../build/src/../src/random.o
                0x00009e96                rand_byte
 .text.rand_short
                0x00009eda       0x1e ../build/src/../src/random.o
                0x00009eda                rand_short
 .text.rand_quad
                0x00009ef8       0x5a ../build/src/../src/random.o
                0x00009ef8                rand_quad
 .text.rand_real
                0x00009f52       0x16 ../build/src/../src/random.o
                0x00009f52                rand_real
 .text.magicRangeFunc
                0x00009f68       0x8a ../build/src/../src/range_algs.o
 .text.range_algs_init
                0x00009ff2       0x46 ../build/src/../src/range_algs.o
                0x00009ff2                range_algs_init
 .text.calculate_range
                0x0000a038      0x3de ../build/src/../src/range_algs.o
                0x0000a038                calculate_range
 .text.calculate_error
                0x0000a416      0x630 ../build/src/../src/range_algs.o
                0x0000a416                calculate_error
 .text.calculate_bearing_and_heading
                0x0000aa46      0x23a ../build/src/../src/range_algs.o
                0x0000aa46                calculate_bearing_and_heading
 .text.use_rnb_data
                0x0000ac80      0x526 ../build/src/../src/range_algs.o
                0x0000ac80                use_rnb_data
 .text.ir_range_meas
                0x0000b1a6      0x11e ../build/src/../src/range_algs.o
                0x0000b1a6                ir_range_meas
 .text.ir_range_blast
                0x0000b2c4       0xea ../build/src/../src/range_algs.o
                0x0000b2c4                ir_range_blast
 .text.broadcast_rnb_data
                0x0000b3ae       0x94 ../build/src/../src/range_algs.o
                0x0000b3ae                broadcast_rnb_data
 .text.rgb_led_init
                0x0000b442       0x3c ../build/src/../src/rgb_led.o
                0x0000b442                rgb_led_init
 .text.led_off  0x0000b47e       0x16 ../build/src/../src/rgb_led.o
                0x0000b47e                led_off
 .text.set_rgb  0x0000b494       0x1c ../build/src/../src/rgb_led.o
                0x0000b494                set_rgb
 .text.hsv_to_rgb
                0x0000b4b0      0x364 ../build/src/../src/rgb_led.o
                0x0000b4b0                hsv_to_rgb
 .text.set_hsv  0x0000b814       0x5c ../build/src/../src/rgb_led.o
                0x0000b814                set_hsv
 .text.meas_find_median
                0x0000b870       0xba ../build/src/../src/rgb_sensor.o
                0x0000b870                meas_find_median
 .text.get_red_sensor
                0x0000b92a       0x6c ../build/src/../src/rgb_sensor.o
                0x0000b92a                get_red_sensor
 .text.get_green_sensor
                0x0000b996       0x6c ../build/src/../src/rgb_sensor.o
                0x0000b996                get_green_sensor
 .text.get_blue_sensor
                0x0000ba02       0x6c ../build/src/../src/rgb_sensor.o
                0x0000ba02                get_blue_sensor
 .text.rgb_sensor_init
                0x0000ba6e       0xa6 ../build/src/../src/rgb_sensor.o
                0x0000ba6e                rgb_sensor_init
 .text.get_rgb  0x0000bb14       0x88 ../build/src/../src/rgb_sensor.o
                0x0000bb14                get_rgb
 .text.scheduler_free
                0x0000bb9c       0x64 ../build/src/../src/scheduler.o
 .text.scheduler_init
                0x0000bc00       0x84 ../build/src/../src/scheduler.o
                0x0000bc00                scheduler_init
 .text.task_list_cleanup
                0x0000bc84       0xea ../build/src/../src/scheduler.o
                0x0000bc84                task_list_cleanup
 .text.remove_task
                0x0000bd6e       0x96 ../build/src/../src/scheduler.o
                0x0000bd6e                remove_task
 .text.print_task_queue
                0x0000be04       0xc8 ../build/src/../src/scheduler.o
                0x0000be04                print_task_queue
 .text.add_task_to_list
                0x0000becc      0x1a2 ../build/src/../src/scheduler.o
 .text.schedule_task
                0x0000c06e      0x12e ../build/src/../src/scheduler.o
                0x0000c06e                schedule_task
 .text.schedule_periodic_task
                0x0000c19c       0x48 ../build/src/../src/scheduler.o
                0x0000c19c                schedule_periodic_task
 .text.__vector_11
                0x0000c1e4      0x3d4 ../build/src/../src/scheduler.o
                0x0000c1e4                __vector_11
 .text.__vector_10
                0x0000c5b8      0x15c ../build/src/../src/scheduler.o
                0x0000c5b8                __vector_10
 .text.send_id  0x0000c714       0x5a ../build/src/../src/serial_handler.o
                0x0000c714                send_id
 .text.handle_serial_command
                0x0000c76e      0xb24 ../build/src/../src/serial_handler.o
                0x0000c76e                handle_serial_command
 .text.avr-libc
                0x0000d292      0x740 c:/program files (x86)/atmel/studio/7.0/toolchain/avr8/avr8-gnu-toolchain/bin/../lib/gcc/avr/5.4.0/../../../../avr/lib/avrxmega6\libprintf_flt.a(vfprintf_flt.o)
                0x0000d292                vfprintf
 .text.avr-libc
                0x0000d9d2      0x89a c:/program files (x86)/atmel/studio/7.0/toolchain/avr8/avr8-gnu-toolchain/bin/../lib/gcc/avr/5.4.0/../../../../avr/lib/avrxmega6\libscanf_flt.a(vfscanf_flt.o)
                0x0000dfe4                vfscanf
 .text.avr-libc.fplib
                0x0000e26c       0x22 c:/program files (x86)/atmel/studio/7.0/toolchain/avr8/avr8-gnu-toolchain/bin/../lib/gcc/avr/5.4.0/../../../../avr/lib/avrxmega6\libm.a(acos.o)
                0x0000e26c                acos
 .text.avr-libc.fplib
                0x0000e28e        0xe c:/program files (x86)/atmel/studio/7.0/toolchain/avr8/avr8-gnu-toolchain/bin/../lib/gcc/avr/5.4.0/../../../../avr/lib/avrxmega6\libm.a(addsf3.o)
                0x0000e28e                __subsf3
                0x0000e290                __addsf3
 .text.avr-libc.fplib
                0x0000e29c       0xcc c:/program files (x86)/atmel/studio/7.0/toolchain/avr8/avr8-gnu-toolchain/bin/../lib/gcc/avr/5.4.0/../../../../avr/lib/avrxmega6\libm.a(addsf3x.o)
                0x0000e2be                __addsf3x
 .text.avr-libc.fplib
                0x0000e368       0x86 c:/program files (x86)/atmel/studio/7.0/toolchain/avr8/avr8-gnu-toolchain/bin/../lib/gcc/avr/5.4.0/../../../../avr/lib/avrxmega6\libm.a(atan2.o)
                0x0000e38e                atan2
 .text.avr-libc.fplib
                0x0000e3ee       0x5e c:/program files (x86)/atmel/studio/7.0/toolchain/avr8/avr8-gnu-toolchain/bin/../lib/gcc/avr/5.4.0/../../../../avr/lib/avrxmega6\libm.a(atan.o)
                0x0000e3ee                atan
 .text.avr-libc.fplib
                0x0000e44c        0xa c:/program files (x86)/atmel/studio/7.0/toolchain/avr8/avr8-gnu-toolchain/bin/../lib/gcc/avr/5.4.0/../../../../avr/lib/avrxmega6\libm.a(cmpsf2.o)
                0x0000e44c                __nesf2
                0x0000e44c                __eqsf2
                0x0000e44c                __cmpsf2
                0x0000e44c                __ltsf2
                0x0000e44c                __lesf2
 .text.avr-libc.fplib
                0x0000e456        0xa c:/program files (x86)/atmel/studio/7.0/toolchain/avr8/avr8-gnu-toolchain/bin/../lib/gcc/avr/5.4.0/../../../../avr/lib/avrxmega6\libm.a(cos.o)
                0x0000e456                cos
 .text.avr-libc.fplib
                0x0000e460        0x8 c:/program files (x86)/atmel/studio/7.0/toolchain/avr8/avr8-gnu-toolchain/bin/../lib/gcc/avr/5.4.0/../../../../avr/lib/avrxmega6\libm.a(divsf3.o)
                0x0000e460                __divsf3
 .text.avr-libc.fplib
                0x0000e468       0xdc c:/program files (x86)/atmel/studio/7.0/toolchain/avr8/avr8-gnu-toolchain/bin/../lib/gcc/avr/5.4.0/../../../../avr/lib/avrxmega6\libm.a(divsf3x.o)
                0x0000e488                __divsf3x
                0x0000e48e                __divsf3_pse
 .text.avr-libc.fplib
                0x0000e544       0x74 c:/program files (x86)/atmel/studio/7.0/toolchain/avr8/avr8-gnu-toolchain/bin/../lib/gcc/avr/5.4.0/../../../../avr/lib/avrxmega6\libm.a(exp.o)
                0x0000e554                exp
 .text.avr-libc.fplib
                0x0000e5b8        0xe c:/program files (x86)/atmel/studio/7.0/toolchain/avr8/avr8-gnu-toolchain/bin/../lib/gcc/avr/5.4.0/../../../../avr/lib/avrxmega6\libm.a(fixsfsi.o)
                0x0000e5b8                __fixsfsi
 .text.avr-libc.fplib
                0x0000e5c6       0x5e c:/program files (x86)/atmel/studio/7.0/toolchain/avr8/avr8-gnu-toolchain/bin/../lib/gcc/avr/5.4.0/../../../../avr/lib/avrxmega6\libm.a(fixunssfsi.o)
                0x0000e5c6                __fixunssfsi
 .text.avr-libc.fplib
                0x0000e624       0x7a c:/program files (x86)/atmel/studio/7.0/toolchain/avr8/avr8-gnu-toolchain/bin/../lib/gcc/avr/5.4.0/../../../../avr/lib/avrxmega6\libm.a(floatsisf.o)
                0x0000e624                __floatunsisf
                0x0000e628                __floatsisf
 .text.avr-libc.fplib
                0x0000e69e       0xa8 c:/program files (x86)/atmel/studio/7.0/toolchain/avr8/avr8-gnu-toolchain/bin/../lib/gcc/avr/5.4.0/../../../../avr/lib/avrxmega6\libm.a(fmod.o)
                0x0000e6b4                fmod
 .text.avr-libc.fplib
                0x0000e746       0x40 c:/program files (x86)/atmel/studio/7.0/toolchain/avr8/avr8-gnu-toolchain/bin/../lib/gcc/avr/5.4.0/../../../../avr/lib/avrxmega6\libm.a(fp_arccos.o)
                0x0000e746                __fp_arccos
 .text.avr-libc.fplib
                0x0000e786       0x48 c:/program files (x86)/atmel/studio/7.0/toolchain/avr8/avr8-gnu-toolchain/bin/../lib/gcc/avr/5.4.0/../../../../avr/lib/avrxmega6\libm.a(fp_cmp.o)
                0x0000e786                __fp_cmp
 .text.avr-libc.fplib
                0x0000e7ce        0xc c:/program files (x86)/atmel/studio/7.0/toolchain/avr8/avr8-gnu-toolchain/bin/../lib/gcc/avr/5.4.0/../../../../avr/lib/avrxmega6\libm.a(fp_inf.o)
                0x0000e7ce                __fp_inf
 .text.avr-libc.fplib
                0x0000e7da       0x1c c:/program files (x86)/atmel/studio/7.0/toolchain/avr8/avr8-gnu-toolchain/bin/../lib/gcc/avr/5.4.0/../../../../avr/lib/avrxmega6\libm.a(fp_mpack.o)
                0x0000e7da                __fp_mpack
                0x0000e7de                __fp_mpack_finite
 .text.avr-libc.fplib
                0x0000e7f6        0x6 c:/program files (x86)/atmel/studio/7.0/toolchain/avr8/avr8-gnu-toolchain/bin/../lib/gcc/avr/5.4.0/../../../../avr/lib/avrxmega6\libm.a(fp_nan.o)
                0x0000e7f6                __fp_nan
 .text.avr-libc.fplib
                0x0000e7fc       0x4e c:/program files (x86)/atmel/studio/7.0/toolchain/avr8/avr8-gnu-toolchain/bin/../lib/gcc/avr/5.4.0/../../../../avr/lib/avrxmega6\libm.a(fp_powser.o)
                0x0000e7fc                __fp_powser
 .text.avr-libc.fplib
                0x0000e84a        0xe c:/program files (x86)/atmel/studio/7.0/toolchain/avr8/avr8-gnu-toolchain/bin/../lib/gcc/avr/5.4.0/../../../../avr/lib/avrxmega6\libm.a(fp_pscA.o)
                0x0000e84a                __fp_pscA
 .text.avr-libc.fplib
                0x0000e858        0xe c:/program files (x86)/atmel/studio/7.0/toolchain/avr8/avr8-gnu-toolchain/bin/../lib/gcc/avr/5.4.0/../../../../avr/lib/avrxmega6\libm.a(fp_pscB.o)
                0x0000e858                __fp_pscB
 .text.avr-libc.fplib
                0x0000e866       0x56 c:/program files (x86)/atmel/studio/7.0/toolchain/avr8/avr8-gnu-toolchain/bin/../lib/gcc/avr/5.4.0/../../../../avr/lib/avrxmega6\libm.a(fp_rempio2.o)
                0x0000e86a                __fp_rempio2
 .text.avr-libc.fplib
                0x0000e8bc       0x22 c:/program files (x86)/atmel/studio/7.0/toolchain/avr8/avr8-gnu-toolchain/bin/../lib/gcc/avr/5.4.0/../../../../avr/lib/avrxmega6\libm.a(fp_round.o)
                0x0000e8bc                __fp_round
 .text.avr-libc.fplib
                0x0000e8de       0x28 c:/program files (x86)/atmel/studio/7.0/toolchain/avr8/avr8-gnu-toolchain/bin/../lib/gcc/avr/5.4.0/../../../../avr/lib/avrxmega6\libm.a(fp_sinus.o)
                0x0000e8de                __fp_sinus
 .text.avr-libc.fplib
                0x0000e906       0x44 c:/program files (x86)/atmel/studio/7.0/toolchain/avr8/avr8-gnu-toolchain/bin/../lib/gcc/avr/5.4.0/../../../../avr/lib/avrxmega6\libm.a(fp_split3.o)
                0x0000e906                __fp_split3
                0x0000e916                __fp_splitA
 .text.avr-libc.fplib
                0x0000e94a        0xe c:/program files (x86)/atmel/studio/7.0/toolchain/avr8/avr8-gnu-toolchain/bin/../lib/gcc/avr/5.4.0/../../../../avr/lib/avrxmega6\libm.a(fp_zero.o)
                0x0000e94a                __fp_zero
                0x0000e94c                __fp_szero
 .text.avr-libc.fplib
                0x0000e958        0xa c:/program files (x86)/atmel/studio/7.0/toolchain/avr8/avr8-gnu-toolchain/bin/../lib/gcc/avr/5.4.0/../../../../avr/lib/avrxmega6\libm.a(gesf2.o)
                0x0000e958                __gesf2
                0x0000e958                __gtsf2
 .text.avr-libc.fplib
                0x0000e962       0xda c:/program files (x86)/atmel/studio/7.0/toolchain/avr8/avr8-gnu-toolchain/bin/../lib/gcc/avr/5.4.0/../../../../avr/lib/avrxmega6\libm.a(hypot.o)
                0x0000e97e                hypot
 .text.avr-libc.fplib
                0x0000ea3c       0x10 c:/program files (x86)/atmel/studio/7.0/toolchain/avr8/avr8-gnu-toolchain/bin/../lib/gcc/avr/5.4.0/../../../../avr/lib/avrxmega6\libm.a(inverse.o)
                0x0000ea3c                inverse
 .text.avr-libc.fplib
                0x0000ea4c       0x74 c:/program files (x86)/atmel/studio/7.0/toolchain/avr8/avr8-gnu-toolchain/bin/../lib/gcc/avr/5.4.0/../../../../avr/lib/avrxmega6\libm.a(ldexp.o)
                0x0000ea54                ldexp
 .text.avr-libc.fplib
                0x0000eac0       0xa0 c:/program files (x86)/atmel/studio/7.0/toolchain/avr8/avr8-gnu-toolchain/bin/../lib/gcc/avr/5.4.0/../../../../avr/lib/avrxmega6\libm.a(log.o)
                0x0000ead0                log
 .text.avr-libc.fplib
                0x0000eb60       0x68 c:/program files (x86)/atmel/studio/7.0/toolchain/avr8/avr8-gnu-toolchain/bin/../lib/gcc/avr/5.4.0/../../../../avr/lib/avrxmega6\libm.a(modf.o)
                0x0000eb60                modf
                0x0000eb60                modff
 .text.avr-libc.fplib
                0x0000ebc8        0x8 c:/program files (x86)/atmel/studio/7.0/toolchain/avr8/avr8-gnu-toolchain/bin/../lib/gcc/avr/5.4.0/../../../../avr/lib/avrxmega6\libm.a(mulsf3.o)
                0x0000ebc8                __mulsf3
 .text.avr-libc.fplib
                0x0000ebd0       0xd2 c:/program files (x86)/atmel/studio/7.0/toolchain/avr8/avr8-gnu-toolchain/bin/../lib/gcc/avr/5.4.0/../../../../avr/lib/avrxmega6\libm.a(mulsf3x.o)
                0x0000ebee                __mulsf3x
                0x0000ebf4                __mulsf3_pse
 .text.avr-libc.fplib
                0x0000eca2       0xa0 c:/program files (x86)/atmel/studio/7.0/toolchain/avr8/avr8-gnu-toolchain/bin/../lib/gcc/avr/5.4.0/../../../../avr/lib/avrxmega6\libm.a(pow.o)
                0x0000eca2                pow
 .text.avr-libc.fplib
                0x0000ed42       0x10 c:/program files (x86)/atmel/studio/7.0/toolchain/avr8/avr8-gnu-toolchain/bin/../lib/gcc/avr/5.4.0/../../../../avr/lib/avrxmega6\libm.a(sin.o)
                0x0000ed42                sin
 .text.avr-libc.fplib
                0x0000ed52       0x8c c:/program files (x86)/atmel/studio/7.0/toolchain/avr8/avr8-gnu-toolchain/bin/../lib/gcc/avr/5.4.0/../../../../avr/lib/avrxmega6\libm.a(sqrt.o)
                0x0000ed5e                sqrtf
                0x0000ed5e                sqrt
 .text.avr-libc.fplib
                0x0000edde        0x8 c:/program files (x86)/atmel/studio/7.0/toolchain/avr8/avr8-gnu-toolchain/bin/../lib/gcc/avr/5.4.0/../../../../avr/lib/avrxmega6\libm.a(square.o)
                0x0000edde                square
 .text.avr-libc.fplib
                0x0000ede6        0xa c:/program files (x86)/atmel/studio/7.0/toolchain/avr8/avr8-gnu-toolchain/bin/../lib/gcc/avr/5.4.0/../../../../avr/lib/avrxmega6\libm.a(unordsf2.o)
                0x0000ede6                __unordsf2
 .text.avr-libc.fplib
                0x0000edf0        0xe c:/program files (x86)/atmel/studio/7.0/toolchain/avr8/avr8-gnu-toolchain/bin/../lib/gcc/avr/5.4.0/../../../../avr/lib/avrxmega6\libm.a(fp_norm2.o)
                0x0000edf0                __fp_norm2
 .text.avr-libc.fplib
                0x0000edfe       0x28 c:/program files (x86)/atmel/studio/7.0/toolchain/avr8/avr8-gnu-toolchain/bin/../lib/gcc/avr/5.4.0/../../../../avr/lib/avrxmega6\libm.a(fp_powsodd.o)
                0x0000edfe                __fp_powsodd
 .text.libgcc.div
                0x0000ee26       0x28 c:/program files (x86)/atmel/studio/7.0/toolchain/avr8/avr8-gnu-toolchain/bin/../lib/gcc/avr/5.4.0/avrxmega6\libgcc.a(_udivmodhi4.o)
                0x0000ee26                __udivmodhi4
 .text.libgcc.div
                0x0000ee4e       0x28 c:/program files (x86)/atmel/studio/7.0/toolchain/avr8/avr8-gnu-toolchain/bin/../lib/gcc/avr/5.4.0/avrxmega6\libgcc.a(_divmodhi4.o)
                0x0000ee4e                _div
                0x0000ee4e                __divmodhi4
 .text.libgcc.div
                0x0000ee76       0x44 c:/program files (x86)/atmel/studio/7.0/toolchain/avr8/avr8-gnu-toolchain/bin/../lib/gcc/avr/5.4.0/avrxmega6\libgcc.a(_udivmodsi4.o)
                0x0000ee76                __udivmodsi4
 .text.libgcc   0x0000eeba       0x10 c:/program files (x86)/atmel/studio/7.0/toolchain/avr8/avr8-gnu-toolchain/bin/../lib/gcc/avr/5.4.0/avrxmega6\libgcc.a(_tablejump2.o)
                0x0000eeba                __tablejump2__
 .text.libgcc.mul
                0x0000eeca       0x1e c:/program files (x86)/atmel/studio/7.0/toolchain/avr8/avr8-gnu-toolchain/bin/../lib/gcc/avr/5.4.0/avrxmega6\libgcc.a(_umulhisi3.o)
                0x0000eeca                __umulhisi3
 .text.libgcc.mul
                0x0000eee8       0x10 c:/program files (x86)/atmel/studio/7.0/toolchain/avr8/avr8-gnu-toolchain/bin/../lib/gcc/avr/5.4.0/avrxmega6\libgcc.a(_mulshisi3.o)
                0x0000eee8                __mulshisi3
                0x0000eeee                __mulohisi3
 .text.libgcc.mul
                0x0000eef8       0x16 c:/program files (x86)/atmel/studio/7.0/toolchain/avr8/avr8-gnu-toolchain/bin/../lib/gcc/avr/5.4.0/avrxmega6\libgcc.a(_muluhisi3.o)
                0x0000eef8                __muluhisi3
 .text.avr-libc
                0x0000ef0e      0x242 c:/program files (x86)/atmel/studio/7.0/toolchain/avr8/avr8-gnu-toolchain/bin/../lib/gcc/avr/5.4.0/../../../../avr/lib/avrxmega6\libc.a(malloc.o)
                0x0000ef0e                malloc
                0x0000f03e                free
 .text.avr-libc
                0x0000f150      0x41c c:/program files (x86)/atmel/studio/7.0/toolchain/avr8/avr8-gnu-toolchain/bin/../lib/gcc/avr/5.4.0/../../../../avr/lib/avrxmega6\libc.a(qsort.o)
                0x0000f1de                qsort
 .text.avr-libc
                0x0000f56c      0x21a c:/program files (x86)/atmel/studio/7.0/toolchain/avr8/avr8-gnu-toolchain/bin/../lib/gcc/avr/5.4.0/../../../../avr/lib/avrxmega6\libc.a(strtoul.o)
                0x0000f56c                strtoul
 .text.avr-libc
                0x0000f786       0x3c c:/program files (x86)/atmel/studio/7.0/toolchain/avr8/avr8-gnu-toolchain/bin/../lib/gcc/avr/5.4.0/../../../../avr/lib/avrxmega6\libc.a(atoi.o)
                0x0000f786                atoi
 .text.avr-libc
                0x0000f7c2      0x1b0 c:/program files (x86)/atmel/studio/7.0/toolchain/avr8/avr8-gnu-toolchain/bin/../lib/gcc/avr/5.4.0/../../../../avr/lib/avrxmega6\libc.a(ftoa_engine.o)
                0x0000f7c2                __ftoa_engine
 .text.avr-libc
                0x0000f972       0x12 c:/program files (x86)/atmel/studio/7.0/toolchain/avr8/avr8-gnu-toolchain/bin/../lib/gcc/avr/5.4.0/../../../../avr/lib/avrxmega6\libc.a(isspace.o)
                0x0000f972                isspace
 .text.avr-libc
                0x0000f984       0x10 c:/program files (x86)/atmel/studio/7.0/toolchain/avr8/avr8-gnu-toolchain/bin/../lib/gcc/avr/5.4.0/../../../../avr/lib/avrxmega6\libc.a(tolower.o)
                0x0000f984                tolower
 .text.avr-libc
                0x0000f994       0x16 c:/program files (x86)/atmel/studio/7.0/toolchain/avr8/avr8-gnu-toolchain/bin/../lib/gcc/avr/5.4.0/../../../../avr/lib/avrxmega6\libc.a(strchr_P.o)
                0x0000f994                strchr_P
 .text.avr-libc
                0x0000f9aa       0x12 c:/program files (x86)/atmel/studio/7.0/toolchain/avr8/avr8-gnu-toolchain/bin/../lib/gcc/avr/5.4.0/../../../../avr/lib/avrxmega6\libc.a(strcmp_P.o)
                0x0000f9aa                strcmp_P
 .text.avr-libc
                0x0000f9bc       0x16 c:/program files (x86)/atmel/studio/7.0/toolchain/avr8/avr8-gnu-toolchain/bin/../lib/gcc/avr/5.4.0/../../../../avr/lib/avrxmega6\libc.a(strnlen_P.o)
                0x0000f9bc                strnlen_P
 .text.avr-libc
                0x0000f9d2        0x8 c:/program files (x86)/atmel/studio/7.0/toolchain/avr8/avr8-gnu-toolchain/bin/../lib/gcc/avr/5.4.0/../../../../avr/lib/avrxmega6\libc.a(strtok.o)
                0x0000f9d2                strtok
 .text.avr-libc
                0x0000f9da       0x12 c:/program files (x86)/atmel/studio/7.0/toolchain/avr8/avr8-gnu-toolchain/bin/../lib/gcc/avr/5.4.0/../../../../avr/lib/avrxmega6\libc.a(memcpy.o)
                0x0000f9da                memcpy
 .text.avr-libc
                0x0000f9ec       0x12 c:/program files (x86)/atmel/studio/7.0/toolchain/avr8/avr8-gnu-toolchain/bin/../lib/gcc/avr/5.4.0/../../../../avr/lib/avrxmega6\libc.a(strcmp.o)
                0x0000f9ec                strcmp
 .text.avr-libc
                0x0000f9fe        0xe c:/program files (x86)/atmel/studio/7.0/toolchain/avr8/avr8-gnu-toolchain/bin/../lib/gcc/avr/5.4.0/../../../../avr/lib/avrxmega6\libc.a(strcpy.o)
                0x0000f9fe                strcpy
 .text.avr-libc
                0x0000fa0c       0x1e c:/program files (x86)/atmel/studio/7.0/toolchain/avr8/avr8-gnu-toolchain/bin/../lib/gcc/avr/5.4.0/../../../../avr/lib/avrxmega6\libc.a(strcspn.o)
                0x0000fa0c                strcspn
 .text.avr-libc
                0x0000fa2a       0x1e c:/program files (x86)/atmel/studio/7.0/toolchain/avr8/avr8-gnu-toolchain/bin/../lib/gcc/avr/5.4.0/../../../../avr/lib/avrxmega6\libc.a(strncpy.o)
                0x0000fa2a                strncpy
 .text.avr-libc
                0x0000fa48       0x16 c:/program files (x86)/atmel/studio/7.0/toolchain/avr8/avr8-gnu-toolchain/bin/../lib/gcc/avr/5.4.0/../../../../avr/lib/avrxmega6\libc.a(strnlen.o)
                0x0000fa48                strnlen
 .text.avr-libc
                0x0000fa5e       0x4e c:/program files (x86)/atmel/studio/7.0/toolchain/avr8/avr8-gnu-toolchain/bin/../lib/gcc/avr/5.4.0/../../../../avr/lib/avrxmega6\libc.a(strtok_r.o)
                0x0000fa5e                strtok_r
 .text.avr-libc
                0x0000faac       0x10 c:/program files (x86)/atmel/studio/7.0/toolchain/avr8/avr8-gnu-toolchain/bin/../lib/gcc/avr/5.4.0/../../../../avr/lib/avrxmega6\libc.a(mul10.o)
                0x0000faac                __mulhi_const_10
 .text.avr-libc
                0x0000fabc       0x7c c:/program files (x86)/atmel/studio/7.0/toolchain/avr8/avr8-gnu-toolchain/bin/../lib/gcc/avr/5.4.0/../../../../avr/lib/avrxmega6\libc.a(fgetc.o)
                0x0000fabc                fgetc
 .text.avr-libc
                0x0000fb38       0x78 c:/program files (x86)/atmel/studio/7.0/toolchain/avr8/avr8-gnu-toolchain/bin/../lib/gcc/avr/5.4.0/../../../../avr/lib/avrxmega6\libc.a(fputc.o)
                0x0000fb38                fputc
 .text.avr-libc
                0x0000fbb0       0x28 c:/program files (x86)/atmel/studio/7.0/toolchain/avr8/avr8-gnu-toolchain/bin/../lib/gcc/avr/5.4.0/../../../../avr/lib/avrxmega6\libc.a(printf.o)
                0x0000fbb0                printf
 .text.avr-libc
                0x0000fbd8       0x50 c:/program files (x86)/atmel/studio/7.0/toolchain/avr8/avr8-gnu-toolchain/bin/../lib/gcc/avr/5.4.0/../../../../avr/lib/avrxmega6\libc.a(printf_p.o)
                0x0000fbd8                printf_P
 .text.avr-libc
                0x0000fc28        0xc c:/program files (x86)/atmel/studio/7.0/toolchain/avr8/avr8-gnu-toolchain/bin/../lib/gcc/avr/5.4.0/../../../../avr/lib/avrxmega6\libc.a(putchar.o)
                0x0000fc28                putchar
 .text.avr-libc
                0x0000fc34       0x60 c:/program files (x86)/atmel/studio/7.0/toolchain/avr8/avr8-gnu-toolchain/bin/../lib/gcc/avr/5.4.0/../../../../avr/lib/avrxmega6\libc.a(puts.o)
                0x0000fc34                puts
 .text.avr-libc
                0x0000fc94       0x52 c:/program files (x86)/atmel/studio/7.0/toolchain/avr8/avr8-gnu-toolchain/bin/../lib/gcc/avr/5.4.0/../../../../avr/lib/avrxmega6\libc.a(sprintf.o)
                0x0000fc94                sprintf
 .text.avr-libc
                0x0000fce6       0x32 c:/program files (x86)/atmel/studio/7.0/toolchain/avr8/avr8-gnu-toolchain/bin/../lib/gcc/avr/5.4.0/../../../../avr/lib/avrxmega6\libc.a(ungetc.o)
                0x0000fce6                ungetc
 .text.avr-libc
                0x0000fd18       0xbc c:/program files (x86)/atmel/studio/7.0/toolchain/avr8/avr8-gnu-toolchain/bin/../lib/gcc/avr/5.4.0/../../../../avr/lib/avrxmega6\libc.a(ultoa_invert.o)
                0x0000fd18                __ultoa_invert
 .text.avr-libc
                0x0000fdd4        0x6 c:/program files (x86)/atmel/studio/7.0/toolchain/avr8/avr8-gnu-toolchain/bin/../lib/gcc/avr/5.4.0/../../../../avr/lib/avrxmega6\libc.a(cty_isfalse.o)
                0x0000fdd4                __ctype_isfalse
                0x0000fdd8                __ctype_istrue
 .text.libgcc.mul
                0x0000fdda       0x20 c:/program files (x86)/atmel/studio/7.0/toolchain/avr8/avr8-gnu-toolchain/bin/../lib/gcc/avr/5.4.0/avrxmega6\libgcc.a(_mulsi3.o)
                0x0000fdda                __mulsi3
                0x0000fdfa                . = ALIGN (0x2)
 *(.fini9)
 .fini9         0x0000fdfa        0x0 c:/program files (x86)/atmel/studio/7.0/toolchain/avr8/avr8-gnu-toolchain/bin/../lib/gcc/avr/5.4.0/avrxmega6\libgcc.a(_exit.o)
                0x0000fdfa                _exit
                0x0000fdfa                exit
 *(.fini9)
 *(.fini8)
 *(.fini8)
 *(.fini7)
 *(.fini7)
 *(.fini6)
 *(.fini6)
 *(.fini5)
 *(.fini5)
 *(.fini4)
 *(.fini4)
 *(.fini3)
 *(.fini3)
 *(.fini2)
 *(.fini2)
 *(.fini1)
 *(.fini1)
 *(.fini0)
 .fini0         0x0000fdfa        0x4 c:/program files (x86)/atmel/studio/7.0/toolchain/avr8/avr8-gnu-toolchain/bin/../lib/gcc/avr/5.4.0/avrxmega6\libgcc.a(_exit.o)
 *(.fini0)
                0x0000fdfe                _etext = .

.data           0x00802000      0x50a load address 0x0000fdfe
                0x00802000                PROVIDE (__data_start, .)
 *(.data)
 .data          0x00802000        0x6 c:/program files (x86)/atmel/studio/7.0/toolchain/avr8/avr8-gnu-toolchain/bin/../lib/gcc/avr/5.4.0/../../../../avr/lib/avrxmega6\libc.a(malloc.o)
                0x00802000                __malloc_heap_end
                0x00802002                __malloc_heap_start
                0x00802004                __malloc_margin
 *(.data*)
 .data.channel  0x00802006        0xc ../build/src/../src/ir_led.o
                0x00802006                channel
 .data.mystdout
                0x00802012        0xe ../build/src/../src/pc_comm.o
 *(.rodata)
 .rodata        0x00802020       0x40 ../build/src/../src/droplet_init.o
 .rodata        0x00802060       0x24 ../build/src/../src/localization.o
 .rodata        0x00802084       0x6c ../build/src/../src/matrix_utils.o
 *(.rodata*)
 .rodata.str1.1
                0x008020f0       0xb9 ../build/src/../pong.o
                                 0xc1 (size before relaxing)
 .rodata.str1.1
                0x008021a9        0xb ../build/src/../src/ir_comm.o
                                 0x12 (size before relaxing)
 .rodata.ir_carrier_bm
                0x008021b4        0x6 ../build/src/../src/ir_comm.o
 .rodata.uart_ch
                0x008021ba        0xc ../build/src/../src/ir_led.o
 .rodata.tx_pins
                0x008021c6        0x6 ../build/src/../src/ir_led.o
 .rodata.carrier_wave_pins
                0x008021cc        0x6 ../build/src/../src/ir_led.o
 .rodata.mux_sensor_selectors
                0x008021d2        0x6 ../build/src/../src/ir_sensor.o
                0x008021d2                mux_sensor_selectors
 .rodata.str1.1
                0x008021d8       0x3f ../build/src/../src/localization.o
                                 0x5b (size before relaxing)
 .rodata.measCovarFar
                0x00802217       0x24 ../build/src/../src/localization.o
 .rodata.measCovarMed
                0x0080223b       0x24 ../build/src/../src/localization.o
 .rodata.measCovarClose
                0x0080225f       0x24 ../build/src/../src/localization.o
 .rodata.SEED_POS
                0x00802283       0x18 ../build/src/../src/localization.o
                0x00802283                SEED_POS
 .rodata.str1.1
                0x0080229b       0xf6 ../build/src/../src/matrix_utils.o
 .rodata.str1.1
                0x00802391        0x4 ../build/src/../src/motor.o
                                  0x6 (size before relaxing)
 .rodata.str1.1
                0x00802395        0x4 ../build/src/../src/pc_comm.o
                                  0x6 (size before relaxing)
 .rodata.headingBasis
                0x00802399       0x30 ../build/src/../src/range_algs.o
 .rodata.hats   0x008023c9       0x30 ../build/src/../src/range_algs.o
 .rodata.bearingBasis
                0x008023f9       0x30 ../build/src/../src/range_algs.o
 .rodata.str1.1
                0x00802429       0xbd ../build/src/../src/scheduler.o
 .rodata.str1.1
                0x008024e6       0x23 ../build/src/../src/serial_handler.o
                                 0x27 (size before relaxing)
 *(.gnu.linkonce.d*)
                0x0080250a                . = ALIGN (0x2)
 *fill*         0x00802509        0x1 
                0x0080250a                _edata = .
                0x0080250a                PROVIDE (__data_end, .)

.bss            0x0080250a      0x54c
                0x0080250a                PROVIDE (__bss_start, .)
 *(.bss)
 .bss           0x0080250a        0x2 c:/program files (x86)/atmel/studio/7.0/toolchain/avr8/avr8-gnu-toolchain/bin/../lib/gcc/avr/5.4.0/../../../../avr/lib/avrxmega6\libc.a(strtok.o)
 *(.bss*)
 .bss.ffsync_blink_dur
                0x0080250c        0x2 ../build/src/../src/firefly_sync.o
 .bss.ffsync_blink_prev_b
                0x0080250e        0x1 ../build/src/../src/firefly_sync.o
 .bss.ffsync_blink_prev_g
                0x0080250f        0x1 ../build/src/../src/firefly_sync.o
 .bss.ffsync_blink_prev_r
                0x00802510        0x1 ../build/src/../src/firefly_sync.o
 .bss.ffsync_blink_b
                0x00802511        0x1 ../build/src/../src/firefly_sync.o
 .bss.ffsync_blink_g
                0x00802512        0x1 ../build/src/../src/firefly_sync.o
 .bss.ffsync_blink_r
                0x00802513        0x1 ../build/src/../src/firefly_sync.o
 .bss.next_byte
                0x00802514        0x1 ../build/src/../src/ir_comm.o
 .bss.cmd_buffer
                0x00802515       0x40 ../build/src/../src/ir_comm.o
 .bss.cmd_length
                0x00802555        0x2 ../build/src/../src/ir_comm.o
 .bss.processing_ffsync
                0x00802557        0x1 ../build/src/../src/ir_comm.o
 .bss.processing_cmd
                0x00802558        0x1 ../build/src/../src/ir_comm.o
 .bss.saved_usart_ctrlb_vals
                0x00802559        0x6 ../build/src/../src/ir_led.o
 .bss.ir_sense_baseline
                0x0080255f        0xc ../build/src/../src/ir_sensor.o
 .bss.start.5528
                0x0080256b        0x2 ../build/src/../src/localization.o
 .bss.motor_off_time
                0x0080256d        0x2 ../build/src/../src/motor.o
 .bss.motor_on_time
                0x0080256f        0x2 ../build/src/../src/motor.o
 .bss.current_motor_task
                0x00802571        0x2 ../build/src/../src/motor.o
 .bss.motor_status
                0x00802573        0x1 ../build/src/../src/motor.o
 .bss.serial_in_index
                0x00802574        0x2 ../build/src/../src/pc_comm.o
 .bss.escaped_arrow
                0x00802576        0x1 ../build/src/../src/pc_comm.o
 .bss.escaped   0x00802577        0x1 ../build/src/../src/pc_comm.o
 .bss.serial_in_buffer
                0x00802578       0x40 ../build/src/../src/pc_comm.o
 .bss.randNormHasSaved
                0x008025b8        0x1 ../build/src/../src/random.o
 .bss.r_position
                0x008025b9        0x1 ../build/src/../src/random.o
 .bss.r_round   0x008025ba        0x1 ../build/src/../src/random.o
 .bss.brightMeas
                0x008025bb       0x48 ../build/src/../src/range_algs.o
 .bss.sensorHealthHistory
                0x00802603        0x4 ../build/src/../src/range_algs.o
 .bss.b_baseline
                0x00802607        0x2 ../build/src/../src/rgb_sensor.o
 .bss.g_baseline
                0x00802609        0x2 ../build/src/../src/rgb_sensor.o
 .bss.r_baseline
                0x0080260b        0x2 ../build/src/../src/rgb_sensor.o
 .bss.task_storage_arr
                0x0080260d       0x8c ../build/src/../src/scheduler.o
 *(COMMON)
 COMMON         0x00802699      0x3b1 ../build/src/../pong.o
                0x00802699                droplet_ID
                0x0080269b                user_facing_messages_ovf
                0x0080269c                lastLightCheck
                0x008026a0                rtc_epoch
                0x008026a2                myPosCovar
                0x008026ae                paddleEnd
                0x008026b0                cmd_arrival_dir
                0x008026b1                paddleStart
                0x008026b3                cmd_sender_dir
                0x008026b4                myState
                0x008026b5                msg_node
                0x008027db                numNearBots
                0x008027dc                myDist
                0x008027de                cmd_sender_id
                0x008027e0                num_waiting_msgs
                0x008027e1                num_tasks
                0x008027e2                mySlot
                0x008027e4                gameMode
                0x008027e5                loopID
                0x008027e7                obsStart
                0x008027e9                lastBallID
                0x008027ea                nearBots
                0x00802852                twiMaster
                0x0080286b                frameStart
                0x0080286f                last_good_rnb
                0x00802877                otherDist
                0x00802879                rnbProcessingFlag
                0x0080287a                rnb_updated
                0x0080287b                hardBotsList
                0x0080287d                seedFlag
                0x0080287e                frameCount
                0x00802882                lastPaddleMsg
                0x00802886                isCovered
                0x00802887                rnbCmdSentTime
                0x0080288b                mm_per_kilostep
                0x0080289b                ir_rxtx
                0x008029f1                task_executing
                0x008029f2                colorMode
                0x008029f3                motor_adjusts
                0x00802a23                paddleChange
                0x00802a27                hp_ir_block_bm
                0x00802a28                lastBallMsg
                0x00802a2c                rnbCmdID
                0x00802a2e                cmd_arrival_time
                0x00802a32                task_list
                0x00802a34                myPos
                0x00802a3a                theBall
                0x00802a46                twi
                0x00802a48                curr_ir_power
 COMMON         0x00802a4a        0x4 c:/program files (x86)/atmel/studio/7.0/toolchain/avr8/avr8-gnu-toolchain/bin/../lib/gcc/avr/5.4.0/../../../../avr/lib/avrxmega6\libc.a(malloc.o)
                0x00802a4a                __brkval
                0x00802a4c                __flp
 COMMON         0x00802a4e        0x6 c:/program files (x86)/atmel/studio/7.0/toolchain/avr8/avr8-gnu-toolchain/bin/../lib/gcc/avr/5.4.0/../../../../avr/lib/avrxmega6\libc.a(iob.o)
                0x00802a4e                __iob
 COMMON         0x00802a54        0x2 c:/program files (x86)/atmel/studio/7.0/toolchain/avr8/avr8-gnu-toolchain/bin/../lib/gcc/avr/5.4.0/../../../../avr/lib/avrxmega6\libc.a(errno.o)
                0x00802a54                errno
                0x00802a56                PROVIDE (__bss_end, .)
                0x0000fdfe                __data_load_start = LOADADDR (.data)
                0x00010308                __data_load_end = (__data_load_start + SIZEOF (.data))

.noinit         0x00802a56        0x0
                [!provide]                PROVIDE (__noinit_start, .)
 *(.noinit*)
                [!provide]                PROVIDE (__noinit_end, .)
                0x00802a56                _end = .
                0x00802a56                PROVIDE (__heap_start, .)

.eeprom         0x00810000        0x0
 *(.eeprom*)
                0x00810000                __eeprom_end = .

.fuse
 *(.fuse)
 *(.lfuse)
 *(.hfuse)
 *(.efuse)

.lock
 *(.lock*)

.signature
 *(.signature*)

.user_signatures
 *(.user_signatures*)

.stab
 *(.stab)

.stabstr
 *(.stabstr)

.stab.excl
 *(.stab.excl)

.stab.exclstr
 *(.stab.exclstr)

.stab.index
 *(.stab.index)

.stab.indexstr
 *(.stab.indexstr)

.comment        0x00000000       0x5c
 *(.comment)
 .comment       0x00000000       0x30 ../build/src/../pong.o
                                 0x31 (size before relaxing)
 .comment       0x00000030       0x31 ../build/src/../src/droplet_base.o
 .comment       0x00000030       0x31 ../build/src/../src/droplet_init.o
 .comment       0x00000030       0x31 ../build/src/../src/eeprom_driver.o
 .comment       0x00000030       0x31 ../build/src/../src/firefly_sync.o
 .comment       0x00000030       0x31 ../build/src/../src/i2c.o
 .comment       0x00000030       0x31 ../build/src/../src/ir_comm.o
 .comment       0x00000030       0x31 ../build/src/../src/ir_led.o
 .comment       0x00000030       0x31 ../build/src/../src/ir_sensor.o
 .comment       0x00000030       0x31 ../build/src/../src/localization.o
 .comment       0x00000030       0x31 ../build/src/../src/matrix_utils.o
 .comment       0x00000030       0x31 ../build/src/../src/motor.o
 .comment       0x00000030       0x31 ../build/src/../src/pc_comm.o
 .comment       0x00000030       0x31 ../build/src/../src/power.o
 .comment       0x00000030       0x31 ../build/src/../src/random.o
 .comment       0x00000030       0x31 ../build/src/../src/range_algs.o
 .comment       0x00000030       0x31 ../build/src/../src/rgb_led.o
 .comment       0x00000030       0x31 ../build/src/../src/rgb_sensor.o
 .comment       0x00000030       0x31 ../build/src/../src/scheduler.o
 .comment       0x00000030       0x31 ../build/src/../src/serial_handler.o
 .comment       0x00000030       0x2c c:/program files (x86)/atmel/studio/7.0/toolchain/avr8/avr8-gnu-toolchain/bin/../lib/gcc/avr/5.4.0/../../../../avr/lib/avrxmega6\libprintf_flt.a(vfprintf_flt.o)
                                 0x2d (size before relaxing)
 .comment       0x0000005c       0x2d c:/program files (x86)/atmel/studio/7.0/toolchain/avr8/avr8-gnu-toolchain/bin/../lib/gcc/avr/5.4.0/../../../../avr/lib/avrxmega6\libscanf_flt.a(vfscanf_flt.o)
 .comment       0x0000005c       0x31 c:/program files (x86)/atmel/studio/7.0/toolchain/avr8/avr8-gnu-toolchain/bin/../lib/gcc/avr/5.4.0/../../../../avr/lib/avrxmega6\libc.a(malloc.o)
 .comment       0x0000005c       0x31 c:/program files (x86)/atmel/studio/7.0/toolchain/avr8/avr8-gnu-toolchain/bin/../lib/gcc/avr/5.4.0/../../../../avr/lib/avrxmega6\libc.a(qsort.o)
 .comment       0x0000005c       0x31 c:/program files (x86)/atmel/studio/7.0/toolchain/avr8/avr8-gnu-toolchain/bin/../lib/gcc/avr/5.4.0/../../../../avr/lib/avrxmega6\libc.a(strtoul.o)
 .comment       0x0000005c       0x31 c:/program files (x86)/atmel/studio/7.0/toolchain/avr8/avr8-gnu-toolchain/bin/../lib/gcc/avr/5.4.0/../../../../avr/lib/avrxmega6\libc.a(strtok.o)
 .comment       0x0000005c       0x31 c:/program files (x86)/atmel/studio/7.0/toolchain/avr8/avr8-gnu-toolchain/bin/../lib/gcc/avr/5.4.0/../../../../avr/lib/avrxmega6\libc.a(fgetc.o)
 .comment       0x0000005c       0x31 c:/program files (x86)/atmel/studio/7.0/toolchain/avr8/avr8-gnu-toolchain/bin/../lib/gcc/avr/5.4.0/../../../../avr/lib/avrxmega6\libc.a(fputc.o)
 .comment       0x0000005c       0x31 c:/program files (x86)/atmel/studio/7.0/toolchain/avr8/avr8-gnu-toolchain/bin/../lib/gcc/avr/5.4.0/../../../../avr/lib/avrxmega6\libc.a(iob.o)
 .comment       0x0000005c       0x31 c:/program files (x86)/atmel/studio/7.0/toolchain/avr8/avr8-gnu-toolchain/bin/../lib/gcc/avr/5.4.0/../../../../avr/lib/avrxmega6\libc.a(printf.o)
 .comment       0x0000005c       0x31 c:/program files (x86)/atmel/studio/7.0/toolchain/avr8/avr8-gnu-toolchain/bin/../lib/gcc/avr/5.4.0/../../../../avr/lib/avrxmega6\libc.a(printf_p.o)
 .comment       0x0000005c       0x31 c:/program files (x86)/atmel/studio/7.0/toolchain/avr8/avr8-gnu-toolchain/bin/../lib/gcc/avr/5.4.0/../../../../avr/lib/avrxmega6\libc.a(putchar.o)
 .comment       0x0000005c       0x31 c:/program files (x86)/atmel/studio/7.0/toolchain/avr8/avr8-gnu-toolchain/bin/../lib/gcc/avr/5.4.0/../../../../avr/lib/avrxmega6\libc.a(puts.o)
 .comment       0x0000005c       0x31 c:/program files (x86)/atmel/studio/7.0/toolchain/avr8/avr8-gnu-toolchain/bin/../lib/gcc/avr/5.4.0/../../../../avr/lib/avrxmega6\libc.a(sprintf.o)
 .comment       0x0000005c       0x31 c:/program files (x86)/atmel/studio/7.0/toolchain/avr8/avr8-gnu-toolchain/bin/../lib/gcc/avr/5.4.0/../../../../avr/lib/avrxmega6\libc.a(ungetc.o)
 .comment       0x0000005c       0x2d c:/program files (x86)/atmel/studio/7.0/toolchain/avr8/avr8-gnu-toolchain/bin/../lib/gcc/avr/5.4.0/../../../../avr/lib/avrxmega6\libc.a(errno.o)

.note.gnu.avr.deviceinfo
                0x00000000       0x40
 .note.gnu.avr.deviceinfo
                0x00000000       0x40 C:/Program Files (x86)/Atmel/Studio/7.0/Packs/atmel/XMEGAA_DFP/1.1.68/gcc/dev/atxmega128a3u/avrxmega6/crtatxmega128a3u.o

.note.gnu.build-id
 *(.note.gnu.build-id)

.debug
 *(.debug)

.line
 *(.line)

.debug_srcinfo
 *(.debug_srcinfo)

.debug_sfnames
 *(.debug_sfnames)

.debug_aranges  0x00000000      0x840
 *(.debug_aranges)
 .debug_aranges
                0x00000000       0xd8 ../build/src/../pong.o
 .debug_aranges
                0x000000d8       0x20 ../build/src/../src/droplet_base.o
 .debug_aranges
                0x000000f8       0x30 ../build/src/../src/droplet_init.o
 .debug_aranges
                0x00000128       0x58 ../build/src/../src/eeprom_driver.o
 .debug_aranges
                0x00000180       0x70 ../build/src/../src/firefly_sync.o
 .debug_aranges
                0x000001f0       0x88 ../build/src/../src/i2c.o
 .debug_aranges
                0x00000278      0x120 ../build/src/../src/ir_comm.o
 .debug_aranges
                0x00000398       0x40 ../build/src/../src/ir_led.o
 .debug_aranges
                0x000003d8       0x48 ../build/src/../src/ir_sensor.o
 .debug_aranges
                0x00000420       0x80 ../build/src/../src/localization.o
 .debug_aranges
                0x000004a0       0xd0 ../build/src/../src/matrix_utils.o
 .debug_aranges
                0x00000570       0x78 ../build/src/../src/motor.o
 .debug_aranges
                0x000005e8       0x30 ../build/src/../src/pc_comm.o
 .debug_aranges
                0x00000618       0x48 ../build/src/../src/power.o
 .debug_aranges
                0x00000660       0x48 ../build/src/../src/random.o
 .debug_aranges
                0x000006a8       0x60 ../build/src/../src/range_algs.o
 .debug_aranges
                0x00000708       0x40 ../build/src/../src/rgb_led.o
 .debug_aranges
                0x00000748       0x48 ../build/src/../src/rgb_sensor.o
 .debug_aranges
                0x00000790       0x68 ../build/src/../src/scheduler.o
 .debug_aranges
                0x000007f8       0x28 ../build/src/../src/serial_handler.o
 .debug_aranges
                0x00000820       0x20 ../build/src/../src/droplet_base_asm.o

.debug_pubnames
 *(.debug_pubnames)

.debug_info     0x00000000    0x1df68
 *(.debug_info .gnu.linkonce.wi.*)
 .debug_info    0x00000000     0x3409 C:/Program Files (x86)/Atmel/Studio/7.0/Packs/atmel/XMEGAA_DFP/1.1.68/gcc/dev/atxmega128a3u/avrxmega6/crtatxmega128a3u.o
 .debug_info    0x00003409     0x273b ../build/src/../pong.o
 .debug_info    0x00005b44      0x1ce ../build/src/../src/droplet_base.o
 .debug_info    0x00005d12     0x15f9 ../build/src/../src/droplet_init.o
 .debug_info    0x0000730b      0x661 ../build/src/../src/eeprom_driver.o
 .debug_info    0x0000796c     0x1fed ../build/src/../src/firefly_sync.o
 .debug_info    0x00009959      0xcc8 ../build/src/../src/i2c.o
 .debug_info    0x0000a621     0x309d ../build/src/../src/ir_comm.o
 .debug_info    0x0000d6be      0xdab ../build/src/../src/ir_led.o
 .debug_info    0x0000e469     0x16ca ../build/src/../src/ir_sensor.o
 .debug_info    0x0000fb33     0x2fc4 ../build/src/../src/localization.o
 .debug_info    0x00012af7     0x118f ../build/src/../src/matrix_utils.o
 .debug_info    0x00013c86     0x1726 ../build/src/../src/motor.o
 .debug_info    0x000153ac      0xd69 ../build/src/../src/pc_comm.o
 .debug_info    0x00016115      0x73d ../build/src/../src/power.o
 .debug_info    0x00016852      0x80c ../build/src/../src/random.o
 .debug_info    0x0001705e     0x1ce7 ../build/src/../src/range_algs.o
 .debug_info    0x00018d45      0xb50 ../build/src/../src/rgb_led.o
 .debug_info    0x00019895     0x1048 ../build/src/../src/rgb_sensor.o
 .debug_info    0x0001a8dd      0xd96 ../build/src/../src/scheduler.o
 .debug_info    0x0001b673     0x2876 ../build/src/../src/serial_handler.o
 .debug_info    0x0001dee9       0x7f ../build/src/../src/droplet_base_asm.o

.debug_abbrev   0x00000000     0x7852
 *(.debug_abbrev)
 .debug_abbrev  0x00000000     0x3148 C:/Program Files (x86)/Atmel/Studio/7.0/Packs/atmel/XMEGAA_DFP/1.1.68/gcc/dev/atxmega128a3u/avrxmega6/crtatxmega128a3u.o
 .debug_abbrev  0x00003148      0x63d ../build/src/../pong.o
 .debug_abbrev  0x00003785      0x11d ../build/src/../src/droplet_base.o
 .debug_abbrev  0x000038a2      0x3c0 ../build/src/../src/droplet_init.o
 .debug_abbrev  0x00003c62      0x222 ../build/src/../src/eeprom_driver.o
 .debug_abbrev  0x00003e84      0x3c5 ../build/src/../src/firefly_sync.o
 .debug_abbrev  0x00004249      0x37d ../build/src/../src/i2c.o
 .debug_abbrev  0x000045c6      0x5af ../build/src/../src/ir_comm.o
 .debug_abbrev  0x00004b75      0x29f ../build/src/../src/ir_led.o
 .debug_abbrev  0x00004e14      0x3ee ../build/src/../src/ir_sensor.o
 .debug_abbrev  0x00005202      0x4f5 ../build/src/../src/localization.o
 .debug_abbrev  0x000056f7      0x36a ../build/src/../src/matrix_utils.o
 .debug_abbrev  0x00005a61      0x422 ../build/src/../src/motor.o
 .debug_abbrev  0x00005e83      0x2cb ../build/src/../src/pc_comm.o
 .debug_abbrev  0x0000614e      0x27e ../build/src/../src/power.o
 .debug_abbrev  0x000063cc      0x2a1 ../build/src/../src/random.o
 .debug_abbrev  0x0000666d      0x4a9 ../build/src/../src/range_algs.o
 .debug_abbrev  0x00006b16      0x202 ../build/src/../src/rgb_led.o
 .debug_abbrev  0x00006d18      0x32e ../build/src/../src/rgb_sensor.o
 .debug_abbrev  0x00007046      0x42e ../build/src/../src/scheduler.o
 .debug_abbrev  0x00007474      0x3ca ../build/src/../src/serial_handler.o
 .debug_abbrev  0x0000783e       0x14 ../build/src/../src/droplet_base_asm.o

.debug_line     0x00000000     0x899b
 *(.debug_line .debug_line.* .debug_line_end)
 .debug_line    0x00000000      0x39d C:/Program Files (x86)/Atmel/Studio/7.0/Packs/atmel/XMEGAA_DFP/1.1.68/gcc/dev/atxmega128a3u/avrxmega6/crtatxmega128a3u.o
 .debug_line    0x0000039d      0xe72 ../build/src/../pong.o
 .debug_line    0x0000120f      0x15c ../build/src/../src/droplet_base.o
 .debug_line    0x0000136b      0x86b ../build/src/../src/droplet_init.o
 .debug_line    0x00001bd6      0x373 ../build/src/../src/eeprom_driver.o
 .debug_line    0x00001f49      0x58f ../build/src/../src/firefly_sync.o
 .debug_line    0x000024d8      0x4d5 ../build/src/../src/i2c.o
 .debug_line    0x000029ad     0x1333 ../build/src/../src/ir_comm.o
 .debug_line    0x00003ce0      0x2f7 ../build/src/../src/ir_led.o
 .debug_line    0x00003fd7      0x4fe ../build/src/../src/ir_sensor.o
 .debug_line    0x000044d5      0xcdc ../build/src/../src/localization.o
 .debug_line    0x000051b1      0x8ee ../build/src/../src/matrix_utils.o
 .debug_line    0x00005a9f      0x5a5 ../build/src/../src/motor.o
 .debug_line    0x00006044      0x2e2 ../build/src/../src/pc_comm.o
 .debug_line    0x00006326      0x44b ../build/src/../src/power.o
 .debug_line    0x00006771      0x2c0 ../build/src/../src/random.o
 .debug_line    0x00006a31      0x87e ../build/src/../src/range_algs.o
 .debug_line    0x000072af      0x277 ../build/src/../src/rgb_led.o
 .debug_line    0x00007526      0x44e ../build/src/../src/rgb_sensor.o
 .debug_line    0x00007974      0x886 ../build/src/../src/scheduler.o
 .debug_line    0x000081fa      0x732 ../build/src/../src/serial_handler.o
 .debug_line    0x0000892c       0x6f ../build/src/../src/droplet_base_asm.o

.debug_frame    0x00000000     0x3688
 *(.debug_frame)
 .debug_frame   0x00000000      0x628 ../build/src/../pong.o
 .debug_frame   0x00000628       0x3c ../build/src/../src/droplet_base.o
 .debug_frame   0x00000664       0x58 ../build/src/../src/droplet_init.o
 .debug_frame   0x000006bc       0xe4 ../build/src/../src/eeprom_driver.o
 .debug_frame   0x000007a0      0x244 ../build/src/../src/firefly_sync.o
 .debug_frame   0x000009e4      0x178 ../build/src/../src/i2c.o
 .debug_frame   0x00000b5c      0xbb0 ../build/src/../src/ir_comm.o
 .debug_frame   0x0000170c      0x110 ../build/src/../src/ir_led.o
 .debug_frame   0x0000181c      0x160 ../build/src/../src/ir_sensor.o
 .debug_frame   0x0000197c      0x4c8 ../build/src/../src/localization.o
 .debug_frame   0x00001e44      0x94c ../build/src/../src/matrix_utils.o
 .debug_frame   0x00002790      0x28c ../build/src/../src/motor.o
 .debug_frame   0x00002a1c       0xb8 ../build/src/../src/pc_comm.o
 .debug_frame   0x00002ad4       0x9c ../build/src/../src/power.o
 .debug_frame   0x00002b70       0xf0 ../build/src/../src/random.o
 .debug_frame   0x00002c60      0x318 ../build/src/../src/range_algs.o
 .debug_frame   0x00002f78      0x104 ../build/src/../src/rgb_led.o
 .debug_frame   0x0000307c      0x100 ../build/src/../src/rgb_sensor.o
 .debug_frame   0x0000317c      0x444 ../build/src/../src/scheduler.o
 .debug_frame   0x000035c0       0xc8 ../build/src/../src/serial_handler.o

.debug_str      0x00000000     0x79d9
 *(.debug_str)
 .debug_str     0x00000000     0x223b C:/Program Files (x86)/Atmel/Studio/7.0/Packs/atmel/XMEGAA_DFP/1.1.68/gcc/dev/atxmega128a3u/avrxmega6/crtatxmega128a3u.o
 .debug_str     0x0000223b      0xd93 ../build/src/../pong.o
                                0xef2 (size before relaxing)
 .debug_str     0x00002fce       0x73 ../build/src/../src/droplet_base.o
                                0x1fc (size before relaxing)
 .debug_str     0x00003041      0x8d9 ../build/src/../src/droplet_init.o
                                0xf4e (size before relaxing)
 .debug_str     0x0000391a       0xf8 ../build/src/../src/eeprom_driver.o
                                0x680 (size before relaxing)
 .debug_str     0x00003a12     0x11d1 ../build/src/../src/firefly_sync.o
                               0x1af4 (size before relaxing)
 .debug_str     0x00004be3      0x532 ../build/src/../src/i2c.o
                                0x8c8 (size before relaxing)
 .debug_str     0x00005115      0x6bf ../build/src/../src/ir_comm.o
                               0x10dc (size before relaxing)
 .debug_str     0x000057d4      0x2c9 ../build/src/../src/ir_led.o
                                0x965 (size before relaxing)
 .debug_str     0x00005a9d      0x7ac ../build/src/../src/ir_sensor.o
                                0xf42 (size before relaxing)
 .debug_str     0x00006249      0x49e ../build/src/../src/localization.o
                                0xb6f (size before relaxing)
 .debug_str     0x000066e7       0xe0 ../build/src/../src/matrix_utils.o
                                0x3a0 (size before relaxing)
 .debug_str     0x000067c7      0x1d8 ../build/src/../src/motor.o
                                0xab8 (size before relaxing)
 .debug_str     0x0000699f      0x122 ../build/src/../src/pc_comm.o
                                0x8d9 (size before relaxing)
 .debug_str     0x00006ac1      0x22e ../build/src/../src/power.o
                                0x59a (size before relaxing)