Archive member included to satisfy reference by file (symbol)

c:/program files (x86)/atmel/studio/7.0/toolchain/avr8/avr8-gnu-toolchain/bin/../lib/gcc/avr/5.4.0/../../../../avr/lib/avrxmega6\libprintf_flt.a(vfprintf_flt.o)
                              (vfprintf)
c:/program files (x86)/atmel/studio/7.0/toolchain/avr8/avr8-gnu-toolchain/bin/../lib/gcc/avr/5.4.0/../../../../avr/lib/avrxmega6\libscanf_flt.a(vfscanf_flt.o)
                              (vfscanf)
c:/program files (x86)/atmel/studio/7.0/toolchain/avr8/avr8-gnu-toolchain/bin/../lib/gcc/avr/5.4.0/../../../../avr/lib/avrxmega6\libm.a(acos.o)
                              ../src/matrix_utils.o (acos)
c:/program files (x86)/atmel/studio/7.0/toolchain/avr8/avr8-gnu-toolchain/bin/../lib/gcc/avr/5.4.0/../../../../avr/lib/avrxmega6\libm.a(addsf3.o)
                              ../src/firefly_sync.o (__subsf3)
c:/program files (x86)/atmel/studio/7.0/toolchain/avr8/avr8-gnu-toolchain/bin/../lib/gcc/avr/5.4.0/../../../../avr/lib/avrxmega6\libm.a(addsf3x.o)
                              c:/program files (x86)/atmel/studio/7.0/toolchain/avr8/avr8-gnu-toolchain/bin/../lib/gcc/avr/5.4.0/../../../../avr/lib/avrxmega6\libm.a(acos.o) (__addsf3x)
c:/program files (x86)/atmel/studio/7.0/toolchain/avr8/avr8-gnu-toolchain/bin/../lib/gcc/avr/5.4.0/../../../../avr/lib/avrxmega6\libm.a(atan2.o)
                              ../src/range_algs.o (atan2)
c:/program files (x86)/atmel/studio/7.0/toolchain/avr8/avr8-gnu-toolchain/bin/../lib/gcc/avr/5.4.0/../../../../avr/lib/avrxmega6\libm.a(atan.o)
                              c:/program files (x86)/atmel/studio/7.0/toolchain/avr8/avr8-gnu-toolchain/bin/../lib/gcc/avr/5.4.0/../../../../avr/lib/avrxmega6\libm.a(atan2.o) (atan)
c:/program files (x86)/atmel/studio/7.0/toolchain/avr8/avr8-gnu-toolchain/bin/../lib/gcc/avr/5.4.0/../../../../avr/lib/avrxmega6\libm.a(cmpsf2.o)
                              ../src/matrix_utils.o (__eqsf2)
c:/program files (x86)/atmel/studio/7.0/toolchain/avr8/avr8-gnu-toolchain/bin/../lib/gcc/avr/5.4.0/../../../../avr/lib/avrxmega6\libm.a(cos.o)
                              ../src/localization.o (cos)
c:/program files (x86)/atmel/studio/7.0/toolchain/avr8/avr8-gnu-toolchain/bin/../lib/gcc/avr/5.4.0/../../../../avr/lib/avrxmega6\libm.a(divsf3.o)
                              ../src/firefly_sync.o (__divsf3)
c:/program files (x86)/atmel/studio/7.0/toolchain/avr8/avr8-gnu-toolchain/bin/../lib/gcc/avr/5.4.0/../../../../avr/lib/avrxmega6\libm.a(divsf3x.o)
                              c:/program files (x86)/atmel/studio/7.0/toolchain/avr8/avr8-gnu-toolchain/bin/../lib/gcc/avr/5.4.0/../../../../avr/lib/avrxmega6\libm.a(divsf3.o) (__divsf3x)
c:/program files (x86)/atmel/studio/7.0/toolchain/avr8/avr8-gnu-toolchain/bin/../lib/gcc/avr/5.4.0/../../../../avr/lib/avrxmega6\libm.a(exp.o)
                              ../src/range_algs.o (exp)
c:/program files (x86)/atmel/studio/7.0/toolchain/avr8/avr8-gnu-toolchain/bin/../lib/gcc/avr/5.4.0/../../../../avr/lib/avrxmega6\libm.a(fixsfsi.o)
                              ../src/localization.o (__fixsfsi)
c:/program files (x86)/atmel/studio/7.0/toolchain/avr8/avr8-gnu-toolchain/bin/../lib/gcc/avr/5.4.0/../../../../avr/lib/avrxmega6\libm.a(fixunssfsi.o)
                              ../src/firefly_sync.o (__fixunssfsi)
c:/program files (x86)/atmel/studio/7.0/toolchain/avr8/avr8-gnu-toolchain/bin/../lib/gcc/avr/5.4.0/../../../../avr/lib/avrxmega6\libm.a(floatsisf.o)
                              ../src/firefly_sync.o (__floatunsisf)
c:/program files (x86)/atmel/studio/7.0/toolchain/avr8/avr8-gnu-toolchain/bin/../lib/gcc/avr/5.4.0/../../../../avr/lib/avrxmega6\libm.a(floor.o)
                              ../src/localization.o (floor)
c:/program files (x86)/atmel/studio/7.0/toolchain/avr8/avr8-gnu-toolchain/bin/../lib/gcc/avr/5.4.0/../../../../avr/lib/avrxmega6\libm.a(fmod.o)
                              ../src/localization.o (fmod)
c:/program files (x86)/atmel/studio/7.0/toolchain/avr8/avr8-gnu-toolchain/bin/../lib/gcc/avr/5.4.0/../../../../avr/lib/avrxmega6\libm.a(fp_arccos.o)
                              c:/program files (x86)/atmel/studio/7.0/toolchain/avr8/avr8-gnu-toolchain/bin/../lib/gcc/avr/5.4.0/../../../../avr/lib/avrxmega6\libm.a(acos.o) (__fp_arccos)
c:/program files (x86)/atmel/studio/7.0/toolchain/avr8/avr8-gnu-toolchain/bin/../lib/gcc/avr/5.4.0/../../../../avr/lib/avrxmega6\libm.a(fp_cmp.o)
                              c:/program files (x86)/atmel/studio/7.0/toolchain/avr8/avr8-gnu-toolchain/bin/../lib/gcc/avr/5.4.0/../../../../avr/lib/avrxmega6\libm.a(cmpsf2.o) (__fp_cmp)
c:/program files (x86)/atmel/studio/7.0/toolchain/avr8/avr8-gnu-toolchain/bin/../lib/gcc/avr/5.4.0/../../../../avr/lib/avrxmega6\libm.a(fp_inf.o)
                              c:/program files (x86)/atmel/studio/7.0/toolchain/avr8/avr8-gnu-toolchain/bin/../lib/gcc/avr/5.4.0/../../../../avr/lib/avrxmega6\libm.a(addsf3x.o) (__fp_inf)
[...]
Memory Configuration

Name             Origin             Length             Attributes
text             0x00000000         0x00100000         xr
data             0x00802000         0x0000ffa0         rw !x
eeprom           0x00810000         0x00010000         rw !x
fuse             0x00820000         0x00000006         rw !x
lock             0x00830000         0x00000400         rw !x
signature        0x00840000         0x00000400         rw !x
user_signatures  0x00850000         0x00000400         rw !x
*default*        0x00000000         0xffffffff

Linker script and memory map

LOAD C:/Program Files (x86)/Atmel/Studio/7.0/Packs/atmel/XMEGAA_DFP/1.1.68/gcc/dev/atxmega128a3u/avrxmega6/crtatxmega128a3u.o
LOAD ../user_template.o
LOAD ../src/droplet_base.o
LOAD ../src/droplet_init.o
LOAD ../src/eeprom_driver.o
LOAD ../src/firefly_sync.o
LOAD ../src/i2c.o
LOAD ../src/ir_comm.o
LOAD ../src/ir_led.o
LOAD ../src/ir_sensor.o
LOAD ../src/localization.o
LOAD ../src/matrix_utils.o
LOAD ../src/mic.o
LOAD ../src/motor.o
LOAD ../src/nvm.o
LOAD ../src/pc_comm.o
LOAD ../src/power.o
LOAD ../src/random.o
LOAD ../src/range_algs.o
LOAD ../src/rgb_led.o
LOAD ../src/rgb_sensor.o
LOAD ../src/scheduler.o
LOAD ../src/serial_handler.o
LOAD ../src/speaker.o
LOAD ../src/droplet_base_asm.o
LOAD ../src/nvm_asm.o
LOAD c:/program files (x86)/atmel/studio/7.0/toolchain/avr8/avr8-gnu-toolchain/bin/../lib/gcc/avr/5.4.0/../../../../avr/lib/avrxmega6\libprintf_flt.a
LOAD c:/program files (x86)/atmel/studio/7.0/toolchain/avr8/avr8-gnu-toolchain/bin/../lib/gcc/avr/5.4.0/../../../../avr/lib/avrxmega6\libscanf_flt.a
LOAD c:/program files (x86)/atmel/studio/7.0/toolchain/avr8/avr8-gnu-toolchain/bin/../lib/gcc/avr/5.4.0/../../../../avr/lib/avrxmega6\libm.a
Address of section .BOOT set to 0x20000
Address of section .USERCODE set to 0xc000
START GROUP
LOAD c:/program files (x86)/atmel/studio/7.0/toolchain/avr8/avr8-gnu-toolchain/bin/../lib/gcc/avr/5.4.0/avrxmega6\libgcc.a
LOAD c:/program files (x86)/atmel/studio/7.0/toolchain/avr8/avr8-gnu-toolchain/bin/../lib/gcc/avr/5.4.0/../../../../avr/lib/avrxmega6\libm.a
LOAD c:/program files (x86)/atmel/studio/7.0/toolchain/avr8/avr8-gnu-toolchain/bin/../lib/gcc/avr/5.4.0/../../../../avr/lib/avrxmega6\libc.a
LOAD C:/Program Files (x86)/Atmel/Studio/7.0/Packs/atmel/XMEGAA_DFP/1.1.68/gcc/dev/atxmega128a3u/avrxmega6\libatxmega128a3u.a
END GROUP
                0x00100000                __TEXT_REGION_LENGTH__ = DEFINED (__TEXT_REGION_LENGTH__)?__TEXT_REGION_LENGTH__:0x100000
                0x0000ffa0                __DATA_REGION_LENGTH__ = DEFINED (__DATA_REGION_LENGTH__)?__DATA_REGION_LENGTH__:0xffa0
                0x00010000                __EEPROM_REGION_LENGTH__ = DEFINED (__EEPROM_REGION_LENGTH__)?__EEPROM_REGION_LENGTH__:0x10000
                [0x00000006]                __FUSE_REGION_LENGTH__ = DEFINED (__FUSE_REGION_LENGTH__)?__FUSE_REGION_LENGTH__:0x400
                0x00000400                __LOCK_REGION_LENGTH__ = DEFINED (__LOCK_REGION_LENGTH__)?__LOCK_REGION_LENGTH__:0x400
                0x00000400                __SIGNATURE_REGION_LENGTH__ = DEFINED (__SIGNATURE_REGION_LENGTH__)?__SIGNATURE_REGION_LENGTH__:0x400
                0x00000400                __USER_SIGNATURE_REGION_LENGTH__ = DEFINED (__USER_SIGNATURE_REGION_LENGTH__)?__USER_SIGNATURE_REGION_LENGTH__:0x400

.hash
 *(.hash)

.dynsym
 *(.dynsym)

.dynstr
 *(.dynstr)

.gnu.version
 *(.gnu.version)

.gnu.version_d
 *(.gnu.version_d)

.gnu.version_r
 *(.gnu.version_r)

.rel.init
 *(.rel.init)

.rela.init
 *(.rela.init)

.rel.text
 *(.rel.text)
 *(.rel.text.*)
 *(.rel.gnu.linkonce.t*)

.rela.text
 *(.rela.text)
 *(.rela.text.*)
 *(.rela.gnu.linkonce.t*)

.rel.fini
 *(.rel.fini)

.rela.fini
 *(.rela.fini)

.rel.rodata
 *(.rel.rodata)
 *(.rel.rodata.*)
 *(.rel.gnu.linkonce.r*)

.rela.rodata
 *(.rela.rodata)
 *(.rela.rodata.*)
 *(.rela.gnu.linkonce.r*)

.rel.data
 *(.rel.data)
 *(.rel.data.*)
 *(.rel.gnu.linkonce.d*)

.rela.data
 *(.rela.data)
 *(.rela.data.*)
 *(.rela.gnu.linkonce.d*)

.rel.ctors
 *(.rel.ctors)

.rela.ctors
 *(.rela.ctors)

.rel.dtors
 *(.rel.dtors)

.rela.dtors
 *(.rela.dtors)

.rel.got
 *(.rel.got)

.rela.got
 *(.rela.got)

.rel.bss
 *(.rel.bss)

.rela.bss
 *(.rela.bss)

.rel.plt
 *(.rel.plt)

.rela.plt
 *(.rela.plt)

.text           0x00000000     0xa360
 *(.vectors)
 .vectors       0x00000000      0x1fc C:/Program Files (x86)/Atmel/Studio/7.0/Packs/atmel/XMEGAA_DFP/1.1.68/gcc/dev/atxmega128a3u/avrxmega6/crtatxmega128a3u.o
                0x00000000                __vector_default
                0x00000000                __vectors
 *(.vectors)
 *(.progmem.gcc*)
 .progmem.gcc_sw_table.irTransmit
                0x000001fc        0xe ../src/ir_comm.o
 .progmem.gcc_sw_table.irReceive
                0x0000020a        0xe ../src/ir_comm.o
 .progmem.gcc_fplib
                0x00000218       0x2d c:/program files (x86)/atmel/studio/7.0/toolchain/avr8/avr8-gnu-toolchain/bin/../lib/gcc/avr/5.4.0/../../../../avr/lib/avrxmega6\libm.a(atan.o)
 .progmem.gcc_fplib
                0x00000245       0x28 c:/program files (x86)/atmel/studio/7.0/toolchain/avr8/avr8-gnu-toolchain/bin/../lib/gcc/avr/5.4.0/../../../../avr/lib/avrxmega6\libm.a(exp.o)
 .progmem.gcc_fplib
                0x0000026d       0x1e c:/program files (x86)/atmel/studio/7.0/toolchain/avr8/avr8-gnu-toolchain/bin/../lib/gcc/avr/5.4.0/../../../../avr/lib/avrxmega6\libm.a(fp_sinus.o)
 .progmem.gcc_fplib
                0x0000028b       0x5a c:/program files (x86)/atmel/studio/7.0/toolchain/avr8/avr8-gnu-toolchain/bin/../lib/gcc/avr/5.4.0/../../../../avr/lib/avrxmega6\libm.a(log.o)
                0x000002e6                . = ALIGN (0x2)
 *fill*         0x000002e5        0x1 
                0x000002e6                __trampolines_start = .
 *(.trampolines)
 .trampolines   0x000002e6       0x68 linker stubs
 *(.trampolines*)
                0x0000034e                __trampolines_end = .
 *libprintf_flt.a:*(.progmem.data)
 .progmem.data  0x0000034e        0x8 c:/program files (x86)/atmel/studio/7.0/toolchain/avr8/avr8-gnu-toolchain/bin/../lib/gcc/avr/5.4.0/../../../../avr/lib/avrxmega6\libprintf_flt.a(vfprintf_flt.o)
 *libc.a:*(.progmem.data)
 .progmem.data  0x00000356       0xfa c:/program files (x86)/atmel/studio/7.0/toolchain/avr8/avr8-gnu-toolchain/bin/../lib/gcc/avr/5.4.0/../../../../avr/lib/avrxmega6\libc.a(ftoa_engine.o)
 *(.progmem*)
 .progmem.data.__c.5355
                0x00000450       0x28 ../src/droplet_init.o
 .progmem.data.__c.5349
                0x00000478       0x69 ../src/droplet_init.o
 .progmem.data.__c.5342
                0x000004e1       0x45 ../src/droplet_init.o
 .progmem.data.__c.4802
                0x00000526       0x15 ../src/i2c.o
 .progmem.data.__c.4769
                0x0000053b       0x17 ../src/i2c.o
 .progmem.data.__c.4767
                0x00000552       0x14 ../src/i2c.o
 .progmem.data.__c.5226
                0x00000566       0x6e ../src/ir_comm.o
 .progmem.data.__c.5224
                0x000005d4       0x57 ../src/ir_comm.o
 .progmem.data.__c.5222
                0x0000062b       0x39 ../src/ir_comm.o
 .progmem.data.__c.5145
                0x00000664       0x28 ../src/ir_comm.o
 .progmem.data.__c.5118
                0x0000068c       0x29 ../src/ir_comm.o
 .progmem.data.__c.4740
                0x000006b5       0x35 ../src/ir_led.o
 .progmem.data.__c.5112
                0x000006ea       0x2c ../src/ir_sensor.o
 .progmem.data.__c.4920
                0x00000716        0xa ../src/motor.o
 .progmem.data.__c.4917
                0x00000720       0x19 ../src/motor.o
 .progmem.data.__c.4904
                0x00000739        0xb ../src/motor.o
 .progmem.data.__c.4901
                0x00000744        0xf ../src/motor.o
 .progmem.data.__c.4856
                0x00000753       0x3e ../src/motor.o
 .progmem.data.__c.4852
                0x00000791       0x3a ../src/motor.o
 .progmem.data.__c.4845
                0x000007cb       0x2a ../src/motor.o
 .progmem.data.__c.4838
                0x000007f5       0x3a ../src/motor.o
 .progmem.data.__c.5065
                0x0000082f       0x43 ../src/pc_comm.o
 .progmem.data.__c.5223
                0x00000872       0x37 ../src/range_algs.o
 .progmem.data.__c.5119
                0x000008a9       0x21 ../src/range_algs.o
 .progmem.data.__c.4917
                0x000008ca       0x3e ../src/scheduler.o
 .progmem.data.__c.4912
                0x00000908       0x3d ../src/scheduler.o
 .progmem.data.__c.4897
                0x00000945       0x3b ../src/scheduler.o
 .progmem.data.__c.4892
                0x00000980       0x39 ../src/scheduler.o
 .progmem.data.__c.4876
                0x000009b9       0x3e ../src/scheduler.o
 .progmem.data.__c.4874
                0x000009f7       0x29 ../src/scheduler.o
 .progmem.data.__c.4848
                0x00000a20       0x41 ../src/scheduler.o
 .progmem.data.__c.4846
                0x00000a61       0x27 ../src/scheduler.o
 .progmem.data.__c.4832
                0x00000a88       0x30 ../src/scheduler.o
 .progmem.data.__c.4830
                0x00000ab8       0x59 ../src/scheduler.o
 .progmem.data.__c.4828
                0x00000b11       0x68 ../src/scheduler.o
 .progmem.data.__c.4791
                0x00000b79       0x61 ../src/scheduler.o
 .progmem.data.__c.4766
                0x00000bda       0x44 ../src/scheduler.o
 .progmem.data.__c.5550
                0x00000c1e       0x3d ../src/serial_handler.o
 .progmem.data.__c.5545
                0x00000c5b       0x34 ../src/serial_handler.o
 .progmem.data.__c.5536
                0x00000c8f       0x2c ../src/serial_handler.o
 .progmem.data.__c.5531
                0x00000cbb       0x11 ../src/serial_handler.o
 .progmem.data.__c.5499
                0x00000ccc       0x48 ../src/serial_handler.o
 .progmem.data.__c.5497
                0x00000d14       0x25 ../src/serial_handler.o
 .progmem.data.__c.5495
                0x00000d39       0x26 ../src/serial_handler.o
 .progmem.data.__c.5493
                0x00000d5f       0x25 ../src/serial_handler.o
 .progmem.data.__c.5491
                0x00000d84       0x1b ../src/serial_handler.o
 .progmem.data.__c.5488
                0x00000d9f       0x25 ../src/serial_handler.o
 .progmem.data.__c.5478
                0x00000dc4       0x3d ../src/serial_handler.o
 .progmem.data.__c.5476
                0x00000e01       0x25 ../src/serial_handler.o
 .progmem.data.__c.5474
                0x00000e26       0x26 ../src/serial_handler.o
 .progmem.data.__c.5472
                0x00000e4c       0x25 ../src/serial_handler.o
 .progmem.data.__c.5470
                0x00000e71       0x1b ../src/serial_handler.o
 .progmem.data.__c.5467
                0x00000e8c       0x25 ../src/serial_handler.o
 .progmem.data.__c.5448
                0x00000eb1       0x19 ../src/serial_handler.o
 .progmem.data.__c.5433
                0x00000eca       0x23 ../src/serial_handler.o
 .progmem.data.__c.5413
                0x00000eed       0x15 ../src/serial_handler.o
 .progmem.data.__c.5411
                0x00000f02       0x15 ../src/serial_handler.o
 .progmem.data.__c.5409
                0x00000f17        0x6 ../src/serial_handler.o
 .progmem.data.__c.5407
                0x00000f1d        0x6 ../src/serial_handler.o
 .progmem.data.__c.5405
                0x00000f23        0x4 ../src/serial_handler.o
 .progmem.data.__c.5403
                0x00000f27        0x8 ../src/serial_handler.o
 .progmem.data.__c.5401
                0x00000f2f        0x4 ../src/serial_handler.o
 .progmem.data.__c.5399
                0x00000f33        0x8 ../src/serial_handler.o
 .progmem.data.__c.5397
                0x00000f3b        0x4 ../src/serial_handler.o
 .progmem.data.__c.5395
                0x00000f3f        0xd ../src/serial_handler.o
 .progmem.data.__c.5393
                0x00000f4c        0x7 ../src/serial_handler.o
 .progmem.data.__c.5391
                0x00000f53        0x8 ../src/serial_handler.o
 .progmem.data.__c.5389
                0x00000f5b        0x6 ../src/serial_handler.o
 .progmem.data.__c.5387
                0x00000f61       0x12 ../src/serial_handler.o
 .progmem.data.__c.5385
                0x00000f73        0xb ../src/serial_handler.o
 .progmem.data.__c.5383
                0x00000f7e        0xb ../src/serial_handler.o
 .progmem.data.__c.5381
                0x00000f89        0xa ../src/serial_handler.o
 .progmem.data.__c.5379
                0x00000f93        0x5 ../src/serial_handler.o
 .progmem.data.__c.5377
                0x00000f98        0x7 ../src/serial_handler.o
 .progmem.data.__c.5375
                0x00000f9f        0x8 ../src/serial_handler.o
 .progmem.data.__c.5373
                0x00000fa7        0x5 ../src/serial_handler.o
 .progmem.data.__c.5371
                0x00000fac        0xb ../src/serial_handler.o
 .progmem.data.CMD_NOT_RECOGNIZED_STR
                0x00000fb7       0x22 ../src/serial_handler.o
 .progmem.data  0x00000fd9       0x4d c:/program files (x86)/atmel/studio/7.0/toolchain/avr8/avr8-gnu-toolchain/bin/../lib/gcc/avr/5.4.0/../../../../avr/lib/avrxmega6\libscanf_flt.a(vfscanf_flt.o)
                0x00001026                . = ALIGN (0x2)
 *(.jumptables)
 *(.jumptables*)
 *(.lowtext)
 *(.lowtext*)
                0x00001026                __ctors_start = .
 *(.ctors)
                0x00001026                __ctors_end = .
                0x00001026                __dtors_start = .
 *(.dtors)
                0x00001026                __dtors_end = .
 SORT(*)(.ctors)
 SORT(*)(.dtors)
 *(.init0)
 .init0         0x00001026        0x0 C:/Program Files (x86)/Atmel/Studio/7.0/Packs/atmel/XMEGAA_DFP/1.1.68/gcc/dev/atxmega128a3u/avrxmega6/crtatxmega128a3u.o
                0x00001026                __init
 *(.init0)
 *(.init1)
 *(.init1)
 *(.init2)
 .init2         0x00001026       0x10 C:/Program Files (x86)/Atmel/Studio/7.0/Packs/atmel/XMEGAA_DFP/1.1.68/gcc/dev/atxmega128a3u/avrxmega6/crtatxmega128a3u.o
 *(.init2)
 *(.init3)
 *(.init3)
 *(.init4)
 .init4         0x00001036       0x1a c:/program files (x86)/atmel/studio/7.0/toolchain/avr8/avr8-gnu-toolchain/bin/../lib/gcc/avr/5.4.0/avrxmega6\libgcc.a(_copy_data.o)
                0x00001036                __do_copy_data
 .init4         0x00001050       0x10 c:/program files (x86)/atmel/studio/7.0/toolchain/avr8/avr8-gnu-toolchain/bin/../lib/gcc/avr/5.4.0/avrxmega6\libgcc.a(_clear_bss.o)
                0x00001050                __do_clear_bss
 *(.init4)
 *(.init5)
 *(.init5)
 *(.init6)
 *(.init6)
 *(.init7)
 *(.init7)
 *(.init8)
 *(.init8)
 *(.init9)
 .init9         0x00001060        0x8 C:/Program Files (x86)/Atmel/Studio/7.0/Packs/atmel/XMEGAA_DFP/1.1.68/gcc/dev/atxmega128a3u/avrxmega6/crtatxmega128a3u.o
 *(.init9)
 *(.text)
 .text          0x00001068        0x4 C:/Program Files (x86)/Atmel/Studio/7.0/Packs/atmel/XMEGAA_DFP/1.1.68/gcc/dev/atxmega128a3u/avrxmega6/crtatxmega128a3u.o
                0x00001068                __vector_38
                0x00001068                __vector_104
                0x00001068                __vector_22
                0x00001068                __vector_67
                0x00001068                __vector_1
                0x00001068                __vector_32
                0x00001068                __vector_75
                0x00001068                __vector_71
                0x00001068                __vector_34
                0x00001068                __vector_77
                0x00001068                __vector_102
                0x00001068                __vector_24
                0x00001068                __vector_12
                0x00001068                __vector_55
                0x00001068                __vector_69
                0x00001068                __vector_81
                0x00001068                __bad_interrupt
                0x00001068                __vector_122
                0x00001068                __vector_72
                0x00001068                __vector_114
                0x00001068                __vector_6
                0x00001068                __vector_110
                0x00001068                __vector_31
                0x00001068                __vector_92
                0x00001068                __vector_35
                0x00001068                __vector_78
                0x00001068                __vector_74
                0x00001068                __vector_117
                0x00001068                __vector_39
                0x00001068                __vector_107
                0x00001068                __vector_3
                0x00001068                __vector_105
                0x00001068                __vector_98
                0x00001068                __vector_23
                0x00001068                __vector_68
                0x00001068                __vector_73
                0x00001068                __vector_45
                0x00001068                __vector_93
                0x00001068                __vector_54
                0x00001068                __vector_99
                0x00001068                __vector_13
                0x00001068                __vector_17
                0x00001068                __vector_19
                0x00001068                __vector_56
                0x00001068                __vector_7
                0x00001068                __vector_125
                0x00001068                __vector_123
                0x00001068                __vector_41
                0x00001068                __vector_86
                0x00001068                __vector_100
                0x00001068                __vector_101
                0x00001068                __vector_64
                0x00001068                __vector_109
                0x00001068                __vector_43
                0x00001068                __vector_5
                0x00001068                __vector_113
                0x00001068                __vector_33
                0x00001068                __vector_76
                0x00001068                __vector_115
                0x00001068                __vector_52
                0x00001068                __vector_37
                0x00001068                __vector_95
                0x00001068                __vector_103
                0x00001068                __vector_96
                0x00001068                __vector_108
                0x00001068                __vector_4
                0x00001068                __vector_44
                0x00001068                __vector_82
                0x00001068                __vector_106
                0x00001068                __vector_118
                0x00001068                __vector_51
                0x00001068                __vector_9
                0x00001068                __vector_2
                0x00001068                __vector_21
                0x00001068                __vector_15
                0x00001068                __vector_66
                0x00001068                __vector_36
                0x00001068                __vector_79
                0x00001068                __vector_70
                0x00001068                __vector_83
                0x00001068                __vector_40
                0x00001068                __vector_85
                0x00001068                __vector_94
                0x00001068                __vector_126
                0x00001068                __vector_8
                0x00001068                __vector_48
                0x00001068                __vector_124
                0x00001068                __vector_116
                0x00001068                __vector_112
                0x00001068                __vector_111
                0x00001068                __vector_80
                0x00001068                __vector_14
                0x00001068                __vector_84
                0x00001068                __vector_57
                0x00001068                __vector_53
                0x00001068                __vector_16
                0x00001068                __vector_18
                0x00001068                __vector_97
                0x00001068                __vector_20
                0x00001068                __vector_42
                0x00001068                __vector_87
                0x00001068                __vector_65
 .text          0x0000106c       0x18 ../src/droplet_base_asm.o
                0x0000106c                getTime
                0x00001084                . = ALIGN (0x2)
 *(.text.*)
 .text.loop     0x00001084        0x2 ../user_template.o
                0x00001084                loop
 .text.handleMsg
                0x00001086        0x2 ../user_template.o
                0x00001086                handleMsg
 .text.delayMS  0x00001088       0x4a ../src/droplet_base.o
                0x00001088                delayMS
 .text.handle_reprogramming
                0x000010d2      0x322 ../src/droplet_init.o
                0x000010d2                handle_reprogramming
 .text.send_hex
                0x000013f4       0x2e ../src/droplet_init.o
                0x000013f4                send_hex
 .text.startupLightSequence
                0x00001422       0xae ../src/droplet_init.o
                0x00001422                startupLightSequence
 .text.startup.main
                0x000014d0      0x36a ../src/droplet_init.o
                0x000014d0                main
 .text.EEPROM_read_byte
                0x0000183a       0x32 ../src/eeprom_driver.o
                0x0000183a                EEPROM_read_byte
 .text.EEPROM_write_byte
                0x0000186c       0x56 ../src/eeprom_driver.o
                0x0000186c                EEPROM_write_byte
 .text.processObsQueue
                0x000018c2      0x10c ../src/firefly_sync.o
                0x000018c2                processObsQueue
 .text.sendPing
                0x000019ce       0x24 ../src/firefly_sync.o
                0x000019ce                sendPing
 .text.__vector_49
                0x000019f2       0x7c ../src/firefly_sync.o
                0x000019f2                __vector_49
 .text.__vector_50
                0x00001a6e       0x5c ../src/firefly_sync.o
                0x00001a6e                __vector_50
 .text.fireflySyncInit
                0x00001aca       0x6e ../src/firefly_sync.o
                0x00001aca                fireflySyncInit
 .text.__vector_47
                0x00001b38      0x172 ../src/firefly_sync.o
                0x00001b38                __vector_47
 .text.waitForTWIReady
                0x00001caa       0xbe ../src/i2c.o
 .text.TWI_MasterWriteRead.part.0
                0x00001d68       0x92 ../src/i2c.o
 .text.i2cInit  0x00001dfa       0x32 ../src/i2c.o
                0x00001dfa                i2cInit
 .text.twiWriteWrapper
                0x00001e2c       0x6a ../src/i2c.o
                0x00001e2c                twiWriteWrapper
 .text.__vector_46
                0x00001e96      0x126 ../src/i2c.o
                0x00001e96                __vector_46
 .text.irTransmitComplete
                0x00001fbc       0x5a ../src/ir_comm.o
 .text.handleCmdWrapper
                0x00002016       0x70 ../src/ir_comm.o
                0x00002016                handleCmdWrapper
 .text.irTransmit
                0x00002086      0x21e ../src/ir_comm.o
 .text.irCommInit
                0x000022a4       0xd2 ../src/ir_comm.o
                0x000022a4                irCommInit
 .text.send_msg
                0x00002376      0x242 ../src/ir_comm.o
                0x00002376                send_msg
 .text.waitForTransmission
                0x000025b8       0x4c ../src/ir_comm.o
                0x000025b8                waitForTransmission
 .text.irIsBusy
                0x00002604       0xe4 ../src/ir_comm.o
                0x00002604                irIsBusy
 .text.all_ir_sends
                0x000026e8      0x168 ../src/ir_comm.o
 .text.irTargetedCmd
                0x00002850        0xc ../src/ir_comm.o
                0x00002850                irTargetedCmd
 .text.irCmd    0x0000285c       0x10 ../src/ir_comm.o
                0x0000285c                irCmd
 .text.irTargetedSend
                0x0000286c        0xc ../src/ir_comm.o
                0x0000286c                irTargetedSend
 .text.irSend   0x00002878       0x10 ../src/ir_comm.o
                0x00002878                irSend
 .text.all_hp_ir_cmds
                0x00002888       0xae ../src/ir_comm.o
 .text.hpIrTargetedCmd
                0x00002936        0x4 ../src/ir_comm.o
                0x00002936                hpIrTargetedCmd
 .text.irReceive
                0x0000293a      0x834 ../src/ir_comm.o
 .text.__vector_25
                0x0000316e       0x52 ../src/ir_comm.o
                0x0000316e                __vector_25
 .text.__vector_27
                0x000031c0       0x52 ../src/ir_comm.o
                0x000031c0                __vector_27
 .text.__vector_26
                0x00003212       0x52 ../src/ir_comm.o
                0x00003212                __vector_26
 .text.__vector_28
                0x00003264       0x52 ../src/ir_comm.o
                0x00003264                __vector_28
 .text.__vector_30
                0x000032b6       0x52 ../src/ir_comm.o
                0x000032b6                __vector_30
 .text.__vector_29
                0x00003308       0x52 ../src/ir_comm.o
                0x00003308                __vector_29
 .text.__vector_88
                0x0000335a       0x52 ../src/ir_comm.o
                0x0000335a                __vector_88
 .text.__vector_90
                0x000033ac       0x52 ../src/ir_comm.o
                0x000033ac                __vector_90
 .text.__vector_89
                0x000033fe       0x52 ../src/ir_comm.o
                0x000033fe                __vector_89
 .text.__vector_58
                0x00003450       0x52 ../src/ir_comm.o
                0x00003450                __vector_58
 .text.__vector_60
                0x000034a2       0x52 ../src/ir_comm.o
                0x000034a2                __vector_60
 .text.__vector_59
                0x000034f4       0x52 ../src/ir_comm.o
                0x000034f4                __vector_59
 .text.__vector_61
                0x00003546       0x52 ../src/ir_comm.o
                0x00003546                __vector_61
 .text.__vector_63
                0x00003598       0x52 ../src/ir_comm.o
                0x00003598                __vector_63
 .text.__vector_62
                0x000035ea       0x52 ../src/ir_comm.o
                0x000035ea                __vector_62
 .text.__vector_119
                0x0000363c       0x52 ../src/ir_comm.o
                0x0000363c                __vector_119
 .text.__vector_121
                0x0000368e       0x52 ../src/ir_comm.o
                0x0000368e                __vector_121
 .text.__vector_120
                0x000036e0       0x52 ../src/ir_comm.o
                0x000036e0                __vector_120
 .text.irLedInit
                0x00003732       0x7e ../src/ir_led.o
                0x00003732                irLedInit
 .text.irLedOn  0x000037b0       0x6e ../src/ir_led.o
                0x000037b0                irLedOn
 .text.irLedOff
                0x0000381e       0x5a ../src/ir_led.o
                0x0000381e                irLedOff
 .text.setAllirPowers
                0x00003878       0xc6 ../src/ir_led.o
                0x00003878                setAllirPowers
 .text.irSensorInit
                0x0000393e       0x7e ../src/ir_sensor.o
                0x0000393e                irSensorInit
 .text.getIrSensors
                0x000039bc      0x168 ../src/ir_sensor.o
                0x000039bc                getIrSensors
 .text.initIrBaselines
                0x00003b24        0xa ../src/ir_sensor.o
                0x00003b24                initIrBaselines
 .text.updateIrBaselines
                0x00003b2e       0xb0 ../src/ir_sensor.o
                0x00003b2e                updateIrBaselines
 .text.checkCollisionValues
                0x00003bde      0x108 ../src/ir_sensor.o
                0x00003bde                checkCollisionValues
 .text.checkCollisions
                0x00003ce6       0x60 ../src/ir_sensor.o
                0x00003ce6                checkCollisions
 .text.localizationInit
                0x00003d46       0xe4 ../src/localization.o
                0x00003d46                localizationInit
 .text.stopMove
                0x00003e2a       0x4a ../src/motor.o
                0x00003e2a                stopMove
 .text.moveSteps
                0x00003e74      0x2ec ../src/motor.o
                0x00003e74                moveSteps
 .text.walk     0x00004160       0xee ../src/motor.o
                0x00004160                walk
 .text.setMMperKilostep
                0x0000424e       0x12 ../src/motor.o
                0x0000424e                setMMperKilostep
 .text.readMotorSettings
                0x00004260       0x96 ../src/motor.o
                0x00004260                readMotorSettings
 .text.motorInit
                0x000042f6       0x74 ../src/motor.o
                0x000042f6                motorInit
 .text.writeMotorSettings
                0x0000436a       0x84 ../src/motor.o
                0x0000436a                writeMotorSettings
 .text.printMotorValues
                0x000043ee       0xb2 ../src/motor.o
                0x000043ee                printMotorValues
 .text.printDistPerStep
                0x000044a0       0x68 ../src/motor.o
                0x000044a0                printDistPerStep
 .text.nvm_flash_read_buffer
                0x00004508       0x2e ../src/nvm.o
                0x00004508                nvm_flash_read_buffer
 .text.nvm_flash_erase_and_write_buffer
                0x00004536      0x19e ../src/nvm.o
                0x00004536                nvm_flash_erase_and_write_buffer
 .text.pc_comm_putchar
                0x000046d4       0x12 ../src/pc_comm.o
 .text.pcCommInit
                0x000046e6       0x48 ../src/pc_comm.o
                0x000046e6                pcCommInit
 .text.__vector_91
                0x0000472e      0x198 ../src/pc_comm.o
                0x0000472e                __vector_91
 .text.powerInit
                0x000048c6       0x42 ../src/power.o
                0x000048c6                powerInit
 .text.randomInit
                0x00004908       0x92 ../src/random.o
                0x00004908                randomInit
 .text.randByte
                0x0000499a       0x44 ../src/random.o
                0x0000499a                randByte
 .text.randShort
                0x000049de       0x1e ../src/random.o
                0x000049de                randShort
 .text.magicRangeFunc
                0x000049fc       0x8a ../src/range_algs.o
 .text.rangeAlgsInit
                0x00004a86       0x46 ../src/range_algs.o
                0x00004a86                rangeAlgsInit
 .text.calculate_range
                0x00004acc      0x3de ../src/range_algs.o
                0x00004acc                calculate_range
 .text.calculate_error
                0x00004eaa      0x630 ../src/range_algs.o
                0x00004eaa                calculate_error
 .text.calculate_bearing_and_heading
                0x000054da      0x23a ../src/range_algs.o
                0x000054da                calculate_bearing_and_heading
 .text.useRnbData
                0x00005714      0x526 ../src/range_algs.o
                0x00005714                useRnbData
 .text.irRangeMeas
                0x00005c3a       0xee ../src/range_algs.o
                0x00005c3a                irRangeMeas
 .text.irRangeBlast
                0x00005d28       0xde ../src/range_algs.o
                0x00005d28                irRangeBlast
 .text.broadcastRnbData
                0x00005e06       0xbe ../src/range_algs.o
                0x00005e06                broadcastRnbData
 .text.rgbLEDinit
                0x00005ec4       0x3c ../src/rgb_led.o
                0x00005ec4                rgbLEDinit
 .text.ledOff   0x00005f00       0x16 ../src/rgb_led.o
                0x00005f00                ledOff
 .text.setRGB   0x00005f16       0x1c ../src/rgb_led.o
                0x00005f16                setRGB
 .text.hsvToRGB
                0x00005f32      0x364 ../src/rgb_led.o
                0x00005f32                hsvToRGB
 .text.setHSV   0x00006296       0x5c ../src/rgb_led.o
                0x00006296                setHSV
 .text.measFindMedian
                0x000062f2       0xba ../src/rgb_sensor.o
                0x000062f2                measFindMedian
 .text.getRedSensor
                0x000063ac       0x6c ../src/rgb_sensor.o
                0x000063ac                getRedSensor
 .text.getGreenSensor
                0x00006418       0x6c ../src/rgb_sensor.o
                0x00006418                getGreenSensor
 .text.getBlueSensor
                0x00006484       0x6c ../src/rgb_sensor.o
                0x00006484                getBlueSensor
 .text.rgbSensorInit
                0x000064f0       0xa6 ../src/rgb_sensor.o
                0x000064f0                rgbSensorInit
 .text.getRGB   0x00006596       0x88 ../src/rgb_sensor.o
                0x00006596                getRGB
 .text.scheduler_free
                0x0000661e       0x64 ../src/scheduler.o
 .text.schedulerInit
                0x00006682       0x84 ../src/scheduler.o
                0x00006682                schedulerInit
 .text.taskListCleanup
                0x00006706       0xea ../src/scheduler.o
                0x00006706                taskListCleanup
 .text.removeTask
                0x000067f0       0x96 ../src/scheduler.o
                0x000067f0                removeTask
 .text.printTaskQueue
                0x00006886       0xc8 ../src/scheduler.o
                0x00006886                printTaskQueue
 .text.add_task_to_list
                0x0000694e      0x1a2 ../src/scheduler.o
 .text.schedule_task_absolute_time
                0x00006af0       0xfe ../src/scheduler.o
 .text.scheduleTask
                0x00006bee       0x72 ../src/scheduler.o
                0x00006bee                scheduleTask
 .text.schedulePeriodicTask
                0x00006c60       0x6e ../src/scheduler.o
                0x00006c60                schedulePeriodicTask
 .text.__vector_11
                0x00006cce      0x3e8 ../src/scheduler.o
                0x00006cce                __vector_11
 .text.__vector_10
                0x000070b6      0x15c ../src/scheduler.o
                0x000070b6                __vector_10
 .text.sendID   0x00007212       0x5a ../src/serial_handler.o
                0x00007212                sendID
 .text.handleSerialCommand
                0x0000726c      0xb8a ../src/serial_handler.o
                0x0000726c                handleSerialCommand
 .text.avr-libc
                0x00007df6      0x740 c:/program files (x86)/atmel/studio/7.0/toolchain/avr8/avr8-gnu-toolchain/bin/../lib/gcc/avr/5.4.0/../../../../avr/lib/avrxmega6\libprintf_flt.a(vfprintf_flt.o)
                0x00007df6                vfprintf
 .text.avr-libc
                0x00008536      0x89a c:/program files (x86)/atmel/studio/7.0/toolchain/avr8/avr8-gnu-toolchain/bin/../lib/gcc/avr/5.4.0/../../../../avr/lib/avrxmega6\libscanf_flt.a(vfscanf_flt.o)
                0x00008b48                vfscanf
 .text.avr-libc.fplib
                0x00008dd0        0xe c:/program files (x86)/atmel/studio/7.0/toolchain/avr8/avr8-gnu-toolchain/bin/../lib/gcc/avr/5.4.0/../../../../avr/lib/avrxmega6\libm.a(addsf3.o)
                0x00008dd0                __subsf3
                0x00008dd2                __addsf3
 .text.avr-libc.fplib
                0x00008dde       0xcc c:/program files (x86)/atmel/studio/7.0/toolchain/avr8/avr8-gnu-toolchain/bin/../lib/gcc/avr/5.4.0/../../../../avr/lib/avrxmega6\libm.a(addsf3x.o)
                0x00008e00                __addsf3x
 .text.avr-libc.fplib
                0x00008eaa       0x86 c:/program files (x86)/atmel/studio/7.0/toolchain/avr8/avr8-gnu-toolchain/bin/../lib/gcc/avr/5.4.0/../../../../avr/lib/avrxmega6\libm.a(atan2.o)
                0x00008ed0                atan2
 .text.avr-libc.fplib
                0x00008f30       0x5e c:/program files (x86)/atmel/studio/7.0/toolchain/avr8/avr8-gnu-toolchain/bin/../lib/gcc/avr/5.4.0/../../../../avr/lib/avrxmega6\libm.a(atan.o)
                0x00008f30                atan
 .text.avr-libc.fplib
                0x00008f8e        0xa c:/program files (x86)/atmel/studio/7.0/toolchain/avr8/avr8-gnu-toolchain/bin/../lib/gcc/avr/5.4.0/../../../../avr/lib/avrxmega6\libm.a(cmpsf2.o)
                0x00008f8e                __nesf2
                0x00008f8e                __eqsf2
                0x00008f8e                __cmpsf2
                0x00008f8e                __ltsf2
                0x00008f8e                __lesf2
 .text.avr-libc.fplib
                0x00008f98        0xa c:/program files (x86)/atmel/studio/7.0/toolchain/avr8/avr8-gnu-toolchain/bin/../lib/gcc/avr/5.4.0/../../../../avr/lib/avrxmega6\libm.a(cos.o)
                0x00008f98                cos
 .text.avr-libc.fplib
                0x00008fa2        0x8 c:/program files (x86)/atmel/studio/7.0/toolchain/avr8/avr8-gnu-toolchain/bin/../lib/gcc/avr/5.4.0/../../../../avr/lib/avrxmega6\libm.a(divsf3.o)
                0x00008fa2                __divsf3
 .text.avr-libc.fplib
                0x00008faa       0xdc c:/program files (x86)/atmel/studio/7.0/toolchain/avr8/avr8-gnu-toolchain/bin/../lib/gcc/avr/5.4.0/../../../../avr/lib/avrxmega6\libm.a(divsf3x.o)
                0x00008fca                __divsf3x
                0x00008fd0                __divsf3_pse
 .text.avr-libc.fplib
                0x00009086       0x74 c:/program files (x86)/atmel/studio/7.0/toolchain/avr8/avr8-gnu-toolchain/bin/../lib/gcc/avr/5.4.0/../../../../avr/lib/avrxmega6\libm.a(exp.o)
                0x00009096                exp
 .text.avr-libc.fplib
                0x000090fa        0xe c:/program files (x86)/atmel/studio/7.0/toolchain/avr8/avr8-gnu-toolchain/bin/../lib/gcc/avr/5.4.0/../../../../avr/lib/avrxmega6\libm.a(fixsfsi.o)
                0x000090fa                __fixsfsi
 .text.avr-libc.fplib
                0x00009108       0x5e c:/program files (x86)/atmel/studio/7.0/toolchain/avr8/avr8-gnu-toolchain/bin/../lib/gcc/avr/5.4.0/../../../../avr/lib/avrxmega6\libm.a(fixunssfsi.o)
                0x00009108                __fixunssfsi
 .text.avr-libc.fplib
                0x00009166       0x7a c:/program files (x86)/atmel/studio/7.0/toolchain/avr8/avr8-gnu-toolchain/bin/../lib/gcc/avr/5.4.0/../../../../avr/lib/avrxmega6\libm.a(floatsisf.o)
                0x00009166                __floatunsisf
                0x0000916a                __floatsisf
 .text.avr-libc.fplib
                0x000091e0       0xa8 c:/program files (x86)/atmel/studio/7.0/toolchain/avr8/avr8-gnu-toolchain/bin/../lib/gcc/avr/5.4.0/../../../../avr/lib/avrxmega6\libm.a(fmod.o)
                0x000091f6                fmod
 .text.avr-libc.fplib
                0x00009288       0x48 c:/program files (x86)/atmel/studio/7.0/toolchain/avr8/avr8-gnu-toolchain/bin/../lib/gcc/avr/5.4.0/../../../../avr/lib/avrxmega6\libm.a(fp_cmp.o)
                0x00009288                __fp_cmp
 .text.avr-libc.fplib
                0x000092d0        0xc c:/program files (x86)/atmel/studio/7.0/toolchain/avr8/avr8-gnu-toolchain/bin/../lib/gcc/avr/5.4.0/../../../../avr/lib/avrxmega6\libm.a(fp_inf.o)
                0x000092d0                __fp_inf
 .text.avr-libc.fplib
                0x000092dc       0x1c c:/program files (x86)/atmel/studio/7.0/toolchain/avr8/avr8-gnu-toolchain/bin/../lib/gcc/avr/5.4.0/../../../../avr/lib/avrxmega6\libm.a(fp_mpack.o)
                0x000092dc                __fp_mpack
                0x000092e0                __fp_mpack_finite
 .text.avr-libc.fplib
                0x000092f8        0x6 c:/program files (x86)/atmel/studio/7.0/toolchain/avr8/avr8-gnu-toolchain/bin/../lib/gcc/avr/5.4.0/../../../../avr/lib/avrxmega6\libm.a(fp_nan.o)
                0x000092f8                __fp_nan
 .text.avr-libc.fplib
                0x000092fe       0x4e c:/program files (x86)/atmel/studio/7.0/toolchain/avr8/avr8-gnu-toolchain/bin/../lib/gcc/avr/5.4.0/../../../../avr/lib/avrxmega6\libm.a(fp_powser.o)
                0x000092fe                __fp_powser
 .text.avr-libc.fplib
                0x0000934c        0xe c:/program files (x86)/atmel/studio/7.0/toolchain/avr8/avr8-gnu-toolchain/bin/../lib/gcc/avr/5.4.0/../../../../avr/lib/avrxmega6\libm.a(fp_pscA.o)
                0x0000934c                __fp_pscA
 .text.avr-libc.fplib
                0x0000935a        0xe c:/program files (x86)/atmel/studio/7.0/toolchain/avr8/avr8-gnu-toolchain/bin/../lib/gcc/avr/5.4.0/../../../../avr/lib/avrxmega6\libm.a(fp_pscB.o)
                0x0000935a                __fp_pscB
 .text.avr-libc.fplib
                0x00009368       0x56 c:/program files (x86)/atmel/studio/7.0/toolchain/avr8/avr8-gnu-toolchain/bin/../lib/gcc/avr/5.4.0/../../../../avr/lib/avrxmega6\libm.a(fp_rempio2.o)
                0x0000936c                __fp_rempio2
 .text.avr-libc.fplib
                0x000093be       0x22 c:/program files (x86)/atmel/studio/7.0/toolchain/avr8/avr8-gnu-toolchain/bin/../lib/gcc/avr/5.4.0/../../../../avr/lib/avrxmega6\libm.a(fp_round.o)
                0x000093be                __fp_round
 .text.avr-libc.fplib
                0x000093e0       0x28 c:/program files (x86)/atmel/studio/7.0/toolchain/avr8/avr8-gnu-toolchain/bin/../lib/gcc/avr/5.4.0/../../../../avr/lib/avrxmega6\libm.a(fp_sinus.o)
                0x000093e0                __fp_sinus
 .text.avr-libc.fplib
                0x00009408       0x44 c:/program files (x86)/atmel/studio/7.0/toolchain/avr8/avr8-gnu-toolchain/bin/../lib/gcc/avr/5.4.0/../../../../avr/lib/avrxmega6\libm.a(fp_split3.o)
                0x00009408                __fp_split3
                0x00009418                __fp_splitA
 .text.avr-libc.fplib
                0x0000944c        0xe c:/program files (x86)/atmel/studio/7.0/toolchain/avr8/avr8-gnu-toolchain/bin/../lib/gcc/avr/5.4.0/../../../../avr/lib/avrxmega6\libm.a(fp_zero.o)
                0x0000944c                __fp_zero
                0x0000944e                __fp_szero
 .text.avr-libc.fplib
                0x0000945a        0xa c:/program files (x86)/atmel/studio/7.0/toolchain/avr8/avr8-gnu-toolchain/bin/../lib/gcc/avr/5.4.0/../../../../avr/lib/avrxmega6\libm.a(gesf2.o)
                0x0000945a                __gesf2
                0x0000945a                __gtsf2
 .text.avr-libc.fplib
                0x00009464       0x10 c:/program files (x86)/atmel/studio/7.0/toolchain/avr8/avr8-gnu-toolchain/bin/../lib/gcc/avr/5.4.0/../../../../avr/lib/avrxmega6\libm.a(inverse.o)
                0x00009464                inverse
 .text.avr-libc.fplib
                0x00009474       0x74 c:/program files (x86)/atmel/studio/7.0/toolchain/avr8/avr8-gnu-toolchain/bin/../lib/gcc/avr/5.4.0/../../../../avr/lib/avrxmega6\libm.a(ldexp.o)
                0x0000947c                ldexp
 .text.avr-libc.fplib
                0x000094e8       0xa0 c:/program files (x86)/atmel/studio/7.0/toolchain/avr8/avr8-gnu-toolchain/bin/../lib/gcc/avr/5.4.0/../../../../avr/lib/avrxmega6\libm.a(log.o)
                0x000094f8                log
 .text.avr-libc.fplib
                0x00009588       0x68 c:/program files (x86)/atmel/studio/7.0/toolchain/avr8/avr8-gnu-toolchain/bin/../lib/gcc/avr/5.4.0/../../../../avr/lib/avrxmega6\libm.a(modf.o)
                0x00009588                modf
                0x00009588                modff
 .text.avr-libc.fplib
                0x000095f0        0x8 c:/program files (x86)/atmel/studio/7.0/toolchain/avr8/avr8-gnu-toolchain/bin/../lib/gcc/avr/5.4.0/../../../../avr/lib/avrxmega6\libm.a(mulsf3.o)
                0x000095f0                __mulsf3
 .text.avr-libc.fplib
                0x000095f8       0xd2 c:/program files (x86)/atmel/studio/7.0/toolchain/avr8/avr8-gnu-toolchain/bin/../lib/gcc/avr/5.4.0/../../../../avr/lib/avrxmega6\libm.a(mulsf3x.o)
                0x00009616                __mulsf3x
                0x0000961c                __mulsf3_pse
 .text.avr-libc.fplib
                0x000096ca       0xa0 c:/program files (x86)/atmel/studio/7.0/toolchain/avr8/avr8-gnu-toolchain/bin/../lib/gcc/avr/5.4.0/../../../../avr/lib/avrxmega6\libm.a(pow.o)
                0x000096ca                pow
 .text.avr-libc.fplib
                0x0000976a       0x10 c:/program files (x86)/atmel/studio/7.0/toolchain/avr8/avr8-gnu-toolchain/bin/../lib/gcc/avr/5.4.0/../../../../avr/lib/avrxmega6\libm.a(sin.o)
                0x0000976a                sin
 .text.avr-libc.fplib
                0x0000977a        0x8 c:/program files (x86)/atmel/studio/7.0/toolchain/avr8/avr8-gnu-toolchain/bin/../lib/gcc/avr/5.4.0/../../../../avr/lib/avrxmega6\libm.a(square.o)
                0x0000977a                square
 .text.avr-libc.fplib
                0x00009782        0xa c:/program files (x86)/atmel/studio/7.0/toolchain/avr8/avr8-gnu-toolchain/bin/../lib/gcc/avr/5.4.0/../../../../avr/lib/avrxmega6\libm.a(unordsf2.o)
                0x00009782                __unordsf2
 .text.avr-libc.fplib
                0x0000978c       0x28 c:/program files (x86)/atmel/studio/7.0/toolchain/avr8/avr8-gnu-toolchain/bin/../lib/gcc/avr/5.4.0/../../../../avr/lib/avrxmega6\libm.a(fp_powsodd.o)
                0x0000978c                __fp_powsodd
 .text.libgcc.mul
                0x000097b4       0x20 c:/program files (x86)/atmel/studio/7.0/toolchain/avr8/avr8-gnu-toolchain/bin/../lib/gcc/avr/5.4.0/avrxmega6\libgcc.a(_mulsi3.o)
                0x000097b4                __mulsi3
 .text.libgcc.div
                0x000097d4       0x28 c:/program files (x86)/atmel/studio/7.0/toolchain/avr8/avr8-gnu-toolchain/bin/../lib/gcc/avr/5.4.0/avrxmega6\libgcc.a(_udivmodhi4.o)
                0x000097d4                __udivmodhi4
 .text.libgcc.div
                0x000097fc       0x28 c:/program files (x86)/atmel/studio/7.0/toolchain/avr8/avr8-gnu-toolchain/bin/../lib/gcc/avr/5.4.0/avrxmega6\libgcc.a(_divmodhi4.o)
                0x000097fc                _div
                0x000097fc                __divmodhi4
 .text.libgcc.div
                0x00009824       0x44 c:/program files (x86)/atmel/studio/7.0/toolchain/avr8/avr8-gnu-toolchain/bin/../lib/gcc/avr/5.4.0/avrxmega6\libgcc.a(_udivmodsi4.o)
                0x00009824                __udivmodsi4
 .text.libgcc   0x00009868       0x10 c:/program files (x86)/atmel/studio/7.0/toolchain/avr8/avr8-gnu-toolchain/bin/../lib/gcc/avr/5.4.0/avrxmega6\libgcc.a(_tablejump2.o)
                0x00009868                __tablejump2__
 .text.libgcc.mul
                0x00009878       0x1e c:/program files (x86)/atmel/studio/7.0/toolchain/avr8/avr8-gnu-toolchain/bin/../lib/gcc/avr/5.4.0/avrxmega6\libgcc.a(_umulhisi3.o)
                0x00009878                __umulhisi3
 .text.libgcc.mul
                0x00009896       0x16 c:/program files (x86)/atmel/studio/7.0/toolchain/avr8/avr8-gnu-toolchain/bin/../lib/gcc/avr/5.4.0/avrxmega6\libgcc.a(_muluhisi3.o)
                0x00009896                __muluhisi3
 .text.avr-libc
                0x000098ac      0x242 c:/program files (x86)/atmel/studio/7.0/toolchain/avr8/avr8-gnu-toolchain/bin/../lib/gcc/avr/5.4.0/../../../../avr/lib/avrxmega6\libc.a(malloc.o)
                0x000098ac                malloc
                0x000099dc                free
 .text.avr-libc
                0x00009aee      0x21a c:/program files (x86)/atmel/studio/7.0/toolchain/avr8/avr8-gnu-toolchain/bin/../lib/gcc/avr/5.4.0/../../../../avr/lib/avrxmega6\libc.a(strtoul.o)
                0x00009aee                strtoul
 .text.avr-libc
                0x00009d08       0x3c c:/program files (x86)/atmel/studio/7.0/toolchain/avr8/avr8-gnu-toolchain/bin/../lib/gcc/avr/5.4.0/../../../../avr/lib/avrxmega6\libc.a(atoi.o)
                0x00009d08                atoi
 .text.avr-libc
                0x00009d44      0x1b0 c:/program files (x86)/atmel/studio/7.0/toolchain/avr8/avr8-gnu-toolchain/bin/../lib/gcc/avr/5.4.0/../../../../avr/lib/avrxmega6\libc.a(ftoa_engine.o)
                0x00009d44                __ftoa_engine
 .text.avr-libc
                0x00009ef4       0x12 c:/program files (x86)/atmel/studio/7.0/toolchain/avr8/avr8-gnu-toolchain/bin/../lib/gcc/avr/5.4.0/../../../../avr/lib/avrxmega6\libc.a(isspace.o)
                0x00009ef4                isspace
 .text.avr-libc
                0x00009f06       0x10 c:/program files (x86)/atmel/studio/7.0/toolchain/avr8/avr8-gnu-toolchain/bin/../lib/gcc/avr/5.4.0/../../../../avr/lib/avrxmega6\libc.a(tolower.o)
                0x00009f06                tolower
 .text.avr-libc
                0x00009f16       0x16 c:/program files (x86)/atmel/studio/7.0/toolchain/avr8/avr8-gnu-toolchain/bin/../lib/gcc/avr/5.4.0/../../../../avr/lib/avrxmega6\libc.a(strchr_P.o)
                0x00009f16                strchr_P
 .text.avr-libc
                0x00009f2c       0x12 c:/program files (x86)/atmel/studio/7.0/toolchain/avr8/avr8-gnu-toolchain/bin/../lib/gcc/avr/5.4.0/../../../../avr/lib/avrxmega6\libc.a(strcmp_P.o)
                0x00009f2c                strcmp_P
 .text.avr-libc
                0x00009f3e       0x16 c:/program files (x86)/atmel/studio/7.0/toolchain/avr8/avr8-gnu-toolchain/bin/../lib/gcc/avr/5.4.0/../../../../avr/lib/avrxmega6\libc.a(strnlen_P.o)
                0x00009f3e                strnlen_P
 .text.avr-libc
                0x00009f54        0x8 c:/program files (x86)/atmel/studio/7.0/toolchain/avr8/avr8-gnu-toolchain/bin/../lib/gcc/avr/5.4.0/../../../../avr/lib/avrxmega6\libc.a(strtok.o)
                0x00009f54                strtok
 .text.avr-libc
                0x00009f5c       0x12 c:/program files (x86)/atmel/studio/7.0/toolchain/avr8/avr8-gnu-toolchain/bin/../lib/gcc/avr/5.4.0/../../../../avr/lib/avrxmega6\libc.a(memcpy.o)
                0x00009f5c                memcpy
 .text.avr-libc
                0x00009f6e       0x12 c:/program files (x86)/atmel/studio/7.0/toolchain/avr8/avr8-gnu-toolchain/bin/../lib/gcc/avr/5.4.0/../../../../avr/lib/avrxmega6\libc.a(strcmp.o)
                0x00009f6e                strcmp
 .text.avr-libc
                0x00009f80        0xe c:/program files (x86)/atmel/studio/7.0/toolchain/avr8/avr8-gnu-toolchain/bin/../lib/gcc/avr/5.4.0/../../../../avr/lib/avrxmega6\libc.a(strcpy.o)
                0x00009f80                strcpy
 .text.avr-libc
                0x00009f8e       0x1e c:/program files (x86)/atmel/studio/7.0/toolchain/avr8/avr8-gnu-toolchain/bin/../lib/gcc/avr/5.4.0/../../../../avr/lib/avrxmega6\libc.a(strcspn.o)
                0x00009f8e                strcspn
 .text.avr-libc
                0x00009fac       0x1e c:/program files (x86)/atmel/studio/7.0/toolchain/avr8/avr8-gnu-toolchain/bin/../lib/gcc/avr/5.4.0/../../../../avr/lib/avrxmega6\libc.a(strncpy.o)
                0x00009fac                strncpy
 .text.avr-libc
                0x00009fca       0x16 c:/program files (x86)/atmel/studio/7.0/toolchain/avr8/avr8-gnu-toolchain/bin/../lib/gcc/avr/5.4.0/../../../../avr/lib/avrxmega6\libc.a(strnlen.o)
                0x00009fca                strnlen
 .text.avr-libc
                0x00009fe0       0x4e c:/program files (x86)/atmel/studio/7.0/toolchain/avr8/avr8-gnu-toolchain/bin/../lib/gcc/avr/5.4.0/../../../../avr/lib/avrxmega6\libc.a(strtok_r.o)
                0x00009fe0                strtok_r
 .text.avr-libc
                0x0000a02e       0x10 c:/program files (x86)/atmel/studio/7.0/toolchain/avr8/avr8-gnu-toolchain/bin/../lib/gcc/avr/5.4.0/../../../../avr/lib/avrxmega6\libc.a(mul10.o)
                0x0000a02e                __mulhi_const_10
 .text.avr-libc
                0x0000a03e       0x7c c:/program files (x86)/atmel/studio/7.0/toolchain/avr8/avr8-gnu-toolchain/bin/../lib/gcc/avr/5.4.0/../../../../avr/lib/avrxmega6\libc.a(fgetc.o)
                0x0000a03e                fgetc
 .text.avr-libc
                0x0000a0ba       0x78 c:/program files (x86)/atmel/studio/7.0/toolchain/avr8/avr8-gnu-toolchain/bin/../lib/gcc/avr/5.4.0/../../../../avr/lib/avrxmega6\libc.a(fputc.o)
                0x0000a0ba                fputc
 .text.avr-libc
                0x0000a132       0x28 c:/program files (x86)/atmel/studio/7.0/toolchain/avr8/avr8-gnu-toolchain/bin/../lib/gcc/avr/5.4.0/../../../../avr/lib/avrxmega6\libc.a(printf.o)
                0x0000a132                printf
 .text.avr-libc
                0x0000a15a       0x50 c:/program files (x86)/atmel/studio/7.0/toolchain/avr8/avr8-gnu-toolchain/bin/../lib/gcc/avr/5.4.0/../../../../avr/lib/avrxmega6\libc.a(printf_p.o)
                0x0000a15a                printf_P
 .text.avr-libc
                0x0000a1aa        0xc c:/program files (x86)/atmel/studio/7.0/toolchain/avr8/avr8-gnu-toolchain/bin/../lib/gcc/avr/5.4.0/../../../../avr/lib/avrxmega6\libc.a(putchar.o)
                0x0000a1aa                putchar
 .text.avr-libc
                0x0000a1b6       0x60 c:/program files (x86)/atmel/studio/7.0/toolchain/avr8/avr8-gnu-toolchain/bin/../lib/gcc/avr/5.4.0/../../../../avr/lib/avrxmega6\libc.a(puts.o)
                0x0000a1b6                puts
 .text.avr-libc
                0x0000a216       0x52 c:/program files (x86)/atmel/studio/7.0/toolchain/avr8/avr8-gnu-toolchain/bin/../lib/gcc/avr/5.4.0/../../../../avr/lib/avrxmega6\libc.a(sprintf.o)
                0x0000a216                sprintf
 .text.avr-libc
                0x0000a268       0x32 c:/program files (x86)/atmel/studio/7.0/toolchain/avr8/avr8-gnu-toolchain/bin/../lib/gcc/avr/5.4.0/../../../../avr/lib/avrxmega6\libc.a(ungetc.o)
                0x0000a268                ungetc
 .text.avr-libc
                0x0000a29a       0xbc c:/program files (x86)/atmel/studio/7.0/toolchain/avr8/avr8-gnu-toolchain/bin/../lib/gcc/avr/5.4.0/../../../../avr/lib/avrxmega6\libc.a(ultoa_invert.o)
                0x0000a29a                __ultoa_invert
 .text.avr-libc
                0x0000a356        0x6 c:/program files (x86)/atmel/studio/7.0/toolchain/avr8/avr8-gnu-toolchain/bin/../lib/gcc/avr/5.4.0/../../../../avr/lib/avrxmega6\libc.a(cty_isfalse.o)
                0x0000a356                __ctype_isfalse
                0x0000a35a                __ctype_istrue
                0x0000a35c                . = ALIGN (0x2)
 *(.fini9)
 .fini9         0x0000a35c        0x0 c:/program files (x86)/atmel/studio/7.0/toolchain/avr8/avr8-gnu-toolchain/bin/../lib/gcc/avr/5.4.0/avrxmega6\libgcc.a(_exit.o)
                0x0000a35c                _exit
                0x0000a35c                exit
 *(.fini9)
 *(.fini8)
 *(.fini8)
 *(.fini7)
 *(.fini7)
 *(.fini6)
 *(.fini6)
 *(.fini5)
 *(.fini5)
 *(.fini4)
 *(.fini4)
 *(.fini3)
 *(.fini3)
 *(.fini2)
 *(.fini2)
 *(.fini1)
 *(.fini1)
 *(.fini0)
 .fini0         0x0000a35c        0x4 c:/program files (x86)/atmel/studio/7.0/toolchain/avr8/avr8-gnu-toolchain/bin/../lib/gcc/avr/5.4.0/avrxmega6\libgcc.a(_exit.o)
 *(.fini0)
                0x0000a360                _etext = .

.data           0x00802000      0x308 load address 0x0000a360
                0x00802000                PROVIDE (__data_start, .)
 *(.data)
 .data          0x00802000        0x6 c:/program files (x86)/atmel/studio/7.0/toolchain/avr8/avr8-gnu-toolchain/bin/../lib/gcc/avr/5.4.0/../../../../avr/lib/avrxmega6\libc.a(malloc.o)
                0x00802000                __malloc_heap_end
                0x00802002                __malloc_heap_start
                0x00802004                __malloc_margin
 *(.data*)
 .data.channel  0x00802006        0xc ../src/ir_led.o
                0x00802006                channel
 .data.mystdout
                0x00802012        0xe ../src/pc_comm.o
 *(.rodata)
 .rodata        0x00802020       0x40 ../src/droplet_init.o
 *(.rodata*)
 .rodata.str1.1
                0x00802060       0xce ../src/droplet_init.o
                                 0xd0 (size before relaxing)
 .rodata.str1.1
                0x0080212e        0x7 ../src/ir_comm.o
                                  0x9 (size before relaxing)
 .rodata.ir_carrier_bm
                0x00802135        0x6 ../src/ir_comm.o
 .rodata.str1.1
                0x0080213b        0x7 ../src/ir_led.o
                                  0x8 (size before relaxing)
 .rodata.uart_ch
                0x00802142        0xc ../src/ir_led.o
 .rodata.tx_pins
                0x0080214e        0x6 ../src/ir_led.o
 .rodata.carrier_wave_pins
                0x00802154        0x6 ../src/ir_led.o
 .rodata.mux_sensor_selectors
                0x0080215a        0x6 ../src/ir_sensor.o
                0x0080215a                mux_sensor_selectors
 .rodata.SEED_POS
                0x00802160       0x18 ../src/localization.o
                0x00802160                SEED_POS
 .rodata.str1.1
                0x00802178        0x4 ../src/motor.o
                                  0x6 (size before relaxing)
 .rodata.str1.1
                0x0080217c       0x18 ../src/nvm.o
 .rodata.str1.1
                0x00802194        0x4 ../src/pc_comm.o
                                  0x6 (size before relaxing)
 .rodata.headingBasis
                0x00802198       0x30 ../src/range_algs.o
 .rodata.hats   0x008021c8       0x30 ../src/range_algs.o
 .rodata.bearingBasis
                0x008021f8       0x30 ../src/range_algs.o
 .rodata.str1.1
                0x00802228       0xbd ../src/scheduler.o
 .rodata.str1.1
                0x008022e5       0x23 ../src/serial_handler.o
                                 0x27 (size before relaxing)
 *(.gnu.linkonce.d*)
                0x00802308                . = ALIGN (0x2)
                0x00802308                _edata = .
                0x00802308                PROVIDE (__data_end, .)

.bss            0x00802308      0x5dd
                0x00802308                PROVIDE (__bss_start, .)
 *(.bss)
 .bss           0x00802308        0x2 c:/program files (x86)/atmel/studio/7.0/toolchain/avr8/avr8-gnu-toolchain/bin/../lib/gcc/avr/5.4.0/../../../../avr/lib/avrxmega6\libc.a(strtok.o)
 *(.bss*)
 .bss.firstmessage_flag
                0x0080230a        0x1 ../src/droplet_init.o
                0x0080230a                firstmessage_flag
 .bss.flashBufferPos
                0x0080230b        0x1 ../src/droplet_init.o
                0x0080230b                flashBufferPos
 .bss.ffsync_blink_dur
                0x0080230c        0x2 ../src/firefly_sync.o
 .bss.ffsync_blink_prev_b
                0x0080230e        0x1 ../src/firefly_sync.o
 .bss.ffsync_blink_prev_g
                0x0080230f        0x1 ../src/firefly_sync.o
 .bss.ffsync_blink_prev_r
                0x00802310        0x1 ../src/firefly_sync.o
 .bss.ffsync_blink_b
                0x00802311        0x1 ../src/firefly_sync.o
 .bss.ffsync_blink_g
                0x00802312        0x1 ../src/firefly_sync.o
 .bss.ffsync_blink_r
                0x00802313        0x1 ../src/firefly_sync.o
 .bss.next_byte
                0x00802314        0x1 ../src/ir_comm.o
 .bss.cmdBuffer
                0x00802315       0x40 ../src/ir_comm.o
 .bss.cmdLength
                0x00802355        0x2 ../src/ir_comm.o
 .bss.processingFFsyncFlag
                0x00802357        0x1 ../src/ir_comm.o
 .bss.processingCmdFlag
                0x00802358        0x1 ../src/ir_comm.o
 .bss.saved_usart_ctrlb_vals
                0x00802359        0x6 ../src/ir_led.o
 .bss.ir_sense_baseline
                0x0080235f        0xc ../src/ir_sensor.o
 .bss.motor_off_time
                0x0080236b        0x2 ../src/motor.o
 .bss.motor_on_time
                0x0080236d        0x2 ../src/motor.o
 .bss.current_motor_task
                0x0080236f        0x2 ../src/motor.o
 .bss.motor_status
                0x00802371        0x1 ../src/motor.o
 .bss.serial_in_index
                0x00802372        0x2 ../src/pc_comm.o
 .bss.escaped_arrow
                0x00802374        0x1 ../src/pc_comm.o
 .bss.escaped   0x00802375        0x1 ../src/pc_comm.o
 .bss.serial_in_buffer
                0x00802376       0x40 ../src/pc_comm.o
 .bss.randNormHasSaved
                0x008023b6        0x1 ../src/random.o
 .bss.r_position
                0x008023b7        0x1 ../src/random.o
 .bss.r_round   0x008023b8        0x1 ../src/random.o
 .bss.brightMeas
                0x008023b9       0x48 ../src/range_algs.o
 .bss.sensorHealthHistory
                0x00802401        0x4 ../src/range_algs.o
 .bss.b_baseline
                0x00802405        0x2 ../src/rgb_sensor.o
 .bss.g_baseline
                0x00802407        0x2 ../src/rgb_sensor.o
 .bss.r_baseline
                0x00802409        0x2 ../src/rgb_sensor.o
 .bss.task_storage_arr
                0x0080240b       0x8c ../src/scheduler.o
 *(COMMON)
 COMMON         0x00802497      0x23a ../user_template.o
                0x00802497                droplet_ID
                0x00802499                rtc_epoch
                0x0080249b                myPosCovar
                0x008024a7                reprogramming
                0x008024a8                hpIrBlock_bm
                0x008024a9                num_tasks
                0x008024aa                obsStart
                0x008024ac                twiMaster
                0x008024c5                cmdArrivalDir
                0x008024c6                last_good_rnb
                0x008024ce                memoryConsumedByBuffer
                0x008024d0                rnb_updated
                0x008024d1                mmPerKilostep
                0x008024e1                number_of_hex
                0x008024e2                dataHEX
                0x00802522                seedFlag
                0x00802523                processing_rnb_flag
                0x00802524                numWaitingMsgs
                0x00802525                cmdSenderId
                0x00802527                ir_rxtx
                0x00802677                initial_msg
                0x0080268b                userFacingMessagesOvf
                0x0080268c                motorAdjusts
                0x008026bc                task_executing
                0x008026bd                incomingMsgHead
                0x008026bf                rnbCmdID
                0x008026c1                task_list
                0x008026c3                myPos
                0x008026c9                twi
                0x008026cb                cmdArrivalTime
                0x008026cf                curr_ir_power
 COMMON         0x008026d1      0x208 ../src/droplet_init.o
                0x008026d1                targetAddr
                0x008026d5                message_bytes
                0x008026d6                addrstart
                0x008026d8                Numberofbytes
                0x008026d9                FlashBuffer
 COMMON         0x008028d9        0x4 c:/program files (x86)/atmel/studio/7.0/toolchain/avr8/avr8-gnu-toolchain/bin/../lib/gcc/avr/5.4.0/../../../../avr/lib/avrxmega6\libc.a(malloc.o)
                0x008028d9                __brkval
                0x008028db                __flp
 COMMON         0x008028dd        0x6 c:/program files (x86)/atmel/studio/7.0/toolchain/avr8/avr8-gnu-toolchain/bin/../lib/gcc/avr/5.4.0/../../../../avr/lib/avrxmega6\libc.a(iob.o)
                0x008028dd                __iob
 COMMON         0x008028e3        0x2 c:/program files (x86)/atmel/studio/7.0/toolchain/avr8/avr8-gnu-toolchain/bin/../lib/gcc/avr/5.4.0/../../../../avr/lib/avrxmega6\libc.a(errno.o)
                0x008028e3                errno
                0x008028e5                PROVIDE (__bss_end, .)
                0x0000a360                __data_load_start = LOADADDR (.data)
                0x0000a668                __data_load_end = (__data_load_start + SIZEOF (.data))

.noinit         0x008028e5        0x0
                [!provide]                PROVIDE (__noinit_start, .)
 *(.noinit*)
                [!provide]                PROVIDE (__noinit_end, .)
                0x008028e5                _end = .
                0x008028e5                PROVIDE (__heap_start, .)

.eeprom         0x00810000        0x0
 *(.eeprom*)
                0x00810000                __eeprom_end = .

.fuse
 *(.fuse)
 *(.lfuse)
 *(.hfuse)
 *(.efuse)

.lock
 *(.lock*)

.signature
 *(.signature*)

.user_signatures
 *(.user_signatures*)

.stab
 *(.stab)

.stabstr
 *(.stabstr)

.stab.excl
 *(.stab.excl)

.stab.exclstr
 *(.stab.exclstr)

.stab.index
 *(.stab.index)

.stab.indexstr
 *(.stab.indexstr)

.comment        0x00000000       0x5c
 *(.comment)
 .comment       0x00000000       0x30 ../user_template.o
                                 0x31 (size before relaxing)
 .comment       0x00000030       0x31 ../src/droplet_base.o
 .comment       0x00000030       0x31 ../src/droplet_init.o
 .comment       0x00000030       0x31 ../src/eeprom_driver.o
 .comment       0x00000030       0x31 ../src/firefly_sync.o
 .comment       0x00000030       0x31 ../src/i2c.o
 .comment       0x00000030       0x31 ../src/ir_comm.o
 .comment       0x00000030       0x31 ../src/ir_led.o
 .comment       0x00000030       0x31 ../src/ir_sensor.o
 .comment       0x00000030       0x31 ../src/localization.o
 .comment       0x00000030       0x31 ../src/motor.o
 .comment       0x00000030       0x31 ../src/nvm.o
 .comment       0x00000030       0x31 ../src/pc_comm.o
 .comment       0x00000030       0x31 ../src/power.o
 .comment       0x00000030       0x31 ../src/random.o
 .comment       0x00000030       0x31 ../src/range_algs.o
 .comment       0x00000030       0x31 ../src/rgb_led.o
 .comment       0x00000030       0x31 ../src/rgb_sensor.o
 .comment       0x00000030       0x31 ../src/scheduler.o
 .comment       0x00000030       0x31 ../src/serial_handler.o
 .comment       0x00000030       0x2c c:/program files (x86)/atmel/studio/7.0/toolchain/avr8/avr8-gnu-toolchain/bin/../lib/gcc/avr/5.4.0/../../../../avr/lib/avrxmega6\libprintf_flt.a(vfprintf_flt.o)
                                 0x2d (size before relaxing)
 .comment       0x0000005c       0x2d c:/program files (x86)/atmel/studio/7.0/toolchain/avr8/avr8-gnu-toolchain/bin/../lib/gcc/avr/5.4.0/../../../../avr/lib/avrxmega6\libscanf_flt.a(vfscanf_flt.o)
 .comment       0x0000005c       0x31 c:/program files (x86)/atmel/studio/7.0/toolchain/avr8/avr8-gnu-toolchain/bin/../lib/gcc/avr/5.4.0/../../../../avr/lib/avrxmega6\libc.a(malloc.o)
 .comment       0x0000005c       0x31 c:/program files (x86)/atmel/studio/7.0/toolchain/avr8/avr8-gnu-toolchain/bin/../lib/gcc/avr/5.4.0/../../../../avr/lib/avrxmega6\libc.a(strtoul.o)
 .comment       0x0000005c       0x31 c:/program files (x86)/atmel/studio/7.0/toolchain/avr8/avr8-gnu-toolchain/bin/../lib/gcc/avr/5.4.0/../../../../avr/lib/avrxmega6\libc.a(strtok.o)
 .comment       0x0000005c       0x31 c:/program files (x86)/atmel/studio/7.0/toolchain/avr8/avr8-gnu-toolchain/bin/../lib/gcc/avr/5.4.0/../../../../avr/lib/avrxmega6\libc.a(fgetc.o)
 .comment       0x0000005c       0x31 c:/program files (x86)/atmel/studio/7.0/toolchain/avr8/avr8-gnu-toolchain/bin/../lib/gcc/avr/5.4.0/../../../../avr/lib/avrxmega6\libc.a(fputc.o)
 .comment       0x0000005c       0x31 c:/program files (x86)/atmel/studio/7.0/toolchain/avr8/avr8-gnu-toolchain/bin/../lib/gcc/avr/5.4.0/../../../../avr/lib/avrxmega6\libc.a(iob.o)
 .comment       0x0000005c       0x31 c:/program files (x86)/atmel/studio/7.0/toolchain/avr8/avr8-gnu-toolchain/bin/../lib/gcc/avr/5.4.0/../../../../avr/lib/avrxmega6\libc.a(printf.o)
 .comment       0x0000005c       0x31 c:/program files (x86)/atmel/studio/7.0/toolchain/avr8/avr8-gnu-toolchain/bin/../lib/gcc/avr/5.4.0/../../../../avr/lib/avrxmega6\libc.a(printf_p.o)
 .comment       0x0000005c       0x31 c:/program files (x86)/atmel/studio/7.0/toolchain/avr8/avr8-gnu-toolchain/bin/../lib/gcc/avr/5.4.0/../../../../avr/lib/avrxmega6\libc.a(putchar.o)
 .comment       0x0000005c       0x31 c:/program files (x86)/atmel/studio/7.0/toolchain/avr8/avr8-gnu-toolchain/bin/../lib/gcc/avr/5.4.0/../../../../avr/lib/avrxmega6\libc.a(puts.o)
 .comment       0x0000005c       0x31 c:/program files (x86)/atmel/studio/7.0/toolchain/avr8/avr8-gnu-toolchain/bin/../lib/gcc/avr/5.4.0/../../../../avr/lib/avrxmega6\libc.a(sprintf.o)
 .comment       0x0000005c       0x31 c:/program files (x86)/atmel/studio/7.0/toolchain/avr8/avr8-gnu-toolchain/bin/../lib/gcc/avr/5.4.0/../../../../avr/lib/avrxmega6\libc.a(ungetc.o)
 .comment       0x0000005c       0x2d c:/program files (x86)/atmel/studio/7.0/toolchain/avr8/avr8-gnu-toolchain/bin/../lib/gcc/avr/5.4.0/../../../../avr/lib/avrxmega6\libc.a(errno.o)

.note.gnu.avr.deviceinfo
                0x00000000       0x40
 .note.gnu.avr.deviceinfo
                0x00000000       0x40 C:/Program Files (x86)/Atmel/Studio/7.0/Packs/atmel/XMEGAA_DFP/1.1.68/gcc/dev/atxmega128a3u/avrxmega6/crtatxmega128a3u.o

.note.gnu.build-id
 *(.note.gnu.build-id)

.debug
 *(.debug)

.line
 *(.line)

.debug_srcinfo
 *(.debug_srcinfo)

.debug_sfnames
 *(.debug_sfnames)

.debug_aranges  0x00000000      0x710
 *(.debug_aranges)
 .debug_aranges
                0x00000000       0x30 ../user_template.o
 .debug_aranges
                0x00000030       0x20 ../src/droplet_base.o
 .debug_aranges
                0x00000050       0x58 ../src/droplet_init.o
 .debug_aranges
                0x000000a8       0x58 ../src/eeprom_driver.o
 .debug_aranges
                0x00000100       0x70 ../src/firefly_sync.o
 .debug_aranges
                0x00000170       0x48 ../src/i2c.o
 .debug_aranges
                0x000001b8      0x128 ../src/ir_comm.o
 .debug_aranges
                0x000002e0       0x38 ../src/ir_led.o
 .debug_aranges
                0x00000318       0x48 ../src/ir_sensor.o
 .debug_aranges
                0x00000360       0x80 ../src/localization.o
 .debug_aranges
                0x000003e0       0x78 ../src/motor.o
 .debug_aranges
                0x00000458       0x30 ../src/nvm.o
 .debug_aranges
                0x00000488       0x30 ../src/pc_comm.o
 .debug_aranges
                0x000004b8       0x48 ../src/power.o
 .debug_aranges
                0x00000500       0x48 ../src/random.o
 .debug_aranges
                0x00000548       0x60 ../src/range_algs.o
 .debug_aranges
                0x000005a8       0x40 ../src/rgb_led.o
 .debug_aranges
                0x000005e8       0x48 ../src/rgb_sensor.o
 .debug_aranges
                0x00000630       0x70 ../src/scheduler.o
 .debug_aranges
                0x000006a0       0x28 ../src/serial_handler.o
 .debug_aranges
                0x000006c8       0x20 ../src/droplet_base_asm.o
 .debug_aranges
                0x000006e8       0x28 ../src/nvm_asm.o

.debug_pubnames
 *(.debug_pubnames)

.debug_info     0x00000000    0x1bb76
 *(.debug_info .gnu.linkonce.wi.*)
 .debug_info    0x00000000     0x3409 C:/Program Files (x86)/Atmel/Studio/7.0/Packs/atmel/XMEGAA_DFP/1.1.68/gcc/dev/atxmega128a3u/avrxmega6/crtatxmega128a3u.o
 .debug_info    0x00003409      0x9e6 ../user_template.o
 .debug_info    0x00003def      0x1ce ../src/droplet_base.o
 .debug_info    0x00003fbd     0x1e63 ../src/droplet_init.o
 .debug_info    0x00005e20      0x661 ../src/eeprom_driver.o
 .debug_info    0x00006481     0x1fc8 ../src/firefly_sync.o
 .debug_info    0x00008449      0xcb4 ../src/i2c.o
 .debug_info    0x000090fd     0x3091 ../src/ir_comm.o
 .debug_info    0x0000c18e      0xaba ../src/ir_led.o
 .debug_info    0x0000cc48     0x15f7 ../src/ir_sensor.o
 .debug_info    0x0000e23f     0x2e37 ../src/localization.o
 .debug_info    0x00011076     0x1726 ../src/motor.o
 .debug_info    0x0001279c      0x648 ../src/nvm.o
 .debug_info    0x00012de4      0xd3a ../src/pc_comm.o
 .debug_info    0x00013b1e      0x73d ../src/power.o
 .debug_info    0x0001425b      0x80c ../src/random.o
 .debug_info    0x00014a67     0x1d6a ../src/range_algs.o
 .debug_info    0x000167d1      0xb50 ../src/rgb_led.o
 .debug_info    0x00017321      0xf18 ../src/rgb_sensor.o
 .debug_info    0x00018239      0xe72 ../src/scheduler.o
 .debug_info    0x000190ab     0x29b4 ../src/serial_handler.o
 .debug_info    0x0001ba5f       0x92 ../src/droplet_base_asm.o
 .debug_info    0x0001baf1       0x85 ../src/nvm_asm.o

.debug_abbrev   0x00000000     0x7334
 *(.debug_abbrev)
 .debug_abbrev  0x00000000     0x3148 C:/Program Files (x86)/Atmel/Studio/7.0/Packs/atmel/XMEGAA_DFP/1.1.68/gcc/dev/atxmega128a3u/avrxmega6/crtatxmega128a3u.o
 .debug_abbrev  0x00003148      0x206 ../user_template.o
 .debug_abbrev  0x0000334e      0x11d ../src/droplet_base.o
 .debug_abbrev  0x0000346b      0x4e4 ../src/droplet_init.o
 .debug_abbrev  0x0000394f      0x222 ../src/eeprom_driver.o
 .debug_abbrev  0x00003b71      0x3c5 ../src/firefly_sync.o
 .debug_abbrev  0x00003f36      0x30c ../src/i2c.o
 .debug_abbrev  0x00004242      0x608 ../src/ir_comm.o
 .debug_abbrev  0x0000484a      0x1b7 ../src/ir_led.o
 .debug_abbrev  0x00004a01      0x3ee ../src/ir_sensor.o
 .debug_abbrev  0x00004def      0x4e6 ../src/localization.o
 .debug_abbrev  0x000052d5      0x422 ../src/motor.o
 .debug_abbrev  0x000056f7      0x24b ../src/nvm.o
 .debug_abbrev  0x00005942      0x2cb ../src/pc_comm.o
 .debug_abbrev  0x00005c0d      0x27e ../src/power.o
 .debug_abbrev  0x00005e8b      0x2a1 ../src/random.o
 .debug_abbrev  0x0000612c      0x4a9 ../src/range_algs.o
 .debug_abbrev  0x000065d5      0x202 ../src/rgb_led.o
 .debug_abbrev  0x000067d7      0x2e5 ../src/rgb_sensor.o
 .debug_abbrev  0x00006abc      0x459 ../src/scheduler.o
 .debug_abbrev  0x00006f15      0x3f9 ../src/serial_handler.o
 .debug_abbrev  0x0000730e       0x14 ../src/droplet_base_asm.o
 .debug_abbrev  0x00007322       0x12 ../src/nvm_asm.o

.debug_line     0x00000000     0x77e1
 *(.debug_line .debug_line.* .debug_line_end)
 .debug_line    0x00000000      0x39d C:/Program Files (x86)/Atmel/Studio/7.0/Packs/atmel/XMEGAA_DFP/1.1.68/gcc/dev/atxmega128a3u/avrxmega6/crtatxmega128a3u.o
 .debug_line    0x0000039d      0x1f9 ../user_template.o
 .debug_line    0x00000596      0x15c ../src/droplet_base.o
 .debug_line    0x000006f2      0xbdf ../src/droplet_init.o
 .debug_line    0x000012d1      0x373 ../src/eeprom_driver.o
 .debug_line    0x00001644      0x590 ../src/firefly_sync.o
 .debug_line    0x00001bd4      0x406 ../src/i2c.o
 .debug_line    0x00001fda     0x10ef ../src/ir_comm.o
 .debug_line    0x000030c9      0x28f ../src/ir_led.o
 .debug_line    0x00003358      0x4f5 ../src/ir_sensor.o
 .debug_line    0x0000384d      0xc67 ../src/localization.o
 .debug_line    0x000044b4      0x5a5 ../src/motor.o
 .debug_line    0x00004a59      0x2b5 ../src/nvm.o
 .debug_line    0x00004d0e      0x2e2 ../src/pc_comm.o
 .debug_line    0x00004ff0      0x44b ../src/power.o
 .debug_line    0x0000543b      0x2c0 ../src/random.o
 .debug_line    0x000056fb      0x87b ../src/range_algs.o
 .debug_line    0x00005f76      0x277 ../src/rgb_led.o
 .debug_line    0x000061ed      0x43f ../src/rgb_sensor.o
 .debug_line    0x0000662c      0x895 ../src/scheduler.o
 .debug_line    0x00006ec1      0x7a7 ../src/serial_handler.o
 .debug_line    0x00007668       0x6f ../src/droplet_base_asm.o
 .debug_line    0x000076d7      0x10a ../src/nvm_asm.o

.debug_frame    0x00000000     0x27b4
 *(.debug_frame)
 .debug_frame   0x00000000       0x50 ../user_template.o
 .debug_frame   0x00000050       0x3c ../src/droplet_base.o
 .debug_frame   0x0000008c      0x118 ../src/droplet_init.o
 .debug_frame   0x000001a4       0xe4 ../src/eeprom_driver.o
 .debug_frame   0x00000288      0x250 ../src/firefly_sync.o
 .debug_frame   0x000004d8      0x1b0 ../src/i2c.o
 .debug_frame   0x00000688      0xa68 ../src/ir_comm.o
 .debug_frame   0x000010f0       0x84 ../src/ir_led.o
 .debug_frame   0x00001174      0x160 ../src/ir_sensor.o
 .debug_frame   0x000012d4      0x4b0 ../src/localization.o
 .debug_frame   0x00001784      0x28c ../src/motor.o
 .debug_frame   0x00001a10       0xd8 ../src/nvm.o
 .debug_frame   0x00001ae8       0xb8 ../src/pc_comm.o
 .debug_frame   0x00001ba0       0x9c ../src/power.o
 .debug_frame   0x00001c3c       0xf0 ../src/random.o
 .debug_frame   0x00001d2c      0x318 ../src/range_algs.o
 .debug_frame   0x00002044      0x104 ../src/rgb_led.o
 .debug_frame   0x00002148      0x100 ../src/rgb_sensor.o
 .debug_frame   0x00002248      0x4a4 ../src/scheduler.o
 .debug_frame   0x000026ec       0xc8 ../src/serial_handler.o

.debug_str      0x00000000     0x756d
 *(.debug_str)
 .debug_str     0x00000000     0x223b C:/Program Files (x86)/Atmel/Studio/7.0/Packs/atmel/XMEGAA_DFP/1.1.68/gcc/dev/atxmega128a3u/avrxmega6/crtatxmega128a3u.o
 .debug_str     0x0000223b      0x53e ../user_template.o
                                0x5f4 (size before relaxing)
 .debug_str     0x00002779       0x72 ../src/droplet_base.o
                                0x20d (size before relaxing)
 .debug_str     0x000027eb      0xaeb ../src/droplet_init.o
                               0x10fc (size before relaxing)
 .debug_str     0x000032d6       0xfd ../src/eeprom_driver.o
                                0x693 (size before relaxing)
 .debug_str     0x000033d3     0x142a ../src/firefly_sync.o
                               0x1acc (size before relaxing)
 .debug_str     0x000047fd      0x53f ../src/i2c.o
                                0x84a (size before relaxing)
 .debug_str     0x00004d3c      0x79c ../src/ir_comm.o
                               0x1195 (size before relaxing)
 .debug_str     0x000054d8      0x226 ../src/ir_led.o
                                0x817 (size before relaxing)
 .debug_str     0x000056fe      0x726 ../src/ir_sensor.o
                                0xe9f (size before relaxing)
 .debug_str     0x00005e24      0x4a5 ../src/localization.o
                                0xaed (size before relaxing)
 .debug_str     0x000062c9      0x1e2 ../src/motor.o
                                0xabf (size before relaxing)
 .debug_str     0x000064ab      0x151 ../src/nvm.o
                                0x797 (size before relaxing)
 .debug_str     0x000065fc      0x110 ../src/pc_comm.o
                                0x8bd (size before relaxing)
 .debug_str     0x0000670c      0x227 ../src/power.o
                                0x5a5 (size before relaxing)
 .debug_str     0x00006933       0x85 ../src/random.o
                                0x414 (size before relaxing)
 .debug_str     0x000069b8      0x298 ../src/range_algs.o
                                0x8d9 (size before relaxing)
 .debug_str     0x00006c50       0x51 ../src/rgb_led.o
                                0x787 (size before relaxing)
 .debug_str     0x00006ca1      0x179 ../src/rgb_sensor.o
                                0xbfa (size before relaxing)
 .debug_str     0x00006e1a      0x28f ../src/scheduler.o
                                0x7c5 (size before relaxing)
 .debug_str     0x000070a9      0x4c4 ../src/serial_handler.o
                                0xeef (size before relaxing)

.debug_loc      0x00000000     0xe4eb
 *(.debug_loc)
 .debug_loc     0x00000000       0x43 ../user_template.o
 .debug_loc     0x00000043      0x101 ../src/droplet_base.o
 .debug_loc     0x00000144     0x1612 ../src/droplet_init.o
 .debug_loc     0x00001756      0x400 ../src/eeprom_driver.o
 .debug_loc     0x00001b56      0x80b ../src/firefly_sync.o
 .debug_loc     0x00002361      0xb02 ../src/i2c.o
 .debug_loc     0x00002e63     0x3183 ../src/ir_comm.o
 .debug_loc     0x00005fe6      0x193 ../src/ir_led.o
 .debug_loc     0x00006179      0x7b2 ../src/ir_sensor.o
 .debug_loc     0x0000692b     0x23b7 ../src/localization.o
 .debug_loc     0x00008ce2      0xa7d ../src/motor.o
 .debug_loc     0x0000975f      0x4bb ../src/nvm.o
 .debug_loc     0x00009c1a      0x208 ../src/pc_comm.o
 .debug_loc     0x00009e22      0x285 ../src/power.o
 .debug_loc     0x0000a0a7      0x2de ../src/random.o
 .debug_loc     0x0000a385     0x17f8 ../src/range_algs.o
 .debug_loc     0x0000bb7d      0x8b9 ../src/rgb_led.o
 .debug_loc     0x0000c436      0x52f ../src/rgb_sensor.o
 .debug_loc     0x0000c965     0x10e6 ../src/scheduler.o
 .debug_loc     0x0000da4b      0xaa0 ../src/serial_handler.o

.debug_macinfo
 *(.debug_macinfo)

.debug_weaknames
 *(.debug_weaknames)

.debug_funcnames
 *(.debug_funcnames)

.debug_typenames
 *(.debug_typenames)

.debug_varnames
 *(.debug_varnames)

.debug_pubtypes
 *(.debug_pubtypes)

.debug_ranges   0x00000000     0x1258
 *(.debug_ranges)
 .debug_ranges  0x00000000       0x20 ../user_template.o
 .debug_ranges  0x00000020       0x10 ../src/droplet_base.o
 .debug_ranges  0x00000030      0x160 ../src/droplet_init.o
 .debug_ranges  0x00000190       0x90 ../src/eeprom_driver.o
 .debug_ranges  0x00000220       0xa8 ../src/firefly_sync.o
 .debug_ranges  0x000002c8       0xb0 ../src/i2c.o
 .debug_ranges  0x00000378      0x2c8 ../src/ir_comm.o
 .debug_ranges  0x00000640       0x28 ../src/ir_led.o
 .debug_ranges  0x00000668       0xb0 ../src/ir_sensor.o
 .debug_ranges  0x00000718      0x3c8 ../src/localization.o
 .debug_ranges  0x00000ae0      0x178 ../src/motor.o
 .debug_ranges  0x00000c58       0x20 ../src/nvm.o
 .debug_ranges  0x00000c78       0x40 ../src/pc_comm.o
 .debug_ranges  0x00000cb8       0x68 ../src/power.o
 .debug_ranges  0x00000d20       0x38 ../src/random.o
 .debug_ranges  0x00000d58      0x178 ../src/range_algs.o
 .debug_ranges  0x00000ed0       0x30 ../src/rgb_led.o
 .debug_ranges  0x00000f00       0x50 ../src/rgb_sensor.o
 .debug_ranges  0x00000f50      0x1d8 ../src/scheduler.o
 .debug_ranges  0x00001128      0x110 ../src/serial_handler.o
 .debug_ranges  0x00001238       0x20 ../src/nvm_asm.o

.debug_macro
 *(.debug_macro)
OUTPUT(My_Droplets.elf elf32-avr)
LOAD linker stubs

.BOOT           0x00020000       0x44
 .BOOT          0x00020000       0x44 ../src/nvm_asm.o
                0x00020000                nvm_common_spm
                0x0002001e                nvm_flash_load_word_to_buffer

.USERCODE       0x0000c000       0x2a
 .USERCODE      0x0000c000       0x2a ../user_template.o
                0x0000c000                init

Cross Reference Table

Symbol                                            File
EEPROM_erase_all                                  ../src/eeprom_driver.o
EEPROM_erase_page                                 ../src/eeprom_driver.o
EEPROM_read_block                                 ../src/eeprom_driver.o
EEPROM_read_byte                                  ../src/eeprom_driver.o
                                                  ../src/motor.o
EEPROM_write_block                                ../src/eeprom_driver.o
EEPROM_write_byte                                 ../src/eeprom_driver.o
                                                  ../src/motor.o
FlashBuffer                                       ../src/droplet_init.o
Numberofbytes                                     ../src/droplet_init.o
OrderedBotIDs                                     ../src/droplet_init.o
SEED_IDS                                          ../src/localization.o
SEED_POS                                          ../src/localization.o
__FUSE_REGION_LENGTH__                            C:/Program Files (x86)/Atmel/Studio/7.0/Packs/atmel/XMEGAA_DFP/1.1.68/gcc/dev/atxmega128a3u/avrxmega6/crtatxmega128a3u.o
__addsf3                                          c:/program files (x86)/atmel/studio/7.0/toolchain/avr8/avr8-gnu-toolchain/bin/../lib/gcc/avr/5.4.0/../../../../avr/lib/avrxmega6\libm.a(addsf3.o)
                                                  c:/program files (x86)/atmel/studio/7.0/toolchain/avr8/avr8-gnu-toolchain/bin/../lib/gcc/avr/5.4.0/../../../../avr/lib/avrxmega6\libm.a(log.o)
                                                  c:/program files (x86)/atmel/studio/7.0/toolchain/avr8/avr8-gnu-toolchain/bin/../lib/gcc/avr/5.4.0/../../../../avr/lib/avrxmega6\libm.a(atan2.o)
                                                  ../src/range_algs.o
                                                  ../src/random.o
                                                  ../src/matrix_utils.o
                                                  ../src/localization.o
                                                  ../src/firefly_sync.o
__addsf3x                                         c:/program files (x86)/atmel/studio/7.0/toolchain/avr8/avr8-gnu-toolchain/bin/../lib/gcc/avr/5.4.0/../../../../avr/lib/avrxmega6\libm.a(addsf3x.o)
                                                  c:/program files (x86)/atmel/studio/7.0/toolchain/avr8/avr8-gnu-toolchain/bin/../lib/gcc/avr/5.4.0/../../../../avr/lib/avrxmega6\libm.a(log.o)
                                                  c:/program files (x86)/atmel/studio/7.0/toolchain/avr8/avr8-gnu-toolchain/bin/../lib/gcc/avr/5.4.0/../../../../avr/lib/avrxmega6\libm.a(fp_sinus.o)
                                                  c:/program files (x86)/atmel/studio/7.0/toolchain/avr8/avr8-gnu-toolchain/bin/../lib/gcc/avr/5.4.0/../../../../avr/lib/avrxmega6\libm.a(fp_powser.o)
                                                  c:/program files (x86)/atmel/studio/7.0/toolchain/avr8/avr8-gnu-toolchain/bin/../lib/gcc/avr/5.4.0/../../../../avr/lib/avrxmega6\libm.a(atan.o)
                                                  c:/program files (x86)/atmel/studio/7.0/toolchain/avr8/avr8-gnu-toolchain/bin/../lib/gcc/avr/5.4.0/../../../../avr/lib/avrxmega6\libm.a(addsf3.o)
                                                  c:/program files (x86)/atmel/studio/7.0/toolchain/avr8/avr8-gnu-toolchain/bin/../lib/gcc/avr/5.4.0/../../../../avr/lib/avrxmega6\libm.a(acos.o)
__bad_interrupt                                   C:/Program Files (x86)/Atmel/Studio/7.0/Packs/atmel/XMEGAA_DFP/1.1.68/gcc/dev/atxmega128a3u/avrxmega6/crtatxmega128a3u.o
__brkval                                          c:/program files (x86)/atmel/studio/7.0/toolchain/avr8/avr8-gnu-toolchain/bin/../lib/gcc/avr/5.4.0/../../../../avr/lib/avrxmega6\libc.a(malloc.o)
__bss_end                                         c:/program files (x86)/atmel/studio/7.0/toolchain/avr8/avr8-gnu-toolchain/bin/../lib/gcc/avr/5.4.0/avrxmega6\libgcc.a(_clear_bss.o)
__bss_start                                       c:/program files (x86)/atmel/studio/7.0/toolchain/avr8/avr8-gnu-toolchain/bin/../lib/gcc/avr/5.4.0/avrxmega6\libgcc.a(_clear_bss.o)
__cmpsf2                                          c:/program files (x86)/atmel/studio/7.0/toolchain/avr8/avr8-gnu-toolchain/bin/../lib/gcc/avr/5.4.0/../../../../avr/lib/avrxmega6\libm.a(cmpsf2.o)
__ctype_isfalse                                   c:/program files (x86)/atmel/studio/7.0/toolchain/avr8/avr8-gnu-toolchain/bin/../lib/gcc/avr/5.4.0/../../../../avr/lib/avrxmega6\libc.a(cty_isfalse.o)
                                                  c:/program files (x86)/atmel/studio/7.0/toolchain/avr8/avr8-gnu-toolchain/bin/../lib/gcc/avr/5.4.0/../../../../avr/lib/avrxmega6\libc.a(isspace.o)
__ctype_istrue                                    c:/program files (x86)/atmel/studio/7.0/toolchain/avr8/avr8-gnu-toolchain/bin/../lib/gcc/avr/5.4.0/../../../../avr/lib/avrxmega6\libc.a(cty_isfalse.o)
__data_end                                        c:/program files (x86)/atmel/studio/7.0/toolchain/avr8/avr8-gnu-toolchain/bin/../lib/gcc/avr/5.4.0/avrxmega6\libgcc.a(_copy_data.o)
__data_load_start                                 c:/program files (x86)/atmel/studio/7.0/toolchain/avr8/avr8-gnu-toolchain/bin/../lib/gcc/avr/5.4.0/avrxmega6\libgcc.a(_copy_data.o)
__data_start                                      c:/program files (x86)/atmel/studio/7.0/toolchain/avr8/avr8-gnu-toolchain/bin/../lib/gcc/avr/5.4.0/avrxmega6\libgcc.a(_copy_data.o)
__divmodhi4                                       c:/program files (x86)/atmel/studio/7.0/toolchain/avr8/avr8-gnu-toolchain/bin/../lib/gcc/avr/5.4.0/avrxmega6\libgcc.a(_divmodhi4.o)
                                                  ../src/range_algs.o
                                                  ../src/localization.o
__divsf3                                          c:/program files (x86)/atmel/studio/7.0/toolchain/avr8/avr8-gnu-toolchain/bin/../lib/gcc/avr/5.4.0/../../../../avr/lib/avrxmega6\libm.a(divsf3.o)
                                                  c:/program files (x86)/atmel/studio/7.0/toolchain/avr8/avr8-gnu-toolchain/bin/../lib/gcc/avr/5.4.0/../../../../avr/lib/avrxmega6\libm.a(inverse.o)
                                                  ../src/rgb_led.o
                                                  ../src/range_algs.o
                                                  ../src/motor.o
                                                  ../src/matrix_utils.o
                                                  ../src/localization.o
                                                  ../src/firefly_sync.o
__divsf3_pse                                      c:/program files (x86)/atmel/studio/7.0/toolchain/avr8/avr8-gnu-toolchain/bin/../lib/gcc/avr/5.4.0/../../../../avr/lib/avrxmega6\libm.a(divsf3x.o)
                                                  c:/program files (x86)/atmel/studio/7.0/toolchain/avr8/avr8-gnu-toolchain/bin/../lib/gcc/avr/5.4.0/../../../../avr/lib/avrxmega6\libm.a(atan2.o)
__divsf3x                                         c:/program files (x86)/atmel/studio/7.0/toolchain/avr8/avr8-gnu-toolchain/bin/../lib/gcc/avr/5.4.0/../../../../avr/lib/avrxmega6\libm.a(divsf3x.o)
                                                  c:/program files (x86)/atmel/studio/7.0/toolchain/avr8/avr8-gnu-toolchain/bin/../lib/gcc/avr/5.4.0/../../../../avr/lib/avrxmega6\libm.a(divsf3.o)
__do_clear_bss                                    c:/program files (x86)/atmel/studio/7.0/toolchain/avr8/avr8-gnu-toolchain/bin/../lib/gcc/avr/5.4.0/avrxmega6\libgcc.a(_clear_bss.o)
                                                  c:/program files (x86)/atmel/studio/7.0/toolchain/avr8/avr8-gnu-toolchain/bin/../lib/gcc/avr/5.4.0/../../../../avr/lib/avrxmega6\libc.a(errno.o)
                                                  c:/program files (x86)/atmel/studio/7.0/toolchain/avr8/avr8-gnu-toolchain/bin/../lib/gcc/avr/5.4.0/../../../../avr/lib/avrxmega6\libc.a(iob.o)
                                                  c:/program files (x86)/atmel/studio/7.0/toolchain/avr8/avr8-gnu-toolchain/bin/../lib/gcc/avr/5.4.0/../../../../avr/lib/avrxmega6\libc.a(strtok.o)
                                                  c:/program files (x86)/atmel/studio/7.0/toolchain/avr8/avr8-gnu-toolchain/bin/../lib/gcc/avr/5.4.0/../../../../avr/lib/avrxmega6\libc.a(malloc.o)
                                                  ../src/speaker.o
                                                  ../src/serial_handler.o
                                                  ../src/scheduler.o
                                                  ../src/rgb_sensor.o
                                                  ../src/rgb_led.o
                                                  ../src/range_algs.o
                                                  ../src/random.o
                                                  ../src/power.o
                                                  ../src/pc_comm.o
                                                  ../src/nvm.o
                                                  ../src/motor.o
                                                  ../src/mic.o
                                                  ../src/matrix_utils.o
                                                  ../src/localization.o
                                                  ../src/ir_sensor.o
                                                  ../src/ir_led.o
                                                  ../src/ir_comm.o
                                                  ../src/i2c.o
                                                  ../src/firefly_sync.o
                                                  ../src/droplet_init.o
                                                  ../src/droplet_base.o
                                                  ../user_template.o
__do_copy_data                                    c:/program files (x86)/atmel/studio/7.0/toolchain/avr8/avr8-gnu-toolchain/bin/../lib/gcc/avr/5.4.0/avrxmega6\libgcc.a(_copy_data.o)
                                                  c:/program files (x86)/atmel/studio/7.0/toolchain/avr8/avr8-gnu-toolchain/bin/../lib/gcc/avr/5.4.0/../../../../avr/lib/avrxmega6\libc.a(malloc.o)
                                                  ../src/serial_handler.o
                                                  ../src/scheduler.o
                                                  ../src/range_algs.o
                                                  ../src/pc_comm.o
                                                  ../src/nvm.o
                                                  ../src/motor.o
                                                  ../src/matrix_utils.o
                                                  ../src/localization.o
                                                  ../src/ir_sensor.o
                                                  ../src/ir_led.o
                                                  ../src/ir_comm.o
                                                  ../src/droplet_init.o
__eqsf2                                           c:/program files (x86)/atmel/studio/7.0/toolchain/avr8/avr8-gnu-toolchain/bin/../lib/gcc/avr/5.4.0/../../../../avr/lib/avrxmega6\libm.a(cmpsf2.o)
                                                  ../src/matrix_utils.o
__fixsfsi                                         c:/program files (x86)/atmel/studio/7.0/toolchain/avr8/avr8-gnu-toolchain/bin/../lib/gcc/avr/5.4.0/../../../../avr/lib/avrxmega6\libm.a(fixsfsi.o)
                                                  ../src/range_algs.o
                                                  ../src/localization.o
__fixunssfsi                                      c:/program files (x86)/atmel/studio/7.0/toolchain/avr8/avr8-gnu-toolchain/bin/../lib/gcc/avr/5.4.0/../../../../avr/lib/avrxmega6\libm.a(fixunssfsi.o)
                                                  c:/program files (x86)/atmel/studio/7.0/toolchain/avr8/avr8-gnu-toolchain/bin/../lib/gcc/avr/5.4.0/../../../../avr/lib/avrxmega6\libm.a(fixsfsi.o)
                                                  ../src/rgb_led.o
                                                  ../src/range_algs.o
                                                  ../src/motor.o
                                                  ../src/localization.o
                                                  ../src/ir_comm.o
                                                  ../src/firefly_sync.o
__floatsisf                                       c:/program files (x86)/atmel/studio/7.0/toolchain/avr8/avr8-gnu-toolchain/bin/../lib/gcc/avr/5.4.0/../../../../avr/lib/avrxmega6\libm.a(floatsisf.o)