Archive member included to satisfy reference by file (symbol)

c:/program files (x86)/atmel/studio/7.0/toolchain/avr8/avr8-gnu-toolchain/bin/../lib/gcc/avr/5.4.0/../../../../avr/lib/avrxmega6\libprintf_flt.a(vfprintf_flt.o)
                              (vfprintf)
c:/program files (x86)/atmel/studio/7.0/toolchain/avr8/avr8-gnu-toolchain/bin/../lib/gcc/avr/5.4.0/../../../../avr/lib/avrxmega6\libscanf_flt.a(vfscanf_flt.o)
                              (vfscanf)
c:/program files (x86)/atmel/studio/7.0/toolchain/avr8/avr8-gnu-toolchain/bin/../lib/gcc/avr/5.4.0/../../../../avr/lib/avrxmega6\libm.a(acos.o)
                              ../src/matrix_utils.o (acos)
c:/program files (x86)/atmel/studio/7.0/toolchain/avr8/avr8-gnu-toolchain/bin/../lib/gcc/avr/5.4.0/../../../../avr/lib/avrxmega6\libm.a(addsf3.o)
                              ../src/firefly_sync.o (__subsf3)
c:/program files (x86)/atmel/studio/7.0/toolchain/avr8/avr8-gnu-toolchain/bin/../lib/gcc/avr/5.4.0/../../../../avr/lib/avrxmega6\libm.a(addsf3x.o)
                              c:/program files (x86)/atmel/studio/7.0/toolchain/avr8/avr8-gnu-toolchain/bin/../lib/gcc/avr/5.4.0/../../../../avr/lib/avrxmega6\libm.a(acos.o) (__addsf3x)
c:/program files (x86)/atmel/studio/7.0/toolchain/avr8/avr8-gnu-toolchain/bin/../lib/gcc/avr/5.4.0/../../../../avr/lib/avrxmega6\libm.a(atan2.o)
                              ../src/range_algs.o (atan2)
c:/program files (x86)/atmel/studio/7.0/toolchain/avr8/avr8-gnu-toolchain/bin/../lib/gcc/avr/5.4.0/../../../../avr/lib/avrxmega6\libm.a(atan.o)
                              c:/program files (x86)/atmel/studio/7.0/toolchain/avr8/avr8-gnu-toolchain/bin/../lib/gcc/avr/5.4.0/../../../../avr/lib/avrxmega6\libm.a(atan2.o) (atan)
c:/program files (x86)/atmel/studio/7.0/toolchain/avr8/avr8-gnu-toolchain/bin/../lib/gcc/avr/5.4.0/../../../../avr/lib/avrxmega6\libm.a(cmpsf2.o)
                              ../src/matrix_utils.o (__eqsf2)
c:/program files (x86)/atmel/studio/7.0/toolchain/avr8/avr8-gnu-toolchain/bin/../lib/gcc/avr/5.4.0/../../../../avr/lib/avrxmega6\libm.a(cos.o)
                              ../src/localization.o (cos)
c:/program files (x86)/atmel/studio/7.0/toolchain/avr8/avr8-gnu-toolchain/bin/../lib/gcc/avr/5.4.0/../../../../avr/lib/avrxmega6\libm.a(divsf3.o)
                              ../src/firefly_sync.o (__divsf3)
c:/program files (x86)/atmel/studio/7.0/toolchain/avr8/avr8-gnu-toolchain/bin/../lib/gcc/avr/5.4.0/../../../../avr/lib/avrxmega6\libm.a(divsf3x.o)
                              c:/program files (x86)/atmel/studio/7.0/toolchain/avr8/avr8-gnu-toolchain/bin/../lib/gcc/avr/5.4.0/../../../../avr/lib/avrxmega6\libm.a(divsf3.o) (__divsf3x)
c:/program files (x86)/atmel/studio/7.0/toolchain/avr8/avr8-gnu-toolchain/bin/../lib/gcc/avr/5.4.0/../../../../avr/lib/avrxmega6\libm.a(exp.o)
                              ../src/range_algs.o (exp)
c:/program files (x86)/atmel/studio/7.0/toolchain/avr8/avr8-gnu-toolchain/bin/../lib/gcc/avr/5.4.0/../../../../avr/lib/avrxmega6\libm.a(fixsfsi.o)
                              ../src/localization.o (__fixsfsi)
c:/program files (x86)/atmel/studio/7.0/toolchain/avr8/avr8-gnu-toolchain/bin/../lib/gcc/avr/5.4.0/../../../../avr/lib/avrxmega6\libm.a(fixunssfsi.o)
                              ../src/firefly_sync.o (__fixunssfsi)
c:/program files (x86)/atmel/studio/7.0/toolchain/avr8/avr8-gnu-toolchain/bin/../lib/gcc/avr/5.4.0/../../../../avr/lib/avrxmega6\libm.a(floatsisf.o)
                              ../src/firefly_sync.o (__floatunsisf)
c:/program files (x86)/atmel/studio/7.0/toolchain/avr8/avr8-gnu-toolchain/bin/../lib/gcc/avr/5.4.0/../../../../avr/lib/avrxmega6\libm.a(floor.o)
                              ../src/localization.o (floor)
c:/program files (x86)/atmel/studio/7.0/toolchain/avr8/avr8-gnu-toolchain/bin/../lib/gcc/avr/5.4.0/../../../../avr/lib/avrxmega6\libm.a(fmod.o)
                              ../src/localization.o (fmod)
c:/program files (x86)/atmel/studio/7.0/toolchain/avr8/avr8-gnu-toolchain/bin/../lib/gcc/avr/5.4.0/../../../../avr/lib/avrxmega6\libm.a(fp_arccos.o)
                              c:/program files (x86)/atmel/studio/7.0/toolchain/avr8/avr8-gnu-toolchain/bin/../lib/gcc/avr/5.4.0/../../../../avr/lib/avrxmega6\libm.a(acos.o) (__fp_arccos)
c:/program files (x86)/atmel/studio/7.0/toolchain/avr8/avr8-gnu-toolchain/bin/../lib/gcc/avr/5.4.0/../../../../avr/lib/avrxmega6\libm.a(fp_cmp.o)
                              c:/program files (x86)/atmel/studio/7.0/toolchain/avr8/avr8-gnu-toolchain/bin/../lib/gcc/avr/5.4.0/../../../../avr/lib/avrxmega6\libm.a(cmpsf2.o) (__fp_cmp)
c:/program files (x86)/atmel/studio/7.0/toolchain/avr8/avr8-gnu-toolchain/bin/../lib/gcc/avr/5.4.0/../../../../avr/lib/avrxmega6\libm.a(fp_inf.o)
                              c:/program files (x86)/atmel/studio/7.0/toolchain/avr8/avr8-gnu-toolchain/bin/../lib/gcc/avr/5.4.0/../../../../avr/lib/avrxmega6\libm.a(addsf3x.o) (__fp_inf)
[...]
Memory Configuration

Name             Origin             Length             Attributes
text             0x00000000         0x00100000         xr
data             0x00802000         0x0000ffa0         rw !x
eeprom           0x00810000         0x00010000         rw !x
fuse             0x00820000         0x00000006         rw !x
lock             0x00830000         0x00000400         rw !x
signature        0x00840000         0x00000400         rw !x
user_signatures  0x00850000         0x00000400         rw !x
*default*        0x00000000         0xffffffff

Linker script and memory map

LOAD C:/Program Files (x86)/Atmel/Studio/7.0/Packs/atmel/XMEGAA_DFP/1.1.68/gcc/dev/atxmega128a3u/avrxmega6/crtatxmega128a3u.o
LOAD ../user_template.o
LOAD ../src/droplet_base.o
LOAD ../src/droplet_init.o
LOAD ../src/eeprom_driver.o
LOAD ../src/firefly_sync.o
LOAD ../src/i2c.o
LOAD ../src/ir_comm.o
LOAD ../src/ir_led.o
LOAD ../src/ir_sensor.o
LOAD ../src/localization.o
LOAD ../src/matrix_utils.o
LOAD ../src/mic.o
LOAD ../src/motor.o
LOAD ../src/nvm.o
LOAD ../src/pc_comm.o
LOAD ../src/power.o
LOAD ../src/random.o
LOAD ../src/range_algs.o
LOAD ../src/rgb_led.o
LOAD ../src/rgb_sensor.o
LOAD ../src/scheduler.o
LOAD ../src/serial_handler.o
LOAD ../src/speaker.o
LOAD ../src/droplet_base_asm.o
LOAD ../src/nvm_asm.o
LOAD c:/program files (x86)/atmel/studio/7.0/toolchain/avr8/avr8-gnu-toolchain/bin/../lib/gcc/avr/5.4.0/../../../../avr/lib/avrxmega6\libprintf_flt.a
LOAD c:/program files (x86)/atmel/studio/7.0/toolchain/avr8/avr8-gnu-toolchain/bin/../lib/gcc/avr/5.4.0/../../../../avr/lib/avrxmega6\libscanf_flt.a
LOAD c:/program files (x86)/atmel/studio/7.0/toolchain/avr8/avr8-gnu-toolchain/bin/../lib/gcc/avr/5.4.0/../../../../avr/lib/avrxmega6\libm.a
Address of section .BOOT set to 0x20000
Address of section .USERCODE set to 0xc000
START GROUP
LOAD c:/program files (x86)/atmel/studio/7.0/toolchain/avr8/avr8-gnu-toolchain/bin/../lib/gcc/avr/5.4.0/avrxmega6\libgcc.a
LOAD c:/program files (x86)/atmel/studio/7.0/toolchain/avr8/avr8-gnu-toolchain/bin/../lib/gcc/avr/5.4.0/../../../../avr/lib/avrxmega6\libm.a
LOAD c:/program files (x86)/atmel/studio/7.0/toolchain/avr8/avr8-gnu-toolchain/bin/../lib/gcc/avr/5.4.0/../../../../avr/lib/avrxmega6\libc.a
LOAD C:/Program Files (x86)/Atmel/Studio/7.0/Packs/atmel/XMEGAA_DFP/1.1.68/gcc/dev/atxmega128a3u/avrxmega6\libatxmega128a3u.a
END GROUP
                0x00100000                __TEXT_REGION_LENGTH__ = DEFINED (__TEXT_REGION_LENGTH__)?__TEXT_REGION_LENGTH__:0x100000
                0x0000ffa0                __DATA_REGION_LENGTH__ = DEFINED (__DATA_REGION_LENGTH__)?__DATA_REGION_LENGTH__:0xffa0
                0x00010000                __EEPROM_REGION_LENGTH__ = DEFINED (__EEPROM_REGION_LENGTH__)?__EEPROM_REGION_LENGTH__:0x10000
                [0x00000006]                __FUSE_REGION_LENGTH__ = DEFINED (__FUSE_REGION_LENGTH__)?__FUSE_REGION_LENGTH__:0x400
                0x00000400                __LOCK_REGION_LENGTH__ = DEFINED (__LOCK_REGION_LENGTH__)?__LOCK_REGION_LENGTH__:0x400
                0x00000400                __SIGNATURE_REGION_LENGTH__ = DEFINED (__SIGNATURE_REGION_LENGTH__)?__SIGNATURE_REGION_LENGTH__:0x400
                0x00000400                __USER_SIGNATURE_REGION_LENGTH__ = DEFINED (__USER_SIGNATURE_REGION_LENGTH__)?__USER_SIGNATURE_REGION_LENGTH__:0x400

.hash
 *(.hash)

.dynsym
 *(.dynsym)

.dynstr
 *(.dynstr)

.gnu.version
 *(.gnu.version)

.gnu.version_d
 *(.gnu.version_d)

.gnu.version_r
 *(.gnu.version_r)

.rel.init
 *(.rel.init)

.rela.init
 *(.rela.init)

.rel.text
 *(.rel.text)
 *(.rel.text.*)
 *(.rel.gnu.linkonce.t*)

.rela.text
 *(.rela.text)
 *(.rela.text.*)
 *(.rela.gnu.linkonce.t*)

.rel.fini
 *(.rel.fini)

.rela.fini
 *(.rela.fini)

.rel.rodata
 *(.rel.rodata)
 *(.rel.rodata.*)
 *(.rel.gnu.linkonce.r*)

.rela.rodata
 *(.rela.rodata)
 *(.rela.rodata.*)
 *(.rela.gnu.linkonce.r*)

.rel.data
 *(.rel.data)
 *(.rel.data.*)
 *(.rel.gnu.linkonce.d*)

.rela.data
 *(.rela.data)
 *(.rela.data.*)
 *(.rela.gnu.linkonce.d*)

.rel.ctors
 *(.rel.ctors)

.rela.ctors
 *(.rela.ctors)

.rel.dtors
 *(.rel.dtors)

.rela.dtors
 *(.rela.dtors)

.rel.got
 *(.rel.got)

.rela.got
 *(.rela.got)

.rel.bss
 *(.rel.bss)

.rela.bss
 *(.rela.bss)

.rel.plt
 *(.rel.plt)

.rela.plt
 *(.rela.plt)

.text           0x00000000     0xa304
 *(.vectors)
 .vectors       0x00000000      0x1fc C:/Program Files (x86)/Atmel/Studio/7.0/Packs/atmel/XMEGAA_DFP/1.1.68/gcc/dev/atxmega128a3u/avrxmega6/crtatxmega128a3u.o
                0x00000000                __vector_default
                0x00000000                __vectors
 *(.vectors)
 *(.progmem.gcc*)
 .progmem.gcc_sw_table.irTransmit
                0x000001fc        0xe ../src/ir_comm.o
 .progmem.gcc_sw_table.irReceive
                0x0000020a        0xe ../src/ir_comm.o
 .progmem.gcc_fplib
                0x00000218       0x2d c:/program files (x86)/atmel/studio/7.0/toolchain/avr8/avr8-gnu-toolchain/bin/../lib/gcc/avr/5.4.0/../../../../avr/lib/avrxmega6\libm.a(atan.o)
 .progmem.gcc_fplib
                0x00000245       0x28 c:/program files (x86)/atmel/studio/7.0/toolchain/avr8/avr8-gnu-toolchain/bin/../lib/gcc/avr/5.4.0/../../../../avr/lib/avrxmega6\libm.a(exp.o)
 .progmem.gcc_fplib
                0x0000026d       0x1e c:/program files (x86)/atmel/studio/7.0/toolchain/avr8/avr8-gnu-toolchain/bin/../lib/gcc/avr/5.4.0/../../../../avr/lib/avrxmega6\libm.a(fp_sinus.o)
 .progmem.gcc_fplib
                0x0000028b       0x5a c:/program files (x86)/atmel/studio/7.0/toolchain/avr8/avr8-gnu-toolchain/bin/../lib/gcc/avr/5.4.0/../../../../avr/lib/avrxmega6\libm.a(log.o)
                0x000002e6                . = ALIGN (0x2)
 *fill*         0x000002e5        0x1 
                0x000002e6                __trampolines_start = .
 *(.trampolines)
 .trampolines   0x000002e6       0x68 linker stubs
 *(.trampolines*)
                0x0000034e                __trampolines_end = .
 *libprintf_flt.a:*(.progmem.data)
 .progmem.data  0x0000034e        0x8 c:/program files (x86)/atmel/studio/7.0/toolchain/avr8/avr8-gnu-toolchain/bin/../lib/gcc/avr/5.4.0/../../../../avr/lib/avrxmega6\libprintf_flt.a(vfprintf_flt.o)
 *libc.a:*(.progmem.data)
 .progmem.data  0x00000356       0xfa c:/program files (x86)/atmel/studio/7.0/toolchain/avr8/avr8-gnu-toolchain/bin/../lib/gcc/avr/5.4.0/../../../../avr/lib/avrxmega6\libc.a(ftoa_engine.o)
 *(.progmem*)
 .progmem.data.__c.5344
                0x00000450       0x28 ../src/droplet_init.o
 .progmem.data.__c.5338
                0x00000478       0x69 ../src/droplet_init.o
 .progmem.data.__c.5331
                0x000004e1       0x45 ../src/droplet_init.o
 .progmem.data.__c.4802
                0x00000526       0x15 ../src/i2c.o
 .progmem.data.__c.4769
                0x0000053b       0x17 ../src/i2c.o
 .progmem.data.__c.4767
                0x00000552       0x14 ../src/i2c.o
 .progmem.data.__c.5226
                0x00000566       0x6e ../src/ir_comm.o
 .progmem.data.__c.5224
                0x000005d4       0x57 ../src/ir_comm.o
 .progmem.data.__c.5222
                0x0000062b       0x39 ../src/ir_comm.o
 .progmem.data.__c.5145
                0x00000664       0x28 ../src/ir_comm.o
 .progmem.data.__c.5118
                0x0000068c       0x29 ../src/ir_comm.o
 .progmem.data.__c.4740
                0x000006b5       0x35 ../src/ir_led.o
 .progmem.data.__c.5112
                0x000006ea       0x2c ../src/ir_sensor.o
 .progmem.data.__c.4920
                0x00000716        0xa ../src/motor.o
 .progmem.data.__c.4917
                0x00000720       0x19 ../src/motor.o
 .progmem.data.__c.4904
                0x00000739        0xb ../src/motor.o
 .progmem.data.__c.4901
                0x00000744        0xf ../src/motor.o
 .progmem.data.__c.4856
                0x00000753       0x3e ../src/motor.o
 .progmem.data.__c.4852
                0x00000791       0x3a ../src/motor.o
 .progmem.data.__c.4845
                0x000007cb       0x2a ../src/motor.o
 .progmem.data.__c.4838
                0x000007f5       0x3a ../src/motor.o
 .progmem.data.__c.5065
                0x0000082f       0x43 ../src/pc_comm.o
 .progmem.data.__c.5223
                0x00000872       0x37 ../src/range_algs.o
 .progmem.data.__c.5119
                0x000008a9       0x21 ../src/range_algs.o
 .progmem.data.__c.4917
                0x000008ca       0x3e ../src/scheduler.o
 .progmem.data.__c.4912
                0x00000908       0x3d ../src/scheduler.o
 .progmem.data.__c.4897
                0x00000945       0x3b ../src/scheduler.o
 .progmem.data.__c.4892
                0x00000980       0x39 ../src/scheduler.o
 .progmem.data.__c.4876
                0x000009b9       0x3e ../src/scheduler.o
 .progmem.data.__c.4874
                0x000009f7       0x29 ../src/scheduler.o
 .progmem.data.__c.4848
                0x00000a20       0x41 ../src/scheduler.o
 .progmem.data.__c.4846
                0x00000a61       0x27 ../src/scheduler.o
 .progmem.data.__c.4832
                0x00000a88       0x30 ../src/scheduler.o
 .progmem.data.__c.4830
                0x00000ab8       0x59 ../src/scheduler.o
 .progmem.data.__c.4828
                0x00000b11       0x68 ../src/scheduler.o
 .progmem.data.__c.4791
                0x00000b79       0x61 ../src/scheduler.o
 .progmem.data.__c.4766
                0x00000bda       0x44 ../src/scheduler.o
 .progmem.data.__c.5548
                0x00000c1e       0x3d ../src/serial_handler.o
 .progmem.data.__c.5543
                0x00000c5b       0x34 ../src/serial_handler.o
 .progmem.data.__c.5534
                0x00000c8f       0x2c ../src/serial_handler.o
 .progmem.data.__c.5529
                0x00000cbb       0x11 ../src/serial_handler.o
 .progmem.data.__c.5497
                0x00000ccc       0x48 ../src/serial_handler.o
 .progmem.data.__c.5495
                0x00000d14       0x25 ../src/serial_handler.o
 .progmem.data.__c.5493
                0x00000d39       0x26 ../src/serial_handler.o
 .progmem.data.__c.5491
                0x00000d5f       0x25 ../src/serial_handler.o
 .progmem.data.__c.5489
                0x00000d84       0x1b ../src/serial_handler.o
 .progmem.data.__c.5486
                0x00000d9f       0x25 ../src/serial_handler.o
 .progmem.data.__c.5476
                0x00000dc4       0x3d ../src/serial_handler.o
 .progmem.data.__c.5474
                0x00000e01       0x25 ../src/serial_handler.o
 .progmem.data.__c.5472
                0x00000e26       0x26 ../src/serial_handler.o
 .progmem.data.__c.5470
                0x00000e4c       0x25 ../src/serial_handler.o
 .progmem.data.__c.5468
                0x00000e71       0x1b ../src/serial_handler.o
 .progmem.data.__c.5465
                0x00000e8c       0x25 ../src/serial_handler.o
 .progmem.data.__c.5446
                0x00000eb1       0x19 ../src/serial_handler.o
 .progmem.data.__c.5431
                0x00000eca       0x23 ../src/serial_handler.o
 .progmem.data.__c.5413
                0x00000eed        0x8 ../src/serial_handler.o
 .progmem.data.__c.5411
                0x00000ef5        0xd ../src/serial_handler.o
 .progmem.data.__c.5409
                0x00000f02       0x15 ../src/serial_handler.o
 .progmem.data.__c.5407
                0x00000f17       0x15 ../src/serial_handler.o
 .progmem.data.__c.5405
                0x00000f2c        0x6 ../src/serial_handler.o
 .progmem.data.__c.5403
                0x00000f32        0x6 ../src/serial_handler.o
 .progmem.data.__c.5401
                0x00000f38        0x4 ../src/serial_handler.o
 .progmem.data.__c.5399
                0x00000f3c        0x8 ../src/serial_handler.o
 .progmem.data.__c.5397
                0x00000f44        0x4 ../src/serial_handler.o
 .progmem.data.__c.5395
                0x00000f48        0x8 ../src/serial_handler.o
 .progmem.data.__c.5393
                0x00000f50        0x4 ../src/serial_handler.o
 .progmem.data.__c.5391
                0x00000f54        0xd ../src/serial_handler.o
 .progmem.data.__c.5389
                0x00000f61        0x7 ../src/serial_handler.o
 .progmem.data.__c.5387
                0x00000f68        0x8 ../src/serial_handler.o
 .progmem.data.__c.5385
                0x00000f70        0x6 ../src/serial_handler.o
 .progmem.data.__c.5383
                0x00000f76       0x12 ../src/serial_handler.o
 .progmem.data.__c.5381
                0x00000f88        0xb ../src/serial_handler.o
 .progmem.data.__c.5379
                0x00000f93        0xb ../src/serial_handler.o
 .progmem.data.__c.5377
                0x00000f9e        0xa ../src/serial_handler.o
 .progmem.data.__c.5375
                0x00000fa8        0x5 ../src/serial_handler.o
 .progmem.data.__c.5373
                0x00000fad        0x7 ../src/serial_handler.o
 .progmem.data.__c.5371
                0x00000fb4        0x8 ../src/serial_handler.o
 .progmem.data.__c.5369
                0x00000fbc        0x5 ../src/serial_handler.o
 .progmem.data.__c.5367
                0x00000fc1        0xb ../src/serial_handler.o
 .progmem.data.CMD_NOT_RECOGNIZED_STR
                0x00000fcc       0x22 ../src/serial_handler.o
 .progmem.data  0x00000fee       0x4d c:/program files (x86)/atmel/studio/7.0/toolchain/avr8/avr8-gnu-toolchain/bin/../lib/gcc/avr/5.4.0/../../../../avr/lib/avrxmega6\libscanf_flt.a(vfscanf_flt.o)
                0x0000103c                . = ALIGN (0x2)
 *fill*         0x0000103b        0x1 
 *(.jumptables)
 *(.jumptables*)
 *(.lowtext)
 *(.lowtext*)
                0x0000103c                __ctors_start = .
 *(.ctors)
                0x0000103c                __ctors_end = .
                0x0000103c                __dtors_start = .
 *(.dtors)
                0x0000103c                __dtors_end = .
 SORT(*)(.ctors)
 SORT(*)(.dtors)
 *(.init0)
 .init0         0x0000103c        0x0 C:/Program Files (x86)/Atmel/Studio/7.0/Packs/atmel/XMEGAA_DFP/1.1.68/gcc/dev/atxmega128a3u/avrxmega6/crtatxmega128a3u.o
                0x0000103c                __init
 *(.init0)
 *(.init1)
 *(.init1)
 *(.init2)
 .init2         0x0000103c       0x10 C:/Program Files (x86)/Atmel/Studio/7.0/Packs/atmel/XMEGAA_DFP/1.1.68/gcc/dev/atxmega128a3u/avrxmega6/crtatxmega128a3u.o
 *(.init2)
 *(.init3)
 *(.init3)
 *(.init4)
 .init4         0x0000104c       0x1a c:/program files (x86)/atmel/studio/7.0/toolchain/avr8/avr8-gnu-toolchain/bin/../lib/gcc/avr/5.4.0/avrxmega6\libgcc.a(_copy_data.o)
                0x0000104c                __do_copy_data
 .init4         0x00001066       0x10 c:/program files (x86)/atmel/studio/7.0/toolchain/avr8/avr8-gnu-toolchain/bin/../lib/gcc/avr/5.4.0/avrxmega6\libgcc.a(_clear_bss.o)
                0x00001066                __do_clear_bss
 *(.init4)
 *(.init5)
 *(.init5)
 *(.init6)
 *(.init6)
 *(.init7)
 *(.init7)
 *(.init8)
 *(.init8)
 *(.init9)
 .init9         0x00001076        0x8 C:/Program Files (x86)/Atmel/Studio/7.0/Packs/atmel/XMEGAA_DFP/1.1.68/gcc/dev/atxmega128a3u/avrxmega6/crtatxmega128a3u.o
 *(.init9)
 *(.text)
 .text          0x0000107e        0x4 C:/Program Files (x86)/Atmel/Studio/7.0/Packs/atmel/XMEGAA_DFP/1.1.68/gcc/dev/atxmega128a3u/avrxmega6/crtatxmega128a3u.o
                0x0000107e                __vector_38
                0x0000107e                __vector_104
                0x0000107e                __vector_22
                0x0000107e                __vector_67
                0x0000107e                __vector_1
                0x0000107e                __vector_32
                0x0000107e                __vector_75
                0x0000107e                __vector_71
                0x0000107e                __vector_34
                0x0000107e                __vector_77
                0x0000107e                __vector_102
                0x0000107e                __vector_24
                0x0000107e                __vector_12
                0x0000107e                __vector_55
                0x0000107e                __vector_69
                0x0000107e                __vector_81
                0x0000107e                __bad_interrupt
                0x0000107e                __vector_122
                0x0000107e                __vector_72
                0x0000107e                __vector_114
                0x0000107e                __vector_6
                0x0000107e                __vector_110
                0x0000107e                __vector_31
                0x0000107e                __vector_92
                0x0000107e                __vector_35
                0x0000107e                __vector_78
                0x0000107e                __vector_74
                0x0000107e                __vector_117
                0x0000107e                __vector_39
                0x0000107e                __vector_107
                0x0000107e                __vector_3
                0x0000107e                __vector_105
                0x0000107e                __vector_98
                0x0000107e                __vector_23
                0x0000107e                __vector_68
                0x0000107e                __vector_73
                0x0000107e                __vector_45
                0x0000107e                __vector_93
                0x0000107e                __vector_54
                0x0000107e                __vector_99
                0x0000107e                __vector_13
                0x0000107e                __vector_17
                0x0000107e                __vector_19
                0x0000107e                __vector_56
                0x0000107e                __vector_7
                0x0000107e                __vector_125
                0x0000107e                __vector_123
                0x0000107e                __vector_41
                0x0000107e                __vector_86
                0x0000107e                __vector_100
                0x0000107e                __vector_101
                0x0000107e                __vector_64
                0x0000107e                __vector_109
                0x0000107e                __vector_43
                0x0000107e                __vector_5
                0x0000107e                __vector_113
                0x0000107e                __vector_33
                0x0000107e                __vector_76
                0x0000107e                __vector_115
                0x0000107e                __vector_52
                0x0000107e                __vector_37
                0x0000107e                __vector_95
                0x0000107e                __vector_103
                0x0000107e                __vector_96
                0x0000107e                __vector_108
                0x0000107e                __vector_4
                0x0000107e                __vector_44
                0x0000107e                __vector_82
                0x0000107e                __vector_106
                0x0000107e                __vector_118
                0x0000107e                __vector_51
                0x0000107e                __vector_9
                0x0000107e                __vector_2
                0x0000107e                __vector_21
                0x0000107e                __vector_15
                0x0000107e                __vector_66
                0x0000107e                __vector_36
                0x0000107e                __vector_79
                0x0000107e                __vector_70
                0x0000107e                __vector_83
                0x0000107e                __vector_40
                0x0000107e                __vector_85
                0x0000107e                __vector_94
                0x0000107e                __vector_126
                0x0000107e                __vector_8
                0x0000107e                __vector_48
                0x0000107e                __vector_124
                0x0000107e                __vector_116
                0x0000107e                __vector_112
                0x0000107e                __vector_111
                0x0000107e                __vector_80
                0x0000107e                __vector_14
                0x0000107e                __vector_84
                0x0000107e                __vector_57
                0x0000107e                __vector_53
                0x0000107e                __vector_16
                0x0000107e                __vector_18
                0x0000107e                __vector_97
                0x0000107e                __vector_20
                0x0000107e                __vector_42
                0x0000107e                __vector_87
                0x0000107e                __vector_65
 .text          0x00001082       0x18 ../src/droplet_base_asm.o
                0x00001082                getTime
                0x0000109a                . = ALIGN (0x2)
 *(.text.*)
 .text.loop     0x0000109a        0x2 ../user_template.o
                0x0000109a                loop
 .text.handleMsg
                0x0000109c        0x2 ../user_template.o
                0x0000109c                handleMsg
 .text.delayMS  0x0000109e       0x4a ../src/droplet_base.o
                0x0000109e                delayMS
 .text.handle_reprogramming
                0x000010e8      0x2de ../src/droplet_init.o
                0x000010e8                handle_reprogramming
 .text.send_hex
                0x000013c6       0x2e ../src/droplet_init.o
                0x000013c6                send_hex
 .text.startupLightSequence
                0x000013f4       0xae ../src/droplet_init.o
                0x000013f4                startupLightSequence
 .text.startup.main
                0x000014a2      0x36a ../src/droplet_init.o
                0x000014a2                main
 .text.EEPROM_read_byte
                0x0000180c       0x32 ../src/eeprom_driver.o
                0x0000180c                EEPROM_read_byte
 .text.EEPROM_write_byte
                0x0000183e       0x56 ../src/eeprom_driver.o
                0x0000183e                EEPROM_write_byte
 .text.processObsQueue
                0x00001894      0x10c ../src/firefly_sync.o
                0x00001894                processObsQueue
 .text.sendPing
                0x000019a0       0x24 ../src/firefly_sync.o
                0x000019a0                sendPing
 .text.__vector_49
                0x000019c4       0x7c ../src/firefly_sync.o
                0x000019c4                __vector_49
 .text.__vector_50
                0x00001a40       0x5c ../src/firefly_sync.o
                0x00001a40                __vector_50
 .text.fireflySyncInit
                0x00001a9c       0x6e ../src/firefly_sync.o
                0x00001a9c                fireflySyncInit
 .text.__vector_47
                0x00001b0a      0x172 ../src/firefly_sync.o
                0x00001b0a                __vector_47
 .text.waitForTWIReady
                0x00001c7c       0xbe ../src/i2c.o
 .text.TWI_MasterWriteRead.part.0
                0x00001d3a       0x92 ../src/i2c.o
 .text.i2cInit  0x00001dcc       0x32 ../src/i2c.o
                0x00001dcc                i2cInit
 .text.twiWriteWrapper
                0x00001dfe       0x6a ../src/i2c.o
                0x00001dfe                twiWriteWrapper
 .text.__vector_46
                0x00001e68      0x126 ../src/i2c.o
                0x00001e68                __vector_46
 .text.irTransmitComplete
                0x00001f8e       0x5a ../src/ir_comm.o
 .text.handleCmdWrapper
                0x00001fe8       0x70 ../src/ir_comm.o
                0x00001fe8                handleCmdWrapper
 .text.irTransmit
                0x00002058      0x21e ../src/ir_comm.o
 .text.irCommInit
                0x00002276       0xd2 ../src/ir_comm.o
                0x00002276                irCommInit
 .text.send_msg
                0x00002348      0x242 ../src/ir_comm.o
                0x00002348                send_msg
 .text.waitForTransmission
                0x0000258a       0x4c ../src/ir_comm.o
                0x0000258a                waitForTransmission
 .text.irIsBusy
                0x000025d6       0xe4 ../src/ir_comm.o
                0x000025d6                irIsBusy
 .text.all_ir_sends
                0x000026ba      0x168 ../src/ir_comm.o
 .text.irTargetedCmd
                0x00002822        0xc ../src/ir_comm.o
                0x00002822                irTargetedCmd
 .text.irCmd    0x0000282e       0x10 ../src/ir_comm.o
                0x0000282e                irCmd
 .text.irTargetedSend
                0x0000283e        0xc ../src/ir_comm.o
                0x0000283e                irTargetedSend
 .text.irSend   0x0000284a       0x10 ../src/ir_comm.o
                0x0000284a                irSend
 .text.all_hp_ir_cmds
                0x0000285a       0xae ../src/ir_comm.o
 .text.hpIrTargetedCmd
                0x00002908        0x4 ../src/ir_comm.o
                0x00002908                hpIrTargetedCmd
 .text.irReceive
                0x0000290c      0x834 ../src/ir_comm.o
 .text.__vector_25
                0x00003140       0x52 ../src/ir_comm.o
                0x00003140                __vector_25
 .text.__vector_27
                0x00003192       0x52 ../src/ir_comm.o
                0x00003192                __vector_27
 .text.__vector_26
                0x000031e4       0x52 ../src/ir_comm.o
                0x000031e4                __vector_26
 .text.__vector_28
                0x00003236       0x52 ../src/ir_comm.o
                0x00003236                __vector_28
 .text.__vector_30
                0x00003288       0x52 ../src/ir_comm.o
                0x00003288                __vector_30
 .text.__vector_29
                0x000032da       0x52 ../src/ir_comm.o
                0x000032da                __vector_29
 .text.__vector_88
                0x0000332c       0x52 ../src/ir_comm.o
                0x0000332c                __vector_88
 .text.__vector_90
                0x0000337e       0x52 ../src/ir_comm.o
                0x0000337e                __vector_90
 .text.__vector_89
                0x000033d0       0x52 ../src/ir_comm.o
                0x000033d0                __vector_89
 .text.__vector_58
                0x00003422       0x52 ../src/ir_comm.o
                0x00003422                __vector_58
 .text.__vector_60
                0x00003474       0x52 ../src/ir_comm.o
                0x00003474                __vector_60
 .text.__vector_59
                0x000034c6       0x52 ../src/ir_comm.o
                0x000034c6                __vector_59
 .text.__vector_61
                0x00003518       0x52 ../src/ir_comm.o
                0x00003518                __vector_61
 .text.__vector_63
                0x0000356a       0x52 ../src/ir_comm.o
                0x0000356a                __vector_63
 .text.__vector_62
                0x000035bc       0x52 ../src/ir_comm.o
                0x000035bc                __vector_62
 .text.__vector_119
                0x0000360e       0x52 ../src/ir_comm.o
                0x0000360e                __vector_119
 .text.__vector_121
                0x00003660       0x52 ../src/ir_comm.o
                0x00003660                __vector_121
 .text.__vector_120
                0x000036b2       0x52 ../src/ir_comm.o
                0x000036b2                __vector_120
 .text.irLedInit
                0x00003704       0x7e ../src/ir_led.o
                0x00003704                irLedInit
 .text.irLedOn  0x00003782       0x6e ../src/ir_led.o
                0x00003782                irLedOn
 .text.irLedOff
                0x000037f0       0x5a ../src/ir_led.o
                0x000037f0                irLedOff
 .text.setAllirPowers
                0x0000384a       0xc6 ../src/ir_led.o
                0x0000384a                setAllirPowers
 .text.irSensorInit
                0x00003910       0x7e ../src/ir_sensor.o
                0x00003910                irSensorInit
 .text.getIrSensors
                0x0000398e      0x168 ../src/ir_sensor.o
                0x0000398e                getIrSensors
 .text.initIrBaselines
                0x00003af6        0xa ../src/ir_sensor.o
                0x00003af6                initIrBaselines
 .text.updateIrBaselines
                0x00003b00       0xb0 ../src/ir_sensor.o
                0x00003b00                updateIrBaselines
 .text.checkCollisionValues
                0x00003bb0      0x108 ../src/ir_sensor.o
                0x00003bb0                checkCollisionValues
 .text.checkCollisions
                0x00003cb8       0x60 ../src/ir_sensor.o
                0x00003cb8                checkCollisions
 .text.localizationInit
                0x00003d18       0xe4 ../src/localization.o
                0x00003d18                localizationInit
 .text.stopMove
                0x00003dfc       0x4a ../src/motor.o
                0x00003dfc                stopMove
 .text.moveSteps
                0x00003e46      0x2ec ../src/motor.o
                0x00003e46                moveSteps
 .text.walk     0x00004132       0xee ../src/motor.o
                0x00004132                walk
 .text.setMMperKilostep
                0x00004220       0x12 ../src/motor.o
                0x00004220                setMMperKilostep
 .text.readMotorSettings
                0x00004232       0x96 ../src/motor.o
                0x00004232                readMotorSettings
 .text.motorInit
                0x000042c8       0x74 ../src/motor.o
                0x000042c8                motorInit
 .text.writeMotorSettings
                0x0000433c       0x84 ../src/motor.o
                0x0000433c                writeMotorSettings
 .text.printMotorValues
                0x000043c0       0xb2 ../src/motor.o
                0x000043c0                printMotorValues
 .text.printDistPerStep
                0x00004472       0x68 ../src/motor.o
                0x00004472                printDistPerStep
 .text.nvm_flash_read_buffer
                0x000044da       0x2e ../src/nvm.o
                0x000044da                nvm_flash_read_buffer
 .text.nvm_flash_erase_and_write_buffer
                0x00004508      0x19e ../src/nvm.o
                0x00004508                nvm_flash_erase_and_write_buffer
 .text.pc_comm_putchar
                0x000046a6       0x12 ../src/pc_comm.o
 .text.pcCommInit
                0x000046b8       0x48 ../src/pc_comm.o
                0x000046b8                pcCommInit
 .text.__vector_91
                0x00004700      0x198 ../src/pc_comm.o
                0x00004700                __vector_91
 .text.powerInit
                0x00004898       0x42 ../src/power.o
                0x00004898                powerInit
 .text.randomInit
                0x000048da       0x92 ../src/random.o
                0x000048da                randomInit
 .text.randByte
                0x0000496c       0x44 ../src/random.o
                0x0000496c                randByte
 .text.randShort
                0x000049b0       0x1e ../src/random.o
                0x000049b0                randShort
 .text.magicRangeFunc
                0x000049ce       0x8a ../src/range_algs.o
 .text.rangeAlgsInit
                0x00004a58       0x46 ../src/range_algs.o
                0x00004a58                rangeAlgsInit
 .text.calculate_range
                0x00004a9e      0x3de ../src/range_algs.o
                0x00004a9e                calculate_range
 .text.calculate_error
                0x00004e7c      0x630 ../src/range_algs.o
                0x00004e7c                calculate_error
 .text.calculate_bearing_and_heading
                0x000054ac      0x23a ../src/range_algs.o
                0x000054ac                calculate_bearing_and_heading
 .text.useRnbData
                0x000056e6      0x526 ../src/range_algs.o
                0x000056e6                useRnbData
 .text.irRangeMeas
                0x00005c0c       0xee ../src/range_algs.o
                0x00005c0c                irRangeMeas
 .text.irRangeBlast
                0x00005cfa       0xde ../src/range_algs.o
                0x00005cfa                irRangeBlast
 .text.broadcastRnbData
                0x00005dd8       0xbe ../src/range_algs.o
                0x00005dd8                broadcastRnbData
 .text.rgbLEDinit
                0x00005e96       0x3c ../src/rgb_led.o
                0x00005e96                rgbLEDinit
 .text.ledOff   0x00005ed2       0x16 ../src/rgb_led.o
                0x00005ed2                ledOff
 .text.setRGB   0x00005ee8       0x1c ../src/rgb_led.o
                0x00005ee8                setRGB
 .text.hsvToRGB
                0x00005f04      0x364 ../src/rgb_led.o
                0x00005f04                hsvToRGB
 .text.setHSV   0x00006268       0x5c ../src/rgb_led.o
                0x00006268                setHSV
 .text.measFindMedian
                0x000062c4       0xba ../src/rgb_sensor.o
                0x000062c4                measFindMedian
 .text.getRedSensor
                0x0000637e       0x6c ../src/rgb_sensor.o
                0x0000637e                getRedSensor
 .text.getGreenSensor
                0x000063ea       0x6c ../src/rgb_sensor.o
                0x000063ea                getGreenSensor
 .text.getBlueSensor
                0x00006456       0x6c ../src/rgb_sensor.o
                0x00006456                getBlueSensor
 .text.rgbSensorInit
                0x000064c2       0xa6 ../src/rgb_sensor.o
                0x000064c2                rgbSensorInit
 .text.getRGB   0x00006568       0x88 ../src/rgb_sensor.o
                0x00006568                getRGB
 .text.scheduler_free
                0x000065f0       0x64 ../src/scheduler.o
 .text.schedulerInit
                0x00006654       0x84 ../src/scheduler.o
                0x00006654                schedulerInit
 .text.taskListCleanup
                0x000066d8       0xea ../src/scheduler.o
                0x000066d8                taskListCleanup
 .text.removeTask
                0x000067c2       0x96 ../src/scheduler.o
                0x000067c2                removeTask
 .text.printTaskQueue
                0x00006858       0xc8 ../src/scheduler.o
                0x00006858                printTaskQueue
 .text.add_task_to_list
                0x00006920      0x1a2 ../src/scheduler.o
 .text.schedule_task_absolute_time
                0x00006ac2       0xfe ../src/scheduler.o
 .text.scheduleTask
                0x00006bc0       0x72 ../src/scheduler.o
                0x00006bc0                scheduleTask
 .text.schedulePeriodicTask
                0x00006c32       0x6e ../src/scheduler.o
                0x00006c32                schedulePeriodicTask
 .text.__vector_11
                0x00006ca0      0x3e8 ../src/scheduler.o
                0x00006ca0                __vector_11
 .text.__vector_10
                0x00007088      0x15c ../src/scheduler.o
                0x00007088                __vector_10
 .text.sendID   0x000071e4       0x5a ../src/serial_handler.o
                0x000071e4                sendID
 .text.handleSerialCommand
                0x0000723e      0xb5c ../src/serial_handler.o
                0x0000723e                handleSerialCommand
 .text.avr-libc
                0x00007d9a      0x740 c:/program files (x86)/atmel/studio/7.0/toolchain/avr8/avr8-gnu-toolchain/bin/../lib/gcc/avr/5.4.0/../../../../avr/lib/avrxmega6\libprintf_flt.a(vfprintf_flt.o)
                0x00007d9a                vfprintf
 .text.avr-libc
                0x000084da      0x89a c:/program files (x86)/atmel/studio/7.0/toolchain/avr8/avr8-gnu-toolchain/bin/../lib/gcc/avr/5.4.0/../../../../avr/lib/avrxmega6\libscanf_flt.a(vfscanf_flt.o)
                0x00008aec                vfscanf
 .text.avr-libc.fplib
                0x00008d74        0xe c:/program files (x86)/atmel/studio/7.0/toolchain/avr8/avr8-gnu-toolchain/bin/../lib/gcc/avr/5.4.0/../../../../avr/lib/avrxmega6\libm.a(addsf3.o)
                0x00008d74                __subsf3
                0x00008d76                __addsf3
 .text.avr-libc.fplib
                0x00008d82       0xcc c:/program files (x86)/atmel/studio/7.0/toolchain/avr8/avr8-gnu-toolchain/bin/../lib/gcc/avr/5.4.0/../../../../avr/lib/avrxmega6\libm.a(addsf3x.o)
                0x00008da4                __addsf3x
 .text.avr-libc.fplib
                0x00008e4e       0x86 c:/program files (x86)/atmel/studio/7.0/toolchain/avr8/avr8-gnu-toolchain/bin/../lib/gcc/avr/5.4.0/../../../../avr/lib/avrxmega6\libm.a(atan2.o)
                0x00008e74                atan2
 .text.avr-libc.fplib
                0x00008ed4       0x5e c:/program files (x86)/atmel/studio/7.0/toolchain/avr8/avr8-gnu-toolchain/bin/../lib/gcc/avr/5.4.0/../../../../avr/lib/avrxmega6\libm.a(atan.o)
                0x00008ed4                atan
 .text.avr-libc.fplib
                0x00008f32        0xa c:/program files (x86)/atmel/studio/7.0/toolchain/avr8/avr8-gnu-toolchain/bin/../lib/gcc/avr/5.4.0/../../../../avr/lib/avrxmega6\libm.a(cmpsf2.o)
                0x00008f32                __nesf2
                0x00008f32                __eqsf2
                0x00008f32                __cmpsf2
                0x00008f32                __ltsf2
                0x00008f32                __lesf2
 .text.avr-libc.fplib
                0x00008f3c        0xa c:/program files (x86)/atmel/studio/7.0/toolchain/avr8/avr8-gnu-toolchain/bin/../lib/gcc/avr/5.4.0/../../../../avr/lib/avrxmega6\libm.a(cos.o)
                0x00008f3c                cos
 .text.avr-libc.fplib
                0x00008f46        0x8 c:/program files (x86)/atmel/studio/7.0/toolchain/avr8/avr8-gnu-toolchain/bin/../lib/gcc/avr/5.4.0/../../../../avr/lib/avrxmega6\libm.a(divsf3.o)
                0x00008f46                __divsf3
 .text.avr-libc.fplib
                0x00008f4e       0xdc c:/program files (x86)/atmel/studio/7.0/toolchain/avr8/avr8-gnu-toolchain/bin/../lib/gcc/avr/5.4.0/../../../../avr/lib/avrxmega6\libm.a(divsf3x.o)
                0x00008f6e                __divsf3x
                0x00008f74                __divsf3_pse
 .text.avr-libc.fplib
                0x0000902a       0x74 c:/program files (x86)/atmel/studio/7.0/toolchain/avr8/avr8-gnu-toolchain/bin/../lib/gcc/avr/5.4.0/../../../../avr/lib/avrxmega6\libm.a(exp.o)
                0x0000903a                exp
 .text.avr-libc.fplib
                0x0000909e        0xe c:/program files (x86)/atmel/studio/7.0/toolchain/avr8/avr8-gnu-toolchain/bin/../lib/gcc/avr/5.4.0/../../../../avr/lib/avrxmega6\libm.a(fixsfsi.o)
                0x0000909e                __fixsfsi
 .text.avr-libc.fplib
                0x000090ac       0x5e c:/program files (x86)/atmel/studio/7.0/toolchain/avr8/avr8-gnu-toolchain/bin/../lib/gcc/avr/5.4.0/../../../../avr/lib/avrxmega6\libm.a(fixunssfsi.o)
                0x000090ac                __fixunssfsi
 .text.avr-libc.fplib
                0x0000910a       0x7a c:/program files (x86)/atmel/studio/7.0/toolchain/avr8/avr8-gnu-toolchain/bin/../lib/gcc/avr/5.4.0/../../../../avr/lib/avrxmega6\libm.a(floatsisf.o)
                0x0000910a                __floatunsisf
                0x0000910e                __floatsisf
 .text.avr-libc.fplib
                0x00009184       0xa8 c:/program files (x86)/atmel/studio/7.0/toolchain/avr8/avr8-gnu-toolchain/bin/../lib/gcc/avr/5.4.0/../../../../avr/lib/avrxmega6\libm.a(fmod.o)
                0x0000919a                fmod
 .text.avr-libc.fplib
                0x0000922c       0x48 c:/program files (x86)/atmel/studio/7.0/toolchain/avr8/avr8-gnu-toolchain/bin/../lib/gcc/avr/5.4.0/../../../../avr/lib/avrxmega6\libm.a(fp_cmp.o)
                0x0000922c                __fp_cmp
 .text.avr-libc.fplib
                0x00009274        0xc c:/program files (x86)/atmel/studio/7.0/toolchain/avr8/avr8-gnu-toolchain/bin/../lib/gcc/avr/5.4.0/../../../../avr/lib/avrxmega6\libm.a(fp_inf.o)
                0x00009274                __fp_inf
 .text.avr-libc.fplib
                0x00009280       0x1c c:/program files (x86)/atmel/studio/7.0/toolchain/avr8/avr8-gnu-toolchain/bin/../lib/gcc/avr/5.4.0/../../../../avr/lib/avrxmega6\libm.a(fp_mpack.o)
                0x00009280                __fp_mpack
                0x00009284                __fp_mpack_finite
 .text.avr-libc.fplib
                0x0000929c        0x6 c:/program files (x86)/atmel/studio/7.0/toolchain/avr8/avr8-gnu-toolchain/bin/../lib/gcc/avr/5.4.0/../../../../avr/lib/avrxmega6\libm.a(fp_nan.o)
                0x0000929c                __fp_nan
 .text.avr-libc.fplib
                0x000092a2       0x4e c:/program files (x86)/atmel/studio/7.0/toolchain/avr8/avr8-gnu-toolchain/bin/../lib/gcc/avr/5.4.0/../../../../avr/lib/avrxmega6\libm.a(fp_powser.o)
                0x000092a2                __fp_powser
 .text.avr-libc.fplib
                0x000092f0        0xe c:/program files (x86)/atmel/studio/7.0/toolchain/avr8/avr8-gnu-toolchain/bin/../lib/gcc/avr/5.4.0/../../../../avr/lib/avrxmega6\libm.a(fp_pscA.o)
                0x000092f0                __fp_pscA
 .text.avr-libc.fplib
                0x000092fe        0xe c:/program files (x86)/atmel/studio/7.0/toolchain/avr8/avr8-gnu-toolchain/bin/../lib/gcc/avr/5.4.0/../../../../avr/lib/avrxmega6\libm.a(fp_pscB.o)
                0x000092fe                __fp_pscB
 .text.avr-libc.fplib
                0x0000930c       0x56 c:/program files (x86)/atmel/studio/7.0/toolchain/avr8/avr8-gnu-toolchain/bin/../lib/gcc/avr/5.4.0/../../../../avr/lib/avrxmega6\libm.a(fp_rempio2.o)
                0x00009310                __fp_rempio2
 .text.avr-libc.fplib
                0x00009362       0x22 c:/program files (x86)/atmel/studio/7.0/toolchain/avr8/avr8-gnu-toolchain/bin/../lib/gcc/avr/5.4.0/../../../../avr/lib/avrxmega6\libm.a(fp_round.o)
                0x00009362                __fp_round
 .text.avr-libc.fplib
                0x00009384       0x28 c:/program files (x86)/atmel/studio/7.0/toolchain/avr8/avr8-gnu-toolchain/bin/../lib/gcc/avr/5.4.0/../../../../avr/lib/avrxmega6\libm.a(fp_sinus.o)
                0x00009384                __fp_sinus
 .text.avr-libc.fplib
                0x000093ac       0x44 c:/program files (x86)/atmel/studio/7.0/toolchain/avr8/avr8-gnu-toolchain/bin/../lib/gcc/avr/5.4.0/../../../../avr/lib/avrxmega6\libm.a(fp_split3.o)
                0x000093ac                __fp_split3
                0x000093bc                __fp_splitA
 .text.avr-libc.fplib
                0x000093f0        0xe c:/program files (x86)/atmel/studio/7.0/toolchain/avr8/avr8-gnu-toolchain/bin/../lib/gcc/avr/5.4.0/../../../../avr/lib/avrxmega6\libm.a(fp_zero.o)
                0x000093f0                __fp_zero
                0x000093f2                __fp_szero
 .text.avr-libc.fplib
                0x000093fe        0xa c:/program files (x86)/atmel/studio/7.0/toolchain/avr8/avr8-gnu-toolchain/bin/../lib/gcc/avr/5.4.0/../../../../avr/lib/avrxmega6\libm.a(gesf2.o)
                0x000093fe                __gesf2
                0x000093fe                __gtsf2
 .text.avr-libc.fplib
                0x00009408       0x10 c:/program files (x86)/atmel/studio/7.0/toolchain/avr8/avr8-gnu-toolchain/bin/../lib/gcc/avr/5.4.0/../../../../avr/lib/avrxmega6\libm.a(inverse.o)
                0x00009408                inverse
 .text.avr-libc.fplib
                0x00009418       0x74 c:/program files (x86)/atmel/studio/7.0/toolchain/avr8/avr8-gnu-toolchain/bin/../lib/gcc/avr/5.4.0/../../../../avr/lib/avrxmega6\libm.a(ldexp.o)
                0x00009420                ldexp
 .text.avr-libc.fplib
                0x0000948c       0xa0 c:/program files (x86)/atmel/studio/7.0/toolchain/avr8/avr8-gnu-toolchain/bin/../lib/gcc/avr/5.4.0/../../../../avr/lib/avrxmega6\libm.a(log.o)
                0x0000949c                log
 .text.avr-libc.fplib
                0x0000952c       0x68 c:/program files (x86)/atmel/studio/7.0/toolchain/avr8/avr8-gnu-toolchain/bin/../lib/gcc/avr/5.4.0/../../../../avr/lib/avrxmega6\libm.a(modf.o)
                0x0000952c                modf
                0x0000952c                modff
 .text.avr-libc.fplib
                0x00009594        0x8 c:/program files (x86)/atmel/studio/7.0/toolchain/avr8/avr8-gnu-toolchain/bin/../lib/gcc/avr/5.4.0/../../../../avr/lib/avrxmega6\libm.a(mulsf3.o)
                0x00009594                __mulsf3
 .text.avr-libc.fplib
                0x0000959c       0xd2 c:/program files (x86)/atmel/studio/7.0/toolchain/avr8/avr8-gnu-toolchain/bin/../lib/gcc/avr/5.4.0/../../../../avr/lib/avrxmega6\libm.a(mulsf3x.o)
                0x000095ba                __mulsf3x
                0x000095c0                __mulsf3_pse
 .text.avr-libc.fplib
                0x0000966e       0xa0 c:/program files (x86)/atmel/studio/7.0/toolchain/avr8/avr8-gnu-toolchain/bin/../lib/gcc/avr/5.4.0/../../../../avr/lib/avrxmega6\libm.a(pow.o)
                0x0000966e                pow
 .text.avr-libc.fplib
                0x0000970e       0x10 c:/program files (x86)/atmel/studio/7.0/toolchain/avr8/avr8-gnu-toolchain/bin/../lib/gcc/avr/5.4.0/../../../../avr/lib/avrxmega6\libm.a(sin.o)
                0x0000970e                sin
 .text.avr-libc.fplib
                0x0000971e        0x8 c:/program files (x86)/atmel/studio/7.0/toolchain/avr8/avr8-gnu-toolchain/bin/../lib/gcc/avr/5.4.0/../../../../avr/lib/avrxmega6\libm.a(square.o)
                0x0000971e                square
 .text.avr-libc.fplib
                0x00009726        0xa c:/program files (x86)/atmel/studio/7.0/toolchain/avr8/avr8-gnu-toolchain/bin/../lib/gcc/avr/5.4.0/../../../../avr/lib/avrxmega6\libm.a(unordsf2.o)
                0x00009726                __unordsf2
 .text.avr-libc.fplib
                0x00009730       0x28 c:/program files (x86)/atmel/studio/7.0/toolchain/avr8/avr8-gnu-toolchain/bin/../lib/gcc/avr/5.4.0/../../../../avr/lib/avrxmega6\libm.a(fp_powsodd.o)
                0x00009730                __fp_powsodd
 .text.libgcc.mul
                0x00009758       0x20 c:/program files (x86)/atmel/studio/7.0/toolchain/avr8/avr8-gnu-toolchain/bin/../lib/gcc/avr/5.4.0/avrxmega6\libgcc.a(_mulsi3.o)
                0x00009758                __mulsi3
 .text.libgcc.div
                0x00009778       0x28 c:/program files (x86)/atmel/studio/7.0/toolchain/avr8/avr8-gnu-toolchain/bin/../lib/gcc/avr/5.4.0/avrxmega6\libgcc.a(_udivmodhi4.o)
                0x00009778                __udivmodhi4
 .text.libgcc.div
                0x000097a0       0x28 c:/program files (x86)/atmel/studio/7.0/toolchain/avr8/avr8-gnu-toolchain/bin/../lib/gcc/avr/5.4.0/avrxmega6\libgcc.a(_divmodhi4.o)
                0x000097a0                _div
                0x000097a0                __divmodhi4
 .text.libgcc.div
                0x000097c8       0x44 c:/program files (x86)/atmel/studio/7.0/toolchain/avr8/avr8-gnu-toolchain/bin/../lib/gcc/avr/5.4.0/avrxmega6\libgcc.a(_udivmodsi4.o)
                0x000097c8                __udivmodsi4
 .text.libgcc   0x0000980c       0x10 c:/program files (x86)/atmel/studio/7.0/toolchain/avr8/avr8-gnu-toolchain/bin/../lib/gcc/avr/5.4.0/avrxmega6\libgcc.a(_tablejump2.o)
                0x0000980c                __tablejump2__
 .text.libgcc.mul
                0x0000981c       0x1e c:/program files (x86)/atmel/studio/7.0/toolchain/avr8/avr8-gnu-toolchain/bin/../lib/gcc/avr/5.4.0/avrxmega6\libgcc.a(_umulhisi3.o)
                0x0000981c                __umulhisi3
 .text.libgcc.mul
                0x0000983a       0x16 c:/program files (x86)/atmel/studio/7.0/toolchain/avr8/avr8-gnu-toolchain/bin/../lib/gcc/avr/5.4.0/avrxmega6\libgcc.a(_muluhisi3.o)
                0x0000983a                __muluhisi3
 .text.avr-libc
                0x00009850      0x242 c:/program files (x86)/atmel/studio/7.0/toolchain/avr8/avr8-gnu-toolchain/bin/../lib/gcc/avr/5.4.0/../../../../avr/lib/avrxmega6\libc.a(malloc.o)
                0x00009850                malloc
                0x00009980                free
 .text.avr-libc
                0x00009a92      0x21a c:/program files (x86)/atmel/studio/7.0/toolchain/avr8/avr8-gnu-toolchain/bin/../lib/gcc/avr/5.4.0/../../../../avr/lib/avrxmega6\libc.a(strtoul.o)
                0x00009a92                strtoul
 .text.avr-libc
                0x00009cac       0x3c c:/program files (x86)/atmel/studio/7.0/toolchain/avr8/avr8-gnu-toolchain/bin/../lib/gcc/avr/5.4.0/../../../../avr/lib/avrxmega6\libc.a(atoi.o)
                0x00009cac                atoi
 .text.avr-libc
                0x00009ce8      0x1b0 c:/program files (x86)/atmel/studio/7.0/toolchain/avr8/avr8-gnu-toolchain/bin/../lib/gcc/avr/5.4.0/../../../../avr/lib/avrxmega6\libc.a(ftoa_engine.o)
                0x00009ce8                __ftoa_engine
 .text.avr-libc
                0x00009e98       0x12 c:/program files (x86)/atmel/studio/7.0/toolchain/avr8/avr8-gnu-toolchain/bin/../lib/gcc/avr/5.4.0/../../../../avr/lib/avrxmega6\libc.a(isspace.o)
                0x00009e98                isspace
 .text.avr-libc
                0x00009eaa       0x10 c:/program files (x86)/atmel/studio/7.0/toolchain/avr8/avr8-gnu-toolchain/bin/../lib/gcc/avr/5.4.0/../../../../avr/lib/avrxmega6\libc.a(tolower.o)
                0x00009eaa                tolower
 .text.avr-libc
                0x00009eba       0x16 c:/program files (x86)/atmel/studio/7.0/toolchain/avr8/avr8-gnu-toolchain/bin/../lib/gcc/avr/5.4.0/../../../../avr/lib/avrxmega6\libc.a(strchr_P.o)
                0x00009eba                strchr_P
 .text.avr-libc
                0x00009ed0       0x12 c:/program files (x86)/atmel/studio/7.0/toolchain/avr8/avr8-gnu-toolchain/bin/../lib/gcc/avr/5.4.0/../../../../avr/lib/avrxmega6\libc.a(strcmp_P.o)
                0x00009ed0                strcmp_P
 .text.avr-libc
                0x00009ee2       0x16 c:/program files (x86)/atmel/studio/7.0/toolchain/avr8/avr8-gnu-toolchain/bin/../lib/gcc/avr/5.4.0/../../../../avr/lib/avrxmega6\libc.a(strnlen_P.o)
                0x00009ee2                strnlen_P
 .text.avr-libc
                0x00009ef8        0x8 c:/program files (x86)/atmel/studio/7.0/toolchain/avr8/avr8-gnu-toolchain/bin/../lib/gcc/avr/5.4.0/../../../../avr/lib/avrxmega6\libc.a(strtok.o)
                0x00009ef8                strtok
 .text.avr-libc
                0x00009f00       0x12 c:/program files (x86)/atmel/studio/7.0/toolchain/avr8/avr8-gnu-toolchain/bin/../lib/gcc/avr/5.4.0/../../../../avr/lib/avrxmega6\libc.a(memcpy.o)
                0x00009f00                memcpy
 .text.avr-libc
                0x00009f12       0x12 c:/program files (x86)/atmel/studio/7.0/toolchain/avr8/avr8-gnu-toolchain/bin/../lib/gcc/avr/5.4.0/../../../../avr/lib/avrxmega6\libc.a(strcmp.o)
                0x00009f12                strcmp
 .text.avr-libc
                0x00009f24        0xe c:/program files (x86)/atmel/studio/7.0/toolchain/avr8/avr8-gnu-toolchain/bin/../lib/gcc/avr/5.4.0/../../../../avr/lib/avrxmega6\libc.a(strcpy.o)
                0x00009f24                strcpy
 .text.avr-libc
                0x00009f32       0x1e c:/program files (x86)/atmel/studio/7.0/toolchain/avr8/avr8-gnu-toolchain/bin/../lib/gcc/avr/5.4.0/../../../../avr/lib/avrxmega6\libc.a(strcspn.o)
                0x00009f32                strcspn
 .text.avr-libc
                0x00009f50       0x1e c:/program files (x86)/atmel/studio/7.0/toolchain/avr8/avr8-gnu-toolchain/bin/../lib/gcc/avr/5.4.0/../../../../avr/lib/avrxmega6\libc.a(strncpy.o)
                0x00009f50                strncpy
 .text.avr-libc
                0x00009f6e       0x16 c:/program files (x86)/atmel/studio/7.0/toolchain/avr8/avr8-gnu-toolchain/bin/../lib/gcc/avr/5.4.0/../../../../avr/lib/avrxmega6\libc.a(strnlen.o)
                0x00009f6e                strnlen
 .text.avr-libc
                0x00009f84       0x4e c:/program files (x86)/atmel/studio/7.0/toolchain/avr8/avr8-gnu-toolchain/bin/../lib/gcc/avr/5.4.0/../../../../avr/lib/avrxmega6\libc.a(strtok_r.o)
                0x00009f84                strtok_r
 .text.avr-libc
                0x00009fd2       0x10 c:/program files (x86)/atmel/studio/7.0/toolchain/avr8/avr8-gnu-toolchain/bin/../lib/gcc/avr/5.4.0/../../../../avr/lib/avrxmega6\libc.a(mul10.o)
                0x00009fd2                __mulhi_const_10
 .text.avr-libc
                0x00009fe2       0x7c c:/program files (x86)/atmel/studio/7.0/toolchain/avr8/avr8-gnu-toolchain/bin/../lib/gcc/avr/5.4.0/../../../../avr/lib/avrxmega6\libc.a(fgetc.o)
                0x00009fe2                fgetc
 .text.avr-libc
                0x0000a05e       0x78 c:/program files (x86)/atmel/studio/7.0/toolchain/avr8/avr8-gnu-toolchain/bin/../lib/gcc/avr/5.4.0/../../../../avr/lib/avrxmega6\libc.a(fputc.o)
                0x0000a05e                fputc
 .text.avr-libc
                0x0000a0d6       0x28 c:/program files (x86)/atmel/studio/7.0/toolchain/avr8/avr8-gnu-toolchain/bin/../lib/gcc/avr/5.4.0/../../../../avr/lib/avrxmega6\libc.a(printf.o)
                0x0000a0d6                printf
 .text.avr-libc
                0x0000a0fe       0x50 c:/program files (x86)/atmel/studio/7.0/toolchain/avr8/avr8-gnu-toolchain/bin/../lib/gcc/avr/5.4.0/../../../../avr/lib/avrxmega6\libc.a(printf_p.o)
                0x0000a0fe                printf_P
 .text.avr-libc
                0x0000a14e        0xc c:/program files (x86)/atmel/studio/7.0/toolchain/avr8/avr8-gnu-toolchain/bin/../lib/gcc/avr/5.4.0/../../../../avr/lib/avrxmega6\libc.a(putchar.o)
                0x0000a14e                putchar
 .text.avr-libc
                0x0000a15a       0x60 c:/program files (x86)/atmel/studio/7.0/toolchain/avr8/avr8-gnu-toolchain/bin/../lib/gcc/avr/5.4.0/../../../../avr/lib/avrxmega6\libc.a(puts.o)
                0x0000a15a                puts
 .text.avr-libc
                0x0000a1ba       0x52 c:/program files (x86)/atmel/studio/7.0/toolchain/avr8/avr8-gnu-toolchain/bin/../lib/gcc/avr/5.4.0/../../../../avr/lib/avrxmega6\libc.a(sprintf.o)
                0x0000a1ba                sprintf
 .text.avr-libc
                0x0000a20c       0x32 c:/program files (x86)/atmel/studio/7.0/toolchain/avr8/avr8-gnu-toolchain/bin/../lib/gcc/avr/5.4.0/../../../../avr/lib/avrxmega6\libc.a(ungetc.o)
                0x0000a20c                ungetc
 .text.avr-libc
                0x0000a23e       0xbc c:/program files (x86)/atmel/studio/7.0/toolchain/avr8/avr8-gnu-toolchain/bin/../lib/gcc/avr/5.4.0/../../../../avr/lib/avrxmega6\libc.a(ultoa_invert.o)
                0x0000a23e                __ultoa_invert
 .text.avr-libc
                0x0000a2fa        0x6 c:/program files (x86)/atmel/studio/7.0/toolchain/avr8/avr8-gnu-toolchain/bin/../lib/gcc/avr/5.4.0/../../../../avr/lib/avrxmega6\libc.a(cty_isfalse.o)
                0x0000a2fa                __ctype_isfalse
                0x0000a2fe                __ctype_istrue
                0x0000a300                . = ALIGN (0x2)
 *(.fini9)
 .fini9         0x0000a300        0x0 c:/program files (x86)/atmel/studio/7.0/toolchain/avr8/avr8-gnu-toolchain/bin/../lib/gcc/avr/5.4.0/avrxmega6\libgcc.a(_exit.o)
                0x0000a300                _exit
                0x0000a300                exit
 *(.fini9)
 *(.fini8)
 *(.fini8)
 *(.fini7)
 *(.fini7)
 *(.fini6)
 *(.fini6)
 *(.fini5)
 *(.fini5)
 *(.fini4)
 *(.fini4)
 *(.fini3)
 *(.fini3)
 *(.fini2)
 *(.fini2)
 *(.fini1)
 *(.fini1)
 *(.fini0)
 .fini0         0x0000a300        0x4 c:/program files (x86)/atmel/studio/7.0/toolchain/avr8/avr8-gnu-toolchain/bin/../lib/gcc/avr/5.4.0/avrxmega6\libgcc.a(_exit.o)
 *(.fini0)
                0x0000a304                _etext = .

.data           0x00802000      0x2dc load address 0x0000a304
                0x00802000                PROVIDE (__data_start, .)
 *(.data)
 .data          0x00802000        0x6 c:/program files (x86)/atmel/studio/7.0/toolchain/avr8/avr8-gnu-toolchain/bin/../lib/gcc/avr/5.4.0/../../../../avr/lib/avrxmega6\libc.a(malloc.o)
                0x00802000                __malloc_heap_end
                0x00802002                __malloc_heap_start
                0x00802004                __malloc_margin
 *(.data*)
 .data.channel  0x00802006        0xc ../src/ir_led.o
                0x00802006                channel
 .data.mystdout
                0x00802012        0xe ../src/pc_comm.o
 *(.rodata)
 .rodata        0x00802020       0x40 ../src/droplet_init.o
 *(.rodata*)
 .rodata.str1.1
                0x00802060       0x8f ../src/droplet_init.o
                                 0x91 (size before relaxing)
 .rodata.str1.1
                0x008020ef        0x7 ../src/ir_comm.o
                                  0x9 (size before relaxing)
 .rodata.ir_carrier_bm
                0x008020f6        0x6 ../src/ir_comm.o
 .rodata.str1.1
                0x008020fc        0x7 ../src/ir_led.o
                                  0x8 (size before relaxing)
 .rodata.uart_ch
                0x00802103        0xc ../src/ir_led.o
 .rodata.tx_pins
                0x0080210f        0x6 ../src/ir_led.o
 .rodata.carrier_wave_pins
                0x00802115        0x6 ../src/ir_led.o
 .rodata.mux_sensor_selectors
                0x0080211b        0x6 ../src/ir_sensor.o
                0x0080211b                mux_sensor_selectors
 .rodata.SEED_POS
                0x00802121       0x18 ../src/localization.o
                0x00802121                SEED_POS
 .rodata.str1.1
                0x00802139        0x4 ../src/motor.o
                                  0x6 (size before relaxing)
 .rodata.str1.1
                0x0080213d       0x18 ../src/nvm.o
 .rodata.str1.1
                0x00802155        0x4 ../src/pc_comm.o
                                  0x6 (size before relaxing)
 .rodata.headingBasis
                0x00802159       0x30 ../src/range_algs.o
 .rodata.hats   0x00802189       0x30 ../src/range_algs.o
 .rodata.bearingBasis
                0x008021b9       0x30 ../src/range_algs.o
 .rodata.str1.1
                0x008021e9       0xbd ../src/scheduler.o
 .rodata.str1.1
                0x008022a6       0x35 ../src/serial_handler.o
                                 0x39 (size before relaxing)
 *(.gnu.linkonce.d*)
                0x008022dc                . = ALIGN (0x2)
 *fill*         0x008022db        0x1 
                0x008022dc                _edata = .
                0x008022dc                PROVIDE (__data_end, .)

.bss            0x008022dc      0x3bf
                0x008022dc                PROVIDE (__bss_start, .)
 *(.bss)
 .bss           0x008022dc        0x2 c:/program files (x86)/atmel/studio/7.0/toolchain/avr8/avr8-gnu-toolchain/bin/../lib/gcc/avr/5.4.0/../../../../avr/lib/avrxmega6\libc.a(strtok.o)
 *(.bss*)
 .bss.flashBufferPos
                0x008022de        0x1 ../src/droplet_init.o
                0x008022de                flashBufferPos
 .bss.ffsync_blink_dur
                0x008022df        0x2 ../src/firefly_sync.o
 .bss.ffsync_blink_prev_b
                0x008022e1        0x1 ../src/firefly_sync.o
 .bss.ffsync_blink_prev_g
                0x008022e2        0x1 ../src/firefly_sync.o
 .bss.ffsync_blink_prev_r
                0x008022e3        0x1 ../src/firefly_sync.o
 .bss.ffsync_blink_b
                0x008022e4        0x1 ../src/firefly_sync.o
 .bss.ffsync_blink_g
                0x008022e5        0x1 ../src/firefly_sync.o
 .bss.ffsync_blink_r
                0x008022e6        0x1 ../src/firefly_sync.o
 .bss.next_byte
                0x008022e7        0x1 ../src/ir_comm.o
 .bss.cmdBuffer
                0x008022e8       0x40 ../src/ir_comm.o
 .bss.cmdLength
                0x00802328        0x2 ../src/ir_comm.o
 .bss.processingFFsyncFlag
                0x0080232a        0x1 ../src/ir_comm.o
 .bss.processingCmdFlag
                0x0080232b        0x1 ../src/ir_comm.o
 .bss.saved_usart_ctrlb_vals
                0x0080232c        0x6 ../src/ir_led.o
 .bss.ir_sense_baseline
                0x00802332        0xc ../src/ir_sensor.o
 .bss.motor_off_time
                0x0080233e        0x2 ../src/motor.o
 .bss.motor_on_time
                0x00802340        0x2 ../src/motor.o
 .bss.current_motor_task
                0x00802342        0x2 ../src/motor.o
 .bss.motor_status
                0x00802344        0x1 ../src/motor.o
 .bss.serial_in_index
                0x00802345        0x2 ../src/pc_comm.o
 .bss.escaped_arrow
                0x00802347        0x1 ../src/pc_comm.o
 .bss.escaped   0x00802348        0x1 ../src/pc_comm.o
 .bss.serial_in_buffer
                0x00802349       0x40 ../src/pc_comm.o
 .bss.randNormHasSaved
                0x00802389        0x1 ../src/random.o
 .bss.r_position
                0x0080238a        0x1 ../src/random.o
 .bss.r_round   0x0080238b        0x1 ../src/random.o
 .bss.brightMeas
                0x0080238c       0x48 ../src/range_algs.o
 .bss.sensorHealthHistory
                0x008023d4        0x4 ../src/range_algs.o
 .bss.b_baseline
                0x008023d8        0x2 ../src/rgb_sensor.o
 .bss.g_baseline
                0x008023da        0x2 ../src/rgb_sensor.o
 .bss.r_baseline
                0x008023dc        0x2 ../src/rgb_sensor.o
 .bss.task_storage_arr
                0x008023de       0x8c ../src/scheduler.o
 *(COMMON)
 COMMON         0x0080246a      0x225 ../user_template.o
                0x0080246a                droplet_ID
                0x0080246c                rtc_epoch
                0x0080246e                myPosCovar
                0x0080247a                reprogramming
                0x0080247b                hpIrBlock_bm
                0x0080247c                num_tasks
                0x0080247d                obsStart
                0x0080247f                twiMaster
                0x00802498                cmdArrivalDir
                0x00802499                last_good_rnb
                0x008024a1                memoryConsumedByBuffer
                0x008024a3                rnb_updated
                0x008024a4                mmPerKilostep
                0x008024b4                dataHEX
                0x008024f4                seedFlag
                0x008024f5                processing_rnb_flag
                0x008024f6                numWaitingMsgs
                0x008024f7                cmdSenderId
                0x008024f9                ir_rxtx
                0x00802649                userFacingMessagesOvf
                0x0080264a                motorAdjusts
                0x0080267a                task_executing
                0x0080267b                incomingMsgHead
                0x0080267d                rnbCmdID
                0x0080267f                task_list
                0x00802681                myPos
                0x00802687                twi
                0x00802689                cmdArrivalTime
                0x0080268d                curr_ir_power
 COMMON         0x0080268f        0x4 c:/program files (x86)/atmel/studio/7.0/toolchain/avr8/avr8-gnu-toolchain/bin/../lib/gcc/avr/5.4.0/../../../../avr/lib/avrxmega6\libc.a(malloc.o)
                0x0080268f                __brkval
                0x00802691                __flp
 COMMON         0x00802693        0x6 c:/program files (x86)/atmel/studio/7.0/toolchain/avr8/avr8-gnu-toolchain/bin/../lib/gcc/avr/5.4.0/../../../../avr/lib/avrxmega6\libc.a(iob.o)
                0x00802693                __iob
 COMMON         0x00802699        0x2 c:/program files (x86)/atmel/studio/7.0/toolchain/avr8/avr8-gnu-toolchain/bin/../lib/gcc/avr/5.4.0/../../../../avr/lib/avrxmega6\libc.a(errno.o)
                0x00802699                errno
                0x0080269b                PROVIDE (__bss_end, .)
                0x0000a304                __data_load_start = LOADADDR (.data)
                0x0000a5e0                __data_load_end = (__data_load_start + SIZEOF (.data))

.noinit         0x0080269b        0x0
                [!provide]                PROVIDE (__noinit_start, .)
 *(.noinit*)
                [!provide]                PROVIDE (__noinit_end, .)
                0x0080269b                _end = .
                0x0080269b                PROVIDE (__heap_start, .)

.eeprom         0x00810000        0x0
 *(.eeprom*)
                0x00810000                __eeprom_end = .

.fuse
 *(.fuse)
 *(.lfuse)
 *(.hfuse)
 *(.efuse)

.lock
 *(.lock*)

.signature
 *(.signature*)

.user_signatures
 *(.user_signatures*)

.stab
 *(.stab)

.stabstr
 *(.stabstr)

.stab.excl
 *(.stab.excl)

.stab.exclstr
 *(.stab.exclstr)

.stab.index
 *(.stab.index)

.stab.indexstr
 *(.stab.indexstr)

.comment        0x00000000       0x5c
 *(.comment)
 .comment       0x00000000       0x30 ../user_template.o
                                 0x31 (size before relaxing)
 .comment       0x00000030       0x31 ../src/droplet_base.o
 .comment       0x00000030       0x31 ../src/droplet_init.o
 .comment       0x00000030       0x31 ../src/eeprom_driver.o
 .comment       0x00000030       0x31 ../src/firefly_sync.o
 .comment       0x00000030       0x31 ../src/i2c.o
 .comment       0x00000030       0x31 ../src/ir_comm.o
 .comment       0x00000030       0x31 ../src/ir_led.o
 .comment       0x00000030       0x31 ../src/ir_sensor.o
 .comment       0x00000030       0x31 ../src/localization.o
 .comment       0x00000030       0x31 ../src/motor.o
 .comment       0x00000030       0x31 ../src/nvm.o
 .comment       0x00000030       0x31 ../src/pc_comm.o
 .comment       0x00000030       0x31 ../src/power.o
 .comment       0x00000030       0x31 ../src/random.o
 .comment       0x00000030       0x31 ../src/range_algs.o
 .comment       0x00000030       0x31 ../src/rgb_led.o
 .comment       0x00000030       0x31 ../src/rgb_sensor.o
 .comment       0x00000030       0x31 ../src/scheduler.o
 .comment       0x00000030       0x31 ../src/serial_handler.o
 .comment       0x00000030       0x2c c:/program files (x86)/atmel/studio/7.0/toolchain/avr8/avr8-gnu-toolchain/bin/../lib/gcc/avr/5.4.0/../../../../avr/lib/avrxmega6\libprintf_flt.a(vfprintf_flt.o)
                                 0x2d (size before relaxing)
 .comment       0x0000005c       0x2d c:/program files (x86)/atmel/studio/7.0/toolchain/avr8/avr8-gnu-toolchain/bin/../lib/gcc/avr/5.4.0/../../../../avr/lib/avrxmega6\libscanf_flt.a(vfscanf_flt.o)
 .comment       0x0000005c       0x31 c:/program files (x86)/atmel/studio/7.0/toolchain/avr8/avr8-gnu-toolchain/bin/../lib/gcc/avr/5.4.0/../../../../avr/lib/avrxmega6\libc.a(malloc.o)
 .comment       0x0000005c       0x31 c:/program files (x86)/atmel/studio/7.0/toolchain/avr8/avr8-gnu-toolchain/bin/../lib/gcc/avr/5.4.0/../../../../avr/lib/avrxmega6\libc.a(strtoul.o)
 .comment       0x0000005c       0x31 c:/program files (x86)/atmel/studio/7.0/toolchain/avr8/avr8-gnu-toolchain/bin/../lib/gcc/avr/5.4.0/../../../../avr/lib/avrxmega6\libc.a(strtok.o)
 .comment       0x0000005c       0x31 c:/program files (x86)/atmel/studio/7.0/toolchain/avr8/avr8-gnu-toolchain/bin/../lib/gcc/avr/5.4.0/../../../../avr/lib/avrxmega6\libc.a(fgetc.o)
 .comment       0x0000005c       0x31 c:/program files (x86)/atmel/studio/7.0/toolchain/avr8/avr8-gnu-toolchain/bin/../lib/gcc/avr/5.4.0/../../../../avr/lib/avrxmega6\libc.a(fputc.o)
 .comment       0x0000005c       0x31 c:/program files (x86)/atmel/studio/7.0/toolchain/avr8/avr8-gnu-toolchain/bin/../lib/gcc/avr/5.4.0/../../../../avr/lib/avrxmega6\libc.a(iob.o)
 .comment       0x0000005c       0x31 c:/program files (x86)/atmel/studio/7.0/toolchain/avr8/avr8-gnu-toolchain/bin/../lib/gcc/avr/5.4.0/../../../../avr/lib/avrxmega6\libc.a(printf.o)
 .comment       0x0000005c       0x31 c:/program files (x86)/atmel/studio/7.0/toolchain/avr8/avr8-gnu-toolchain/bin/../lib/gcc/avr/5.4.0/../../../../avr/lib/avrxmega6\libc.a(printf_p.o)
 .comment       0x0000005c       0x31 c:/program files (x86)/atmel/studio/7.0/toolchain/avr8/avr8-gnu-toolchain/bin/../lib/gcc/avr/5.4.0/../../../../avr/lib/avrxmega6\libc.a(putchar.o)
 .comment       0x0000005c       0x31 c:/program files (x86)/atmel/studio/7.0/toolchain/avr8/avr8-gnu-toolchain/bin/../lib/gcc/avr/5.4.0/../../../../avr/lib/avrxmega6\libc.a(puts.o)
 .comment       0x0000005c       0x31 c:/program files (x86)/atmel/studio/7.0/toolchain/avr8/avr8-gnu-toolchain/bin/../lib/gcc/avr/5.4.0/../../../../avr/lib/avrxmega6\libc.a(sprintf.o)
 .comment       0x0000005c       0x31 c:/program files (x86)/atmel/studio/7.0/toolchain/avr8/avr8-gnu-toolchain/bin/../lib/gcc/avr/5.4.0/../../../../avr/lib/avrxmega6\libc.a(ungetc.o)
 .comment       0x0000005c       0x2d c:/program files (x86)/atmel/studio/7.0/toolchain/avr8/avr8-gnu-toolchain/bin/../lib/gcc/avr/5.4.0/../../../../avr/lib/avrxmega6\libc.a(errno.o)

.note.gnu.avr.deviceinfo
                0x00000000       0x40
 .note.gnu.avr.deviceinfo
                0x00000000       0x40 C:/Program Files (x86)/Atmel/Studio/7.0/Packs/atmel/XMEGAA_DFP/1.1.68/gcc/dev/atxmega128a3u/avrxmega6/crtatxmega128a3u.o

.note.gnu.build-id
 *(.note.gnu.build-id)

.debug
 *(.debug)

.line
 *(.line)

.debug_srcinfo
 *(.debug_srcinfo)

.debug_sfnames
 *(.debug_sfnames)

.debug_aranges  0x00000000      0x708
 *(.debug_aranges)
 .debug_aranges
                0x00000000       0x30 ../user_template.o
 .debug_aranges
                0x00000030       0x20 ../src/droplet_base.o
 .debug_aranges
                0x00000050       0x50 ../src/droplet_init.o
 .debug_aranges
                0x000000a0       0x58 ../src/eeprom_driver.o
 .debug_aranges
                0x000000f8       0x70 ../src/firefly_sync.o
 .debug_aranges
                0x00000168       0x48 ../src/i2c.o
 .debug_aranges
                0x000001b0      0x128 ../src/ir_comm.o
 .debug_aranges
                0x000002d8       0x38 ../src/ir_led.o
 .debug_aranges
                0x00000310       0x48 ../src/ir_sensor.o
 .debug_aranges
                0x00000358       0x80 ../src/localization.o
 .debug_aranges
                0x000003d8       0x78 ../src/motor.o
 .debug_aranges
                0x00000450       0x30 ../src/nvm.o
 .debug_aranges
                0x00000480       0x30 ../src/pc_comm.o
 .debug_aranges
                0x000004b0       0x48 ../src/power.o
 .debug_aranges
                0x000004f8       0x48 ../src/random.o
 .debug_aranges
                0x00000540       0x60 ../src/range_algs.o
 .debug_aranges
                0x000005a0       0x40 ../src/rgb_led.o
 .debug_aranges
                0x000005e0       0x48 ../src/rgb_sensor.o
 .debug_aranges
                0x00000628       0x70 ../src/scheduler.o
 .debug_aranges
                0x00000698       0x28 ../src/serial_handler.o
 .debug_aranges
                0x000006c0       0x20 ../src/droplet_base_asm.o
 .debug_aranges
                0x000006e0       0x28 ../src/nvm_asm.o

.debug_pubnames
 *(.debug_pubnames)

.debug_info     0x00000000    0x1ba94
 *(.debug_info .gnu.linkonce.wi.*)
 .debug_info    0x00000000     0x3409 C:/Program Files (x86)/Atmel/Studio/7.0/Packs/atmel/XMEGAA_DFP/1.1.68/gcc/dev/atxmega128a3u/avrxmega6/crtatxmega128a3u.o
 .debug_info    0x00003409      0x96e ../user_template.o
 .debug_info    0x00003d77      0x1ce ../src/droplet_base.o
 .debug_info    0x00003f45     0x1e68 ../src/droplet_init.o
 .debug_info    0x00005dad      0x661 ../src/eeprom_driver.o
 .debug_info    0x0000640e     0x1fc8 ../src/firefly_sync.o
 .debug_info    0x000083d6      0xcb4 ../src/i2c.o
 .debug_info    0x0000908a     0x3091 ../src/ir_comm.o
 .debug_info    0x0000c11b      0xaba ../src/ir_led.o
 .debug_info    0x0000cbd5     0x15f7 ../src/ir_sensor.o
 .debug_info    0x0000e1cc     0x2e37 ../src/localization.o
 .debug_info    0x00011003     0x1726 ../src/motor.o
 .debug_info    0x00012729      0x648 ../src/nvm.o
 .debug_info    0x00012d71      0xd3a ../src/pc_comm.o
 .debug_info    0x00013aab      0x73d ../src/power.o
 .debug_info    0x000141e8      0x80c ../src/random.o
 .debug_info    0x000149f4     0x1d6a ../src/range_algs.o
 .debug_info    0x0001675e      0xb50 ../src/rgb_led.o
 .debug_info    0x000172ae      0xf18 ../src/rgb_sensor.o
 .debug_info    0x000181c6      0xe72 ../src/scheduler.o
 .debug_info    0x00019038     0x2945 ../src/serial_handler.o
 .debug_info    0x0001b97d       0x92 ../src/droplet_base_asm.o
 .debug_info    0x0001ba0f       0x85 ../src/nvm_asm.o

.debug_abbrev   0x00000000     0x72c6
 *(.debug_abbrev)
 .debug_abbrev  0x00000000     0x3148 C:/Program Files (x86)/Atmel/Studio/7.0/Packs/atmel/XMEGAA_DFP/1.1.68/gcc/dev/atxmega128a3u/avrxmega6/crtatxmega128a3u.o
 .debug_abbrev  0x00003148      0x1ca ../user_template.o
 .debug_abbrev  0x00003312      0x11d ../src/droplet_base.o
 .debug_abbrev  0x0000342f      0x4b2 ../src/droplet_init.o
 .debug_abbrev  0x000038e1      0x222 ../src/eeprom_driver.o
 .debug_abbrev  0x00003b03      0x3c5 ../src/firefly_sync.o
 .debug_abbrev  0x00003ec8      0x30c ../src/i2c.o
 .debug_abbrev  0x000041d4      0x608 ../src/ir_comm.o
 .debug_abbrev  0x000047dc      0x1b7 ../src/ir_led.o
 .debug_abbrev  0x00004993      0x3ee ../src/ir_sensor.o
 .debug_abbrev  0x00004d81      0x4e6 ../src/localization.o
 .debug_abbrev  0x00005267      0x422 ../src/motor.o
 .debug_abbrev  0x00005689      0x24b ../src/nvm.o
 .debug_abbrev  0x000058d4      0x2cb ../src/pc_comm.o
 .debug_abbrev  0x00005b9f      0x27e ../src/power.o
 .debug_abbrev  0x00005e1d      0x2a1 ../src/random.o
 .debug_abbrev  0x000060be      0x4a9 ../src/range_algs.o
 .debug_abbrev  0x00006567      0x202 ../src/rgb_led.o
 .debug_abbrev  0x00006769      0x2e5 ../src/rgb_sensor.o
 .debug_abbrev  0x00006a4e      0x459 ../src/scheduler.o
 .debug_abbrev  0x00006ea7      0x3f9 ../src/serial_handler.o
 .debug_abbrev  0x000072a0       0x14 ../src/droplet_base_asm.o
 .debug_abbrev  0x000072b4       0x12 ../src/nvm_asm.o

.debug_line     0x00000000     0x7701
 *(.debug_line .debug_line.* .debug_line_end)
 .debug_line    0x00000000      0x39d C:/Program Files (x86)/Atmel/Studio/7.0/Packs/atmel/XMEGAA_DFP/1.1.68/gcc/dev/atxmega128a3u/avrxmega6/crtatxmega128a3u.o
 .debug_line    0x0000039d      0x1d5 ../user_template.o
 .debug_line    0x00000572      0x15c ../src/droplet_base.o
 .debug_line    0x000006ce      0xb4c ../src/droplet_init.o
 .debug_line    0x0000121a      0x373 ../src/eeprom_driver.o
 .debug_line    0x0000158d      0x590 ../src/firefly_sync.o
 .debug_line    0x00001b1d      0x406 ../src/i2c.o
 .debug_line    0x00001f23     0x10ef ../src/ir_comm.o
 .debug_line    0x00003012      0x28f ../src/ir_led.o
 .debug_line    0x000032a1      0x4f5 ../src/ir_sensor.o
 .debug_line    0x00003796      0xc67 ../src/localization.o
 .debug_line    0x000043fd      0x5a5 ../src/motor.o
 .debug_line    0x000049a2      0x2b5 ../src/nvm.o
 .debug_line    0x00004c57      0x2e2 ../src/pc_comm.o
 .debug_line    0x00004f39      0x44b ../src/power.o
 .debug_line    0x00005384      0x2c0 ../src/random.o
 .debug_line    0x00005644      0x87b ../src/range_algs.o
 .debug_line    0x00005ebf      0x277 ../src/rgb_led.o
 .debug_line    0x00006136      0x43f ../src/rgb_sensor.o
 .debug_line    0x00006575      0x895 ../src/scheduler.o
 .debug_line    0x00006e0a      0x77e ../src/serial_handler.o
 .debug_line    0x00007588       0x6f ../src/droplet_base_asm.o
 .debug_line    0x000075f7      0x10a ../src/nvm_asm.o

.debug_frame    0x00000000     0x27c0
 *(.debug_frame)
 .debug_frame   0x00000000       0x44 ../user_template.o
 .debug_frame   0x00000044       0x3c ../src/droplet_base.o
 .debug_frame   0x00000080      0x130 ../src/droplet_init.o
 .debug_frame   0x000001b0       0xe4 ../src/eeprom_driver.o
 .debug_frame   0x00000294      0x250 ../src/firefly_sync.o
 .debug_frame   0x000004e4      0x1b0 ../src/i2c.o
 .debug_frame   0x00000694      0xa68 ../src/ir_comm.o
 .debug_frame   0x000010fc       0x84 ../src/ir_led.o
 .debug_frame   0x00001180      0x160 ../src/ir_sensor.o
 .debug_frame   0x000012e0      0x4b0 ../src/localization.o
 .debug_frame   0x00001790      0x28c ../src/motor.o
 .debug_frame   0x00001a1c       0xd8 ../src/nvm.o
 .debug_frame   0x00001af4       0xb8 ../src/pc_comm.o
 .debug_frame   0x00001bac       0x9c ../src/power.o
 .debug_frame   0x00001c48       0xf0 ../src/random.o
 .debug_frame   0x00001d38      0x318 ../src/range_algs.o
 .debug_frame   0x00002050      0x104 ../src/rgb_led.o
 .debug_frame   0x00002154      0x100 ../src/rgb_sensor.o
 .debug_frame   0x00002254      0x4a4 ../src/scheduler.o
 .debug_frame   0x000026f8       0xc8 ../src/serial_handler.o

.debug_str      0x00000000     0x750f
 *(.debug_str)
 .debug_str     0x00000000     0x223b C:/Program Files (x86)/Atmel/Studio/7.0/Packs/atmel/XMEGAA_DFP/1.1.68/gcc/dev/atxmega128a3u/avrxmega6/crtatxmega128a3u.o
 .debug_str     0x0000223b      0x51c ../user_template.o
                                0x5d2 (size before relaxing)
 .debug_str     0x00002757       0x7a ../src/droplet_base.o
                                0x20d (size before relaxing)
 .debug_str     0x000027d1      0xab0 ../src/droplet_init.o
                               0x10ae (size before relaxing)
 .debug_str     0x00003281       0xfd ../src/eeprom_driver.o
                                0x693 (size before relaxing)
 .debug_str     0x0000337e     0x142a ../src/firefly_sync.o
                               0x1acc (size before relaxing)
 .debug_str     0x000047a8      0x53f ../src/i2c.o
                                0x84a (size before relaxing)
 .debug_str     0x00004ce7      0x79c ../src/ir_comm.o
                               0x1195 (size before relaxing)
 .debug_str     0x00005483      0x226 ../src/ir_led.o
                                0x817 (size before relaxing)
 .debug_str     0x000056a9      0x726 ../src/ir_sensor.o
                                0xe9f (size before relaxing)
 .debug_str     0x00005dcf      0x4a5 ../src/localization.o
                                0xaed (size before relaxing)
 .debug_str     0x00006274      0x1e2 ../src/motor.o
                                0xabf (size before relaxing)
 .debug_str     0x00006456      0x151 ../src/nvm.o
                                0x797 (size before relaxing)
 .debug_str     0x000065a7      0x110 ../src/pc_comm.o
                                0x8bd (size before relaxing)
 .debug_str     0x000066b7      0x227 ../src/power.o
                                0x5a5 (size before relaxing)
 .debug_str     0x000068de       0x85 ../src/random.o
                                0x414 (size before relaxing)
 .debug_str     0x00006963      0x298 ../src/range_algs.o
                                0x8d9 (size before relaxing)
 .debug_str     0x00006bfb       0x58 ../src/rgb_led.o
                                0x787 (size before relaxing)
 .debug_str     0x00006c53      0x179 ../src/rgb_sensor.o
                                0xbfa (size before relaxing)
 .debug_str     0x00006dcc      0x28f ../src/scheduler.o
                                0x7c5 (size before relaxing)
 .debug_str     0x0000705b      0x4b4 ../src/serial_handler.o
                                0xeb6 (size before relaxing)

.debug_loc      0x00000000     0xe5c0
 *(.debug_loc)
 .debug_loc     0x00000000      0x101 ../src/droplet_base.o
 .debug_loc     0x00000101     0x172a ../src/droplet_init.o
 .debug_loc     0x0000182b      0x400 ../src/eeprom_driver.o
 .debug_loc     0x00001c2b      0x80b ../src/firefly_sync.o
 .debug_loc     0x00002436      0xb02 ../src/i2c.o
 .debug_loc     0x00002f38     0x3183 ../src/ir_comm.o
 .debug_loc     0x000060bb      0x193 ../src/ir_led.o
 .debug_loc     0x0000624e      0x7b2 ../src/ir_sensor.o
 .debug_loc     0x00006a00     0x23b7 ../src/localization.o
 .debug_loc     0x00008db7      0xa7d ../src/motor.o
 .debug_loc     0x00009834      0x4bb ../src/nvm.o
 .debug_loc     0x00009cef      0x208 ../src/pc_comm.o
 .debug_loc     0x00009ef7      0x285 ../src/power.o
 .debug_loc     0x0000a17c      0x2de ../src/random.o
 .debug_loc     0x0000a45a     0x17f8 ../src/range_algs.o
 .debug_loc     0x0000bc52      0x8b9 ../src/rgb_led.o
 .debug_loc     0x0000c50b      0x52f ../src/rgb_sensor.o
 .debug_loc     0x0000ca3a     0x10e6 ../src/scheduler.o
 .debug_loc     0x0000db20      0xaa0 ../src/serial_handler.o

.debug_macinfo
 *(.debug_macinfo)

.debug_weaknames
 *(.debug_weaknames)

.debug_funcnames
 *(.debug_funcnames)

.debug_typenames
 *(.debug_typenames)

.debug_varnames
 *(.debug_varnames)

.debug_pubtypes
 *(.debug_pubtypes)

.debug_ranges   0x00000000     0x1230
 *(.debug_ranges)
 .debug_ranges  0x00000000       0x20 ../user_template.o
 .debug_ranges  0x00000020       0x10 ../src/droplet_base.o
 .debug_ranges  0x00000030      0x138 ../src/droplet_init.o
 .debug_ranges  0x00000168       0x90 ../src/eeprom_driver.o
 .debug_ranges  0x000001f8       0xa8 ../src/firefly_sync.o
 .debug_ranges  0x000002a0       0xb0 ../src/i2c.o
 .debug_ranges  0x00000350      0x2c8 ../src/ir_comm.o
 .debug_ranges  0x00000618       0x28 ../src/ir_led.o
 .debug_ranges  0x00000640       0xb0 ../src/ir_sensor.o
 .debug_ranges  0x000006f0      0x3c8 ../src/localization.o
 .debug_ranges  0x00000ab8      0x178 ../src/motor.o
 .debug_ranges  0x00000c30       0x20 ../src/nvm.o
 .debug_ranges  0x00000c50       0x40 ../src/pc_comm.o
 .debug_ranges  0x00000c90       0x68 ../src/power.o
 .debug_ranges  0x00000cf8       0x38 ../src/random.o
 .debug_ranges  0x00000d30      0x178 ../src/range_algs.o
 .debug_ranges  0x00000ea8       0x30 ../src/rgb_led.o
 .debug_ranges  0x00000ed8       0x50 ../src/rgb_sensor.o
 .debug_ranges  0x00000f28      0x1d8 ../src/scheduler.o
 .debug_ranges  0x00001100      0x110 ../src/serial_handler.o
 .debug_ranges  0x00001210       0x20 ../src/nvm_asm.o

.debug_macro
 *(.debug_macro)
OUTPUT(My_Droplets.elf elf32-avr)
LOAD linker stubs

.BOOT           0x00020000       0x44
 .BOOT          0x00020000       0x44 ../src/nvm_asm.o
                0x00020000                nvm_common_spm
                0x0002001e                nvm_flash_load_word_to_buffer

.USERCODE       0x0000c000        0xa
 .USERCODE      0x0000c000        0xa ../user_template.o
                0x0000c000                init

Cross Reference Table

Symbol                                            File
EEPROM_erase_all                                  ../src/eeprom_driver.o
EEPROM_erase_page                                 ../src/eeprom_driver.o
EEPROM_read_block                                 ../src/eeprom_driver.o
EEPROM_read_byte                                  ../src/eeprom_driver.o
                                                  ../src/motor.o
EEPROM_write_block                                ../src/eeprom_driver.o
EEPROM_write_byte                                 ../src/eeprom_driver.o
                                                  ../src/motor.o
OrderedBotIDs                                     ../src/droplet_init.o
SEED_IDS                                          ../src/localization.o
SEED_POS                                          ../src/localization.o
__FUSE_REGION_LENGTH__                            C:/Program Files (x86)/Atmel/Studio/7.0/Packs/atmel/XMEGAA_DFP/1.1.68/gcc/dev/atxmega128a3u/avrxmega6/crtatxmega128a3u.o
__addsf3                                          c:/program files (x86)/atmel/studio/7.0/toolchain/avr8/avr8-gnu-toolchain/bin/../lib/gcc/avr/5.4.0/../../../../avr/lib/avrxmega6\libm.a(addsf3.o)
                                                  c:/program files (x86)/atmel/studio/7.0/toolchain/avr8/avr8-gnu-toolchain/bin/../lib/gcc/avr/5.4.0/../../../../avr/lib/avrxmega6\libm.a(log.o)
                                                  c:/program files (x86)/atmel/studio/7.0/toolchain/avr8/avr8-gnu-toolchain/bin/../lib/gcc/avr/5.4.0/../../../../avr/lib/avrxmega6\libm.a(atan2.o)
                                                  ../src/range_algs.o
                                                  ../src/random.o
                                                  ../src/matrix_utils.o
                                                  ../src/localization.o
                                                  ../src/firefly_sync.o
__addsf3x                                         c:/program files (x86)/atmel/studio/7.0/toolchain/avr8/avr8-gnu-toolchain/bin/../lib/gcc/avr/5.4.0/../../../../avr/lib/avrxmega6\libm.a(addsf3x.o)
                                                  c:/program files (x86)/atmel/studio/7.0/toolchain/avr8/avr8-gnu-toolchain/bin/../lib/gcc/avr/5.4.0/../../../../avr/lib/avrxmega6\libm.a(log.o)
                                                  c:/program files (x86)/atmel/studio/7.0/toolchain/avr8/avr8-gnu-toolchain/bin/../lib/gcc/avr/5.4.0/../../../../avr/lib/avrxmega6\libm.a(fp_sinus.o)
                                                  c:/program files (x86)/atmel/studio/7.0/toolchain/avr8/avr8-gnu-toolchain/bin/../lib/gcc/avr/5.4.0/../../../../avr/lib/avrxmega6\libm.a(fp_powser.o)
                                                  c:/program files (x86)/atmel/studio/7.0/toolchain/avr8/avr8-gnu-toolchain/bin/../lib/gcc/avr/5.4.0/../../../../avr/lib/avrxmega6\libm.a(atan.o)
                                                  c:/program files (x86)/atmel/studio/7.0/toolchain/avr8/avr8-gnu-toolchain/bin/../lib/gcc/avr/5.4.0/../../../../avr/lib/avrxmega6\libm.a(addsf3.o)
                                                  c:/program files (x86)/atmel/studio/7.0/toolchain/avr8/avr8-gnu-toolchain/bin/../lib/gcc/avr/5.4.0/../../../../avr/lib/avrxmega6\libm.a(acos.o)
__bad_interrupt                                   C:/Program Files (x86)/Atmel/Studio/7.0/Packs/atmel/XMEGAA_DFP/1.1.68/gcc/dev/atxmega128a3u/avrxmega6/crtatxmega128a3u.o
__brkval                                          c:/program files (x86)/atmel/studio/7.0/toolchain/avr8/avr8-gnu-toolchain/bin/../lib/gcc/avr/5.4.0/../../../../avr/lib/avrxmega6\libc.a(malloc.o)
__bss_end                                         c:/program files (x86)/atmel/studio/7.0/toolchain/avr8/avr8-gnu-toolchain/bin/../lib/gcc/avr/5.4.0/avrxmega6\libgcc.a(_clear_bss.o)
__bss_start                                       c:/program files (x86)/atmel/studio/7.0/toolchain/avr8/avr8-gnu-toolchain/bin/../lib/gcc/avr/5.4.0/avrxmega6\libgcc.a(_clear_bss.o)
__cmpsf2                                          c:/program files (x86)/atmel/studio/7.0/toolchain/avr8/avr8-gnu-toolchain/bin/../lib/gcc/avr/5.4.0/../../../../avr/lib/avrxmega6\libm.a(cmpsf2.o)
__ctype_isfalse                                   c:/program files (x86)/atmel/studio/7.0/toolchain/avr8/avr8-gnu-toolchain/bin/../lib/gcc/avr/5.4.0/../../../../avr/lib/avrxmega6\libc.a(cty_isfalse.o)
                                                  c:/program files (x86)/atmel/studio/7.0/toolchain/avr8/avr8-gnu-toolchain/bin/../lib/gcc/avr/5.4.0/../../../../avr/lib/avrxmega6\libc.a(isspace.o)
__ctype_istrue                                    c:/program files (x86)/atmel/studio/7.0/toolchain/avr8/avr8-gnu-toolchain/bin/../lib/gcc/avr/5.4.0/../../../../avr/lib/avrxmega6\libc.a(cty_isfalse.o)
__data_end                                        c:/program files (x86)/atmel/studio/7.0/toolchain/avr8/avr8-gnu-toolchain/bin/../lib/gcc/avr/5.4.0/avrxmega6\libgcc.a(_copy_data.o)
__data_load_start                                 c:/program files (x86)/atmel/studio/7.0/toolchain/avr8/avr8-gnu-toolchain/bin/../lib/gcc/avr/5.4.0/avrxmega6\libgcc.a(_copy_data.o)
__data_start                                      c:/program files (x86)/atmel/studio/7.0/toolchain/avr8/avr8-gnu-toolchain/bin/../lib/gcc/avr/5.4.0/avrxmega6\libgcc.a(_copy_data.o)
__divmodhi4                                       c:/program files (x86)/atmel/studio/7.0/toolchain/avr8/avr8-gnu-toolchain/bin/../lib/gcc/avr/5.4.0/avrxmega6\libgcc.a(_divmodhi4.o)
                                                  ../src/range_algs.o
                                                  ../src/localization.o
__divsf3                                          c:/program files (x86)/atmel/studio/7.0/toolchain/avr8/avr8-gnu-toolchain/bin/../lib/gcc/avr/5.4.0/../../../../avr/lib/avrxmega6\libm.a(divsf3.o)
                                                  c:/program files (x86)/atmel/studio/7.0/toolchain/avr8/avr8-gnu-toolchain/bin/../lib/gcc/avr/5.4.0/../../../../avr/lib/avrxmega6\libm.a(inverse.o)
                                                  ../src/rgb_led.o
                                                  ../src/range_algs.o
                                                  ../src/motor.o
                                                  ../src/matrix_utils.o
                                                  ../src/localization.o
                                                  ../src/firefly_sync.o
__divsf3_pse                                      c:/program files (x86)/atmel/studio/7.0/toolchain/avr8/avr8-gnu-toolchain/bin/../lib/gcc/avr/5.4.0/../../../../avr/lib/avrxmega6\libm.a(divsf3x.o)
                                                  c:/program files (x86)/atmel/studio/7.0/toolchain/avr8/avr8-gnu-toolchain/bin/../lib/gcc/avr/5.4.0/../../../../avr/lib/avrxmega6\libm.a(atan2.o)
__divsf3x                                         c:/program files (x86)/atmel/studio/7.0/toolchain/avr8/avr8-gnu-toolchain/bin/../lib/gcc/avr/5.4.0/../../../../avr/lib/avrxmega6\libm.a(divsf3x.o)
                                                  c:/program files (x86)/atmel/studio/7.0/toolchain/avr8/avr8-gnu-toolchain/bin/../lib/gcc/avr/5.4.0/../../../../avr/lib/avrxmega6\libm.a(divsf3.o)
__do_clear_bss                                    c:/program files (x86)/atmel/studio/7.0/toolchain/avr8/avr8-gnu-toolchain/bin/../lib/gcc/avr/5.4.0/avrxmega6\libgcc.a(_clear_bss.o)
                                                  c:/program files (x86)/atmel/studio/7.0/toolchain/avr8/avr8-gnu-toolchain/bin/../lib/gcc/avr/5.4.0/../../../../avr/lib/avrxmega6\libc.a(errno.o)
                                                  c:/program files (x86)/atmel/studio/7.0/toolchain/avr8/avr8-gnu-toolchain/bin/../lib/gcc/avr/5.4.0/../../../../avr/lib/avrxmega6\libc.a(iob.o)
                                                  c:/program files (x86)/atmel/studio/7.0/toolchain/avr8/avr8-gnu-toolchain/bin/../lib/gcc/avr/5.4.0/../../../../avr/lib/avrxmega6\libc.a(strtok.o)
                                                  c:/program files (x86)/atmel/studio/7.0/toolchain/avr8/avr8-gnu-toolchain/bin/../lib/gcc/avr/5.4.0/../../../../avr/lib/avrxmega6\libc.a(malloc.o)
                                                  ../src/speaker.o
                                                  ../src/serial_handler.o
                                                  ../src/scheduler.o
                                                  ../src/rgb_sensor.o
                                                  ../src/rgb_led.o
                                                  ../src/range_algs.o
                                                  ../src/random.o
                                                  ../src/power.o
                                                  ../src/pc_comm.o
                                                  ../src/nvm.o
                                                  ../src/motor.o
                                                  ../src/mic.o
                                                  ../src/matrix_utils.o
                                                  ../src/localization.o
                                                  ../src/ir_sensor.o
                                                  ../src/ir_led.o
                                                  ../src/ir_comm.o
                                                  ../src/i2c.o
                                                  ../src/firefly_sync.o
                                                  ../src/droplet_init.o
                                                  ../src/droplet_base.o
                                                  ../user_template.o
__do_copy_data                                    c:/program files (x86)/atmel/studio/7.0/toolchain/avr8/avr8-gnu-toolchain/bin/../lib/gcc/avr/5.4.0/avrxmega6\libgcc.a(_copy_data.o)
                                                  c:/program files (x86)/atmel/studio/7.0/toolchain/avr8/avr8-gnu-toolchain/bin/../lib/gcc/avr/5.4.0/../../../../avr/lib/avrxmega6\libc.a(malloc.o)
                                                  ../src/serial_handler.o
                                                  ../src/scheduler.o
                                                  ../src/range_algs.o
                                                  ../src/pc_comm.o
                                                  ../src/nvm.o
                                                  ../src/motor.o
                                                  ../src/matrix_utils.o
                                                  ../src/localization.o
                                                  ../src/ir_sensor.o
                                                  ../src/ir_led.o
                                                  ../src/ir_comm.o
                                                  ../src/droplet_init.o
__eqsf2                                           c:/program files (x86)/atmel/studio/7.0/toolchain/avr8/avr8-gnu-toolchain/bin/../lib/gcc/avr/5.4.0/../../../../avr/lib/avrxmega6\libm.a(cmpsf2.o)
                                                  ../src/matrix_utils.o
__fixsfsi                                         c:/program files (x86)/atmel/studio/7.0/toolchain/avr8/avr8-gnu-toolchain/bin/../lib/gcc/avr/5.4.0/../../../../avr/lib/avrxmega6\libm.a(fixsfsi.o)
                                                  ../src/range_algs.o
                                                  ../src/localization.o
__fixunssfsi                                      c:/program files (x86)/atmel/studio/7.0/toolchain/avr8/avr8-gnu-toolchain/bin/../lib/gcc/avr/5.4.0/../../../../avr/lib/avrxmega6\libm.a(fixunssfsi.o)
                                                  c:/program files (x86)/atmel/studio/7.0/toolchain/avr8/avr8-gnu-toolchain/bin/../lib/gcc/avr/5.4.0/../../../../avr/lib/avrxmega6\libm.a(fixsfsi.o)
                                                  ../src/rgb_led.o
                                                  ../src/range_algs.o
                                                  ../src/motor.o
                                                  ../src/localization.o
                                                  ../src/ir_comm.o
                                                  ../src/firefly_sync.o
__floatsisf                                       c:/program files (x86)/atmel/studio/7.0/toolchain/avr8/avr8-gnu-toolchain/bin/../lib/gcc/avr/5.4.0/../../../../avr/lib/avrxmega6\libm.a(floatsisf.o)
                                                  c:/program files (x86)/atmel/studio/7.0/toolchain/avr8/avr8-gnu-toolchain/bin/../lib/gcc/avr/5.4.0/../../../../avr/lib/avrxmega6\libm.a(log.o)
                                                  ../src/rgb_led.o
                                                  ../src/range_algs.o
                                                  ../src/localization.o